Archive member included to satisfy reference by file (symbol)

C:/ST/STM32CubeIDE_1.16.1/STM32CubeIDE/plugins/com.st.stm32cube.ide.mcu.externaltools.gnu-tools-for-stm32.12.3.rel1.win32_1.0.200.202406191623/tools/bin/../lib/gcc/arm-none-eabi/12.3.1/../../../../arm-none-eabi/lib/thumb/v7e-m+fp/hard\libc_nano.a(libc_a-exit.o)
                              C:/ST/STM32CubeIDE_1.16.1/STM32CubeIDE/plugins/com.st.stm32cube.ide.mcu.externaltools.gnu-tools-for-stm32.12.3.rel1.win32_1.0.200.202406191623/tools/bin/../lib/gcc/arm-none-eabi/12.3.1/../../../../arm-none-eabi/lib/thumb/v7e-m+fp/hard/crt0.o (exit)
C:/ST/STM32CubeIDE_1.16.1/STM32CubeIDE/plugins/com.st.stm32cube.ide.mcu.externaltools.gnu-tools-for-stm32.12.3.rel1.win32_1.0.200.202406191623/tools/bin/../lib/gcc/arm-none-eabi/12.3.1/../../../../arm-none-eabi/lib/thumb/v7e-m+fp/hard\libc_nano.a(libc_a-findfp.o)
                              C:/ST/STM32CubeIDE_1.16.1/STM32CubeIDE/plugins/com.st.stm32cube.ide.mcu.externaltools.gnu-tools-for-stm32.12.3.rel1.win32_1.0.200.202406191623/tools/bin/../lib/gcc/arm-none-eabi/12.3.1/../../../../arm-none-eabi/lib/thumb/v7e-m+fp/hard\libc_nano.a(libc_a-exit.o) (__stdio_exit_handler)
C:/ST/STM32CubeIDE_1.16.1/STM32CubeIDE/plugins/com.st.stm32cube.ide.mcu.externaltools.gnu-tools-for-stm32.12.3.rel1.win32_1.0.200.202406191623/tools/bin/../lib/gcc/arm-none-eabi/12.3.1/../../../../arm-none-eabi/lib/thumb/v7e-m+fp/hard\libc_nano.a(libc_a-fwalk.o)
                              C:/ST/STM32CubeIDE_1.16.1/STM32CubeIDE/plugins/com.st.stm32cube.ide.mcu.externaltools.gnu-tools-for-stm32.12.3.rel1.win32_1.0.200.202406191623/tools/bin/../lib/gcc/arm-none-eabi/12.3.1/../../../../arm-none-eabi/lib/thumb/v7e-m+fp/hard\libc_nano.a(libc_a-findfp.o) (_fwalk_sglue)
C:/ST/STM32CubeIDE_1.16.1/STM32CubeIDE/plugins/com.st.stm32cube.ide.mcu.externaltools.gnu-tools-for-stm32.12.3.rel1.win32_1.0.200.202406191623/tools/bin/../lib/gcc/arm-none-eabi/12.3.1/../../../../arm-none-eabi/lib/thumb/v7e-m+fp/hard\libc_nano.a(libc_a-snprintf.o)
                              ./Core/Src/main.o (snprintf)
C:/ST/STM32CubeIDE_1.16.1/STM32CubeIDE/plugins/com.st.stm32cube.ide.mcu.externaltools.gnu-tools-for-stm32.12.3.rel1.win32_1.0.200.202406191623/tools/bin/../lib/gcc/arm-none-eabi/12.3.1/../../../../arm-none-eabi/lib/thumb/v7e-m+fp/hard\libc_nano.a(libc_a-sprintf.o)
                              ./Core/Src/main.o (sprintf)
C:/ST/STM32CubeIDE_1.16.1/STM32CubeIDE/plugins/com.st.stm32cube.ide.mcu.externaltools.gnu-tools-for-stm32.12.3.rel1.win32_1.0.200.202406191623/tools/bin/../lib/gcc/arm-none-eabi/12.3.1/../../../../arm-none-eabi/lib/thumb/v7e-m+fp/hard\libc_nano.a(libc_a-stdio.o)
                              C:/ST/STM32CubeIDE_1.16.1/STM32CubeIDE/plugins/com.st.stm32cube.ide.mcu.externaltools.gnu-tools-for-stm32.12.3.rel1.win32_1.0.200.202406191623/tools/bin/../lib/gcc/arm-none-eabi/12.3.1/../../../../arm-none-eabi/lib/thumb/v7e-m+fp/hard\libc_nano.a(libc_a-findfp.o) (__sread)
C:/ST/STM32CubeIDE_1.16.1/STM32CubeIDE/plugins/com.st.stm32cube.ide.mcu.externaltools.gnu-tools-for-stm32.12.3.rel1.win32_1.0.200.202406191623/tools/bin/../lib/gcc/arm-none-eabi/12.3.1/../../../../arm-none-eabi/lib/thumb/v7e-m+fp/hard\libc_nano.a(libc_a-memset.o)
                              C:/ST/STM32CubeIDE_1.16.1/STM32CubeIDE/plugins/com.st.stm32cube.ide.mcu.externaltools.gnu-tools-for-stm32.12.3.rel1.win32_1.0.200.202406191623/tools/bin/../lib/gcc/arm-none-eabi/12.3.1/../../../../arm-none-eabi/lib/thumb/v7e-m+fp/hard/crt0.o (memset)
C:/ST/STM32CubeIDE_1.16.1/STM32CubeIDE/plugins/com.st.stm32cube.ide.mcu.externaltools.gnu-tools-for-stm32.12.3.rel1.win32_1.0.200.202406191623/tools/bin/../lib/gcc/arm-none-eabi/12.3.1/../../../../arm-none-eabi/lib/thumb/v7e-m+fp/hard\libc_nano.a(libc_a-closer.o)
                              C:/ST/STM32CubeIDE_1.16.1/STM32CubeIDE/plugins/com.st.stm32cube.ide.mcu.externaltools.gnu-tools-for-stm32.12.3.rel1.win32_1.0.200.202406191623/tools/bin/../lib/gcc/arm-none-eabi/12.3.1/../../../../arm-none-eabi/lib/thumb/v7e-m+fp/hard\libc_nano.a(libc_a-stdio.o) (_close_r)
C:/ST/STM32CubeIDE_1.16.1/STM32CubeIDE/plugins/com.st.stm32cube.ide.mcu.externaltools.gnu-tools-for-stm32.12.3.rel1.win32_1.0.200.202406191623/tools/bin/../lib/gcc/arm-none-eabi/12.3.1/../../../../arm-none-eabi/lib/thumb/v7e-m+fp/hard\libc_nano.a(libc_a-reent.o)
                              C:/ST/STM32CubeIDE_1.16.1/STM32CubeIDE/plugins/com.st.stm32cube.ide.mcu.externaltools.gnu-tools-for-stm32.12.3.rel1.win32_1.0.200.202406191623/tools/bin/../lib/gcc/arm-none-eabi/12.3.1/../../../../arm-none-eabi/lib/thumb/v7e-m+fp/hard\libc_nano.a(libc_a-closer.o) (errno)
C:/ST/STM32CubeIDE_1.16.1/STM32CubeIDE/plugins/com.st.stm32cube.ide.mcu.externaltools.gnu-tools-for-stm32.12.3.rel1.win32_1.0.200.202406191623/tools/bin/../lib/gcc/arm-none-eabi/12.3.1/../../../../arm-none-eabi/lib/thumb/v7e-m+fp/hard\libc_nano.a(libc_a-impure.o)
[...]
Memory Configuration

Name             Origin             Length             Attributes
CCMRAM           0x10000000         0x00010000         xrw
RAM              0x20000000         0x00020000         xrw
FLASH            0x08000000         0x00100000         xr
*default*        0x00000000         0xffffffff

Linker script and memory map

LOAD C:/ST/STM32CubeIDE_1.16.1/STM32CubeIDE/plugins/com.st.stm32cube.ide.mcu.externaltools.gnu-tools-for-stm32.12.3.rel1.win32_1.0.200.202406191623/tools/bin/../lib/gcc/arm-none-eabi/12.3.1/thumb/v7e-m+fp/hard/crti.o
LOAD C:/ST/STM32CubeIDE_1.16.1/STM32CubeIDE/plugins/com.st.stm32cube.ide.mcu.externaltools.gnu-tools-for-stm32.12.3.rel1.win32_1.0.200.202406191623/tools/bin/../lib/gcc/arm-none-eabi/12.3.1/thumb/v7e-m+fp/hard/crtbegin.o
LOAD C:/ST/STM32CubeIDE_1.16.1/STM32CubeIDE/plugins/com.st.stm32cube.ide.mcu.externaltools.gnu-tools-for-stm32.12.3.rel1.win32_1.0.200.202406191623/tools/bin/../lib/gcc/arm-none-eabi/12.3.1/../../../../arm-none-eabi/lib/thumb/v7e-m+fp/hard/crt0.o
LOAD ./Core/Src/adc.o
LOAD ./Core/Src/can.o
LOAD ./Core/Src/dma.o
LOAD ./Core/Src/gpio.o
LOAD ./Core/Src/i2c.o
LOAD ./Core/Src/main.o
LOAD ./Core/Src/rtc.o
LOAD ./Core/Src/stm32f4xx_hal_msp.o
LOAD ./Core/Src/stm32f4xx_it.o
LOAD ./Core/Src/syscalls.o
LOAD ./Core/Src/sysmem.o
LOAD ./Core/Src/system_stm32f4xx.o
LOAD ./Core/Src/tim.o
LOAD ./Core/Src/usart.o
LOAD ./Core/Startup/startup_stm32f407vgtx.o
LOAD ./Drivers/STM32F4xx_HAL_Driver/Src/stm32f4xx_hal.o
LOAD ./Drivers/STM32F4xx_HAL_Driver/Src/stm32f4xx_hal_adc.o
LOAD ./Drivers/STM32F4xx_HAL_Driver/Src/stm32f4xx_hal_adc_ex.o
LOAD ./Drivers/STM32F4xx_HAL_Driver/Src/stm32f4xx_hal_can.o
LOAD ./Drivers/STM32F4xx_HAL_Driver/Src/stm32f4xx_hal_cortex.o
LOAD ./Drivers/STM32F4xx_HAL_Driver/Src/stm32f4xx_hal_dma.o
LOAD ./Drivers/STM32F4xx_HAL_Driver/Src/stm32f4xx_hal_dma_ex.o
LOAD ./Drivers/STM32F4xx_HAL_Driver/Src/stm32f4xx_hal_exti.o
LOAD ./Drivers/STM32F4xx_HAL_Driver/Src/stm32f4xx_hal_flash.o
LOAD ./Drivers/STM32F4xx_HAL_Driver/Src/stm32f4xx_hal_flash_ex.o
LOAD ./Drivers/STM32F4xx_HAL_Driver/Src/stm32f4xx_hal_flash_ramfunc.o
LOAD ./Drivers/STM32F4xx_HAL_Driver/Src/stm32f4xx_hal_gpio.o
LOAD ./Drivers/STM32F4xx_HAL_Driver/Src/stm32f4xx_hal_i2c.o
LOAD ./Drivers/STM32F4xx_HAL_Driver/Src/stm32f4xx_hal_i2c_ex.o
LOAD ./Drivers/STM32F4xx_HAL_Driver/Src/stm32f4xx_hal_pcd.o
LOAD ./Drivers/STM32F4xx_HAL_Driver/Src/stm32f4xx_hal_pcd_ex.o
LOAD ./Drivers/STM32F4xx_HAL_Driver/Src/stm32f4xx_hal_pwr.o
LOAD ./Drivers/STM32F4xx_HAL_Driver/Src/stm32f4xx_hal_pwr_ex.o
LOAD ./Drivers/STM32F4xx_HAL_Driver/Src/stm32f4xx_hal_rcc.o
LOAD ./Drivers/STM32F4xx_HAL_Driver/Src/stm32f4xx_hal_rcc_ex.o
LOAD ./Drivers/STM32F4xx_HAL_Driver/Src/stm32f4xx_hal_rtc.o
LOAD ./Drivers/STM32F4xx_HAL_Driver/Src/stm32f4xx_hal_rtc_ex.o
LOAD ./Drivers/STM32F4xx_HAL_Driver/Src/stm32f4xx_hal_tim.o
LOAD ./Drivers/STM32F4xx_HAL_Driver/Src/stm32f4xx_hal_tim_ex.o
LOAD ./Drivers/STM32F4xx_HAL_Driver/Src/stm32f4xx_hal_uart.o
LOAD ./Drivers/STM32F4xx_HAL_Driver/Src/stm32f4xx_ll_adc.o
LOAD ./Drivers/STM32F4xx_HAL_Driver/Src/stm32f4xx_ll_usb.o
LOAD ./Middlewares/ST/STM32_USB_Device_Library/Class/CDC/Src/usbd_cdc.o
LOAD ./Middlewares/ST/STM32_USB_Device_Library/Core/Src/usbd_core.o
LOAD ./Middlewares/ST/STM32_USB_Device_Library/Core/Src/usbd_ctlreq.o
LOAD ./Middlewares/ST/STM32_USB_Device_Library/Core/Src/usbd_ioreq.o
LOAD ./USB_DEVICE/App/usb_device.o
LOAD ./USB_DEVICE/App/usbd_cdc_if.o
LOAD ./USB_DEVICE/App/usbd_desc.o
LOAD ./USB_DEVICE/Target/usbd_conf.o
LOAD ./User_functions/Encoder.o
LOAD ./User_functions/format_out.o
LOAD ./User_functions/lcd.o
START GROUP
LOAD C:/ST/STM32CubeIDE_1.16.1/STM32CubeIDE/plugins/com.st.stm32cube.ide.mcu.externaltools.gnu-tools-for-stm32.12.3.rel1.win32_1.0.200.202406191623/tools/bin/../lib/gcc/arm-none-eabi/12.3.1/../../../../arm-none-eabi/lib/thumb/v7e-m+fp/hard\libc_nano.a
LOAD C:/ST/STM32CubeIDE_1.16.1/STM32CubeIDE/plugins/com.st.stm32cube.ide.mcu.externaltools.gnu-tools-for-stm32.12.3.rel1.win32_1.0.200.202406191623/tools/bin/../lib/gcc/arm-none-eabi/12.3.1/../../../../arm-none-eabi/lib/thumb/v7e-m+fp/hard\libm.a
END GROUP
START GROUP
LOAD C:/ST/STM32CubeIDE_1.16.1/STM32CubeIDE/plugins/com.st.stm32cube.ide.mcu.externaltools.gnu-tools-for-stm32.12.3.rel1.win32_1.0.200.202406191623/tools/bin/../lib/gcc/arm-none-eabi/12.3.1/thumb/v7e-m+fp/hard\libgcc.a
LOAD C:/ST/STM32CubeIDE_1.16.1/STM32CubeIDE/plugins/com.st.stm32cube.ide.mcu.externaltools.gnu-tools-for-stm32.12.3.rel1.win32_1.0.200.202406191623/tools/bin/../lib/gcc/arm-none-eabi/12.3.1/../../../../arm-none-eabi/lib/thumb/v7e-m+fp/hard\libc_nano.a
END GROUP
START GROUP
LOAD C:/ST/STM32CubeIDE_1.16.1/STM32CubeIDE/plugins/com.st.stm32cube.ide.mcu.externaltools.gnu-tools-for-stm32.12.3.rel1.win32_1.0.200.202406191623/tools/bin/../lib/gcc/arm-none-eabi/12.3.1/thumb/v7e-m+fp/hard\libgcc.a
LOAD C:/ST/STM32CubeIDE_1.16.1/STM32CubeIDE/plugins/com.st.stm32cube.ide.mcu.externaltools.gnu-tools-for-stm32.12.3.rel1.win32_1.0.200.202406191623/tools/bin/../lib/gcc/arm-none-eabi/12.3.1/../../../../arm-none-eabi/lib/thumb/v7e-m+fp/hard\libc_nano.a
LOAD C:/ST/STM32CubeIDE_1.16.1/STM32CubeIDE/plugins/com.st.stm32cube.ide.mcu.externaltools.gnu-tools-for-stm32.12.3.rel1.win32_1.0.200.202406191623/tools/bin/../lib/gcc/arm-none-eabi/12.3.1/../../../../arm-none-eabi/lib/thumb/v7e-m+fp/hard\libnosys.a
END GROUP
START GROUP
LOAD C:/ST/STM32CubeIDE_1.16.1/STM32CubeIDE/plugins/com.st.stm32cube.ide.mcu.externaltools.gnu-tools-for-stm32.12.3.rel1.win32_1.0.200.202406191623/tools/bin/../lib/gcc/arm-none-eabi/12.3.1/thumb/v7e-m+fp/hard\libgcc.a
LOAD C:/ST/STM32CubeIDE_1.16.1/STM32CubeIDE/plugins/com.st.stm32cube.ide.mcu.externaltools.gnu-tools-for-stm32.12.3.rel1.win32_1.0.200.202406191623/tools/bin/../lib/gcc/arm-none-eabi/12.3.1/../../../../arm-none-eabi/lib/thumb/v7e-m+fp/hard\libc_nano.a
LOAD C:/ST/STM32CubeIDE_1.16.1/STM32CubeIDE/plugins/com.st.stm32cube.ide.mcu.externaltools.gnu-tools-for-stm32.12.3.rel1.win32_1.0.200.202406191623/tools/bin/../lib/gcc/arm-none-eabi/12.3.1/../../../../arm-none-eabi/lib/thumb/v7e-m+fp/hard\libnosys.a
END GROUP
LOAD C:/ST/STM32CubeIDE_1.16.1/STM32CubeIDE/plugins/com.st.stm32cube.ide.mcu.externaltools.gnu-tools-for-stm32.12.3.rel1.win32_1.0.200.202406191623/tools/bin/../lib/gcc/arm-none-eabi/12.3.1/thumb/v7e-m+fp/hard/crtend.o
LOAD C:/ST/STM32CubeIDE_1.16.1/STM32CubeIDE/plugins/com.st.stm32cube.ide.mcu.externaltools.gnu-tools-for-stm32.12.3.rel1.win32_1.0.200.202406191623/tools/bin/../lib/gcc/arm-none-eabi/12.3.1/thumb/v7e-m+fp/hard/crtn.o
                0x20020000                        _estack = (ORIGIN (RAM) + LENGTH (RAM))
                0x00000800                        _Min_Heap_Size = 0x800
                0x00000800                        _Min_Stack_Size = 0x800

.isr_vector     0x08000000      0x188
                0x08000000                        . = ALIGN (0x4)
 *(.isr_vector)
 .isr_vector    0x08000000      0x188 ./Core/Startup/startup_stm32f407vgtx.o
                0x08000000                g_pfnVectors
                0x08000188                        . = ALIGN (0x4)

.text           0x08000190    0x10d9c
                0x08000190                        . = ALIGN (0x4)
 *(.text)
 .text          0x08000190       0x40 C:/ST/STM32CubeIDE_1.16.1/STM32CubeIDE/plugins/com.st.stm32cube.ide.mcu.externaltools.gnu-tools-for-stm32.12.3.rel1.win32_1.0.200.202406191623/tools/bin/../lib/gcc/arm-none-eabi/12.3.1/thumb/v7e-m+fp/hard/crtbegin.o
 .text          0x080001d0       0xa0 C:/ST/STM32CubeIDE_1.16.1/STM32CubeIDE/plugins/com.st.stm32cube.ide.mcu.externaltools.gnu-tools-for-stm32.12.3.rel1.win32_1.0.200.202406191623/tools/bin/../lib/gcc/arm-none-eabi/12.3.1/../../../../arm-none-eabi/lib/thumb/v7e-m+fp/hard\libc_nano.a(libc_a-memchr.o)
                0x080001d0                memchr
 .text          0x08000270       0x30 C:/ST/STM32CubeIDE_1.16.1/STM32CubeIDE/plugins/com.st.stm32cube.ide.mcu.externaltools.gnu-tools-for-stm32.12.3.rel1.win32_1.0.200.202406191623/tools/bin/../lib/gcc/arm-none-eabi/12.3.1/thumb/v7e-m+fp/hard\libgcc.a(_aeabi_uldivmod.o)
                0x08000270                __aeabi_uldivmod
 .text          0x080002a0      0x2bc C:/ST/STM32CubeIDE_1.16.1/STM32CubeIDE/plugins/com.st.stm32cube.ide.mcu.externaltools.gnu-tools-for-stm32.12.3.rel1.win32_1.0.200.202406191623/tools/bin/../lib/gcc/arm-none-eabi/12.3.1/thumb/v7e-m+fp/hard\libgcc.a(_udivmoddi4.o)
                0x080002a0                __udivmoddi4
 .text          0x0800055c        0x4 C:/ST/STM32CubeIDE_1.16.1/STM32CubeIDE/plugins/com.st.stm32cube.ide.mcu.externaltools.gnu-tools-for-stm32.12.3.rel1.win32_1.0.200.202406191623/tools/bin/../lib/gcc/arm-none-eabi/12.3.1/thumb/v7e-m+fp/hard\libgcc.a(_dvmd_tls.o)
                0x0800055c                __aeabi_idiv0
                0x0800055c                __aeabi_ldiv0
 *(.text*)
 .text.MX_ADC1_Init
                0x08000560       0xa4 ./Core/Src/adc.o
                0x08000560                MX_ADC1_Init
 .text.HAL_ADC_MspInit
                0x08000604       0xb4 ./Core/Src/adc.o
                0x08000604                HAL_ADC_MspInit
 .text.MX_CAN1_Init
                0x080006b8       0x6c ./Core/Src/can.o
                0x080006b8                MX_CAN1_Init
 .text.HAL_CAN_MspInit
                0x08000724      0x1c0 ./Core/Src/can.o
                0x08000724                HAL_CAN_MspInit
 .text.MX_DMA_Init
                0x080008e4      0x1f8 ./Core/Src/dma.o
                0x080008e4                MX_DMA_Init
 .text.MX_GPIO_Init
                0x08000adc      0x1a0 ./Core/Src/gpio.o
                0x08000adc                MX_GPIO_Init
 .text.MX_I2C1_Init
                0x08000c7c       0x5c ./Core/Src/i2c.o
                0x08000c7c                MX_I2C1_Init
 .text.HAL_I2C_MspInit
                0x08000cd8       0xb0 ./Core/Src/i2c.o
                0x08000cd8                HAL_I2C_MspInit
 .text.HAL_CAN_RxFifo0MsgPendingCallback
                0x08000d88       0xc4 ./Core/Src/main.o
                0x08000d88                HAL_CAN_RxFifo0MsgPendingCallback
 .text.HAL_CAN_RxFifo1MsgPendingCallback
                0x08000e4c       0x24 ./Core/Src/main.o
                0x08000e4c                HAL_CAN_RxFifo1MsgPendingCallback
 .text.HAL_CAN_TxMailbox0CompleteCallback
                0x08000e70       0x14 ./Core/Src/main.o
                0x08000e70                HAL_CAN_TxMailbox0CompleteCallback
 .text.HAL_CAN_TxMailbox1CompleteCallback
                0x08000e84       0x14 ./Core/Src/main.o
                0x08000e84                HAL_CAN_TxMailbox1CompleteCallback
 .text.HAL_CAN_TxMailbox2CompleteCallback
                0x08000e98       0x14 ./Core/Src/main.o
                0x08000e98                HAL_CAN_TxMailbox2CompleteCallback
 .text.HAL_CAN_ErrorCallback
                0x08000eac       0x54 ./Core/Src/main.o
                0x08000eac                HAL_CAN_ErrorCallback
 .text.HAL_TIM_PeriodElapsedCallback
                0x08000f00       0x14 ./Core/Src/main.o
                0x08000f00                HAL_TIM_PeriodElapsedCallback
 .text.main     0x08000f14      0x1e0 ./Core/Src/main.o
                0x08000f14                main
 .text.SystemClock_Config
                0x080010f4       0xd8 ./Core/Src/main.o
                0x080010f4                SystemClock_Config
 .text.CAN_interface_Test
                0x080011cc       0xc0 ./Core/Src/main.o
                0x080011cc                CAN_interface_Test
 .text.Board_Name_to_Terminal
                0x0800128c      0x250 ./Core/Src/main.o
                0x0800128c                Board_Name_to_Terminal
 .text.Encoder_to_LCD
                0x080014dc      0x17c ./Core/Src/main.o
                0x080014dc                Encoder_to_LCD
 .text.CAN_Config
                0x08001658       0x78 ./Core/Src/main.o
 .text.Error_Handler
                0x080016d0        0xc ./Core/Src/main.o
                0x080016d0                Error_Handler
 .text.MX_RTC_Init
                0x080016dc       0x4c ./Core/Src/rtc.o
                0x080016dc                MX_RTC_Init
 .text.HAL_RTC_MspInit
                0x08001728       0x64 ./Core/Src/rtc.o
                0x08001728                HAL_RTC_MspInit
 .text.HAL_MspInit
                0x0800178c       0x50 ./Core/Src/stm32f4xx_hal_msp.o
                0x0800178c                HAL_MspInit
 .text.NMI_Handler
                0x080017dc        0x8 ./Core/Src/stm32f4xx_it.o
                0x080017dc                NMI_Handler
 .text.HardFault_Handler
                0x080017e4        0x8 ./Core/Src/stm32f4xx_it.o
                0x080017e4                HardFault_Handler
 .text.MemManage_Handler
                0x080017ec        0x8 ./Core/Src/stm32f4xx_it.o
                0x080017ec                MemManage_Handler
 .text.BusFault_Handler
                0x080017f4        0x8 ./Core/Src/stm32f4xx_it.o
                0x080017f4                BusFault_Handler
 .text.UsageFault_Handler
                0x080017fc        0x8 ./Core/Src/stm32f4xx_it.o
                0x080017fc                UsageFault_Handler
 .text.SVC_Handler
                0x08001804        0xe ./Core/Src/stm32f4xx_it.o
                0x08001804                SVC_Handler
 .text.DebugMon_Handler
                0x08001812        0xe ./Core/Src/stm32f4xx_it.o
                0x08001812                DebugMon_Handler
 .text.PendSV_Handler
                0x08001820        0xe ./Core/Src/stm32f4xx_it.o
                0x08001820                PendSV_Handler
 .text.SysTick_Handler
                0x0800182e        0xc ./Core/Src/stm32f4xx_it.o
                0x0800182e                SysTick_Handler
 *fill*         0x0800183a        0x2 
 .text.DMA1_Stream2_IRQHandler
                0x0800183c       0x14 ./Core/Src/stm32f4xx_it.o
                0x0800183c                DMA1_Stream2_IRQHandler
 .text.DMA1_Stream5_IRQHandler
                0x08001850       0x14 ./Core/Src/stm32f4xx_it.o
                0x08001850                DMA1_Stream5_IRQHandler
 .text.DMA1_Stream6_IRQHandler
                0x08001864       0x14 ./Core/Src/stm32f4xx_it.o
                0x08001864                DMA1_Stream6_IRQHandler
 .text.ADC_IRQHandler
                0x08001878       0x14 ./Core/Src/stm32f4xx_it.o
                0x08001878                ADC_IRQHandler
 .text.CAN1_TX_IRQHandler
                0x0800188c       0x14 ./Core/Src/stm32f4xx_it.o
                0x0800188c                CAN1_TX_IRQHandler
 .text.CAN1_RX0_IRQHandler
                0x080018a0       0x14 ./Core/Src/stm32f4xx_it.o
                0x080018a0                CAN1_RX0_IRQHandler
 .text.CAN1_RX1_IRQHandler
                0x080018b4       0x14 ./Core/Src/stm32f4xx_it.o
                0x080018b4                CAN1_RX1_IRQHandler
 .text.CAN1_SCE_IRQHandler
                0x080018c8       0x14 ./Core/Src/stm32f4xx_it.o
                0x080018c8                CAN1_SCE_IRQHandler
 .text.TIM3_IRQHandler
                0x080018dc       0x14 ./Core/Src/stm32f4xx_it.o
                0x080018dc                TIM3_IRQHandler
 .text.TIM4_IRQHandler
                0x080018f0       0x14 ./Core/Src/stm32f4xx_it.o
                0x080018f0                TIM4_IRQHandler
 .text.I2C1_EV_IRQHandler
                0x08001904       0x14 ./Core/Src/stm32f4xx_it.o
                0x08001904                I2C1_EV_IRQHandler
 .text.I2C1_ER_IRQHandler
                0x08001918       0x14 ./Core/Src/stm32f4xx_it.o
                0x08001918                I2C1_ER_IRQHandler
 .text.USART2_IRQHandler
                0x0800192c       0x14 ./Core/Src/stm32f4xx_it.o
                0x0800192c                USART2_IRQHandler
 .text.RTC_Alarm_IRQHandler
                0x08001940       0x14 ./Core/Src/stm32f4xx_it.o
                0x08001940                RTC_Alarm_IRQHandler
 .text.TIM8_UP_TIM13_IRQHandler
                0x08001954       0x14 ./Core/Src/stm32f4xx_it.o
                0x08001954                TIM8_UP_TIM13_IRQHandler
 .text.TIM6_DAC_IRQHandler
                0x08001968       0x14 ./Core/Src/stm32f4xx_it.o
                0x08001968                TIM6_DAC_IRQHandler
 .text.DMA2_Stream0_IRQHandler
                0x0800197c       0x14 ./Core/Src/stm32f4xx_it.o
                0x0800197c                DMA2_Stream0_IRQHandler
 .text.DMA2_Stream1_IRQHandler
                0x08001990       0x14 ./Core/Src/stm32f4xx_it.o
                0x08001990                DMA2_Stream1_IRQHandler
 .text.DMA2_Stream4_IRQHandler
                0x080019a4       0x14 ./Core/Src/stm32f4xx_it.o
                0x080019a4                DMA2_Stream4_IRQHandler
 .text.CAN2_TX_IRQHandler
                0x080019b8       0x14 ./Core/Src/stm32f4xx_it.o
                0x080019b8                CAN2_TX_IRQHandler
 .text.CAN2_RX0_IRQHandler
                0x080019cc       0x14 ./Core/Src/stm32f4xx_it.o
                0x080019cc                CAN2_RX0_IRQHandler
 .text.CAN2_RX1_IRQHandler
                0x080019e0       0x14 ./Core/Src/stm32f4xx_it.o
                0x080019e0                CAN2_RX1_IRQHandler
 .text.CAN2_SCE_IRQHandler
                0x080019f4       0x14 ./Core/Src/stm32f4xx_it.o
                0x080019f4                CAN2_SCE_IRQHandler
 .text.OTG_FS_IRQHandler
                0x08001a08       0x14 ./Core/Src/stm32f4xx_it.o
                0x08001a08                OTG_FS_IRQHandler
 .text._sbrk    0x08001a1c       0x6c ./Core/Src/sysmem.o
                0x08001a1c                _sbrk
 .text.SystemInit
                0x08001a88       0x24 ./Core/Src/system_stm32f4xx.o
                0x08001a88                SystemInit
 .text.MX_TIM1_Init
                0x08001aac       0xb0 ./Core/Src/tim.o
                0x08001aac                MX_TIM1_Init
 .text.MX_TIM2_Init
                0x08001b5c       0x98 ./Core/Src/tim.o
                0x08001b5c                MX_TIM2_Init
 .text.MX_TIM3_Init
                0x08001bf4       0xa8 ./Core/Src/tim.o
                0x08001bf4                MX_TIM3_Init
 .text.MX_TIM4_Init
                0x08001c9c       0x9c ./Core/Src/tim.o
                0x08001c9c                MX_TIM4_Init
 .text.MX_TIM5_Init
                0x08001d38       0x9c ./Core/Src/tim.o
                0x08001d38                MX_TIM5_Init
 .text.MX_TIM6_Init
                0x08001dd4       0x6c ./Core/Src/tim.o
                0x08001dd4                MX_TIM6_Init
 .text.MX_TIM8_Init
                0x08001e40       0xa0 ./Core/Src/tim.o
                0x08001e40                MX_TIM8_Init
 .text.MX_TIM14_Init
                0x08001ee0       0x48 ./Core/Src/tim.o
                0x08001ee0                MX_TIM14_Init
 .text.HAL_TIM_Encoder_MspInit
                0x08001f28      0x180 ./Core/Src/tim.o
                0x08001f28                HAL_TIM_Encoder_MspInit
 .text.HAL_TIM_Base_MspInit
                0x080020a8      0x1b0 ./Core/Src/tim.o
                0x080020a8                HAL_TIM_Base_MspInit
 .text.HAL_TIM_Base_MspDeInit
                0x08002258       0xd4 ./Core/Src/tim.o
                0x08002258                HAL_TIM_Base_MspDeInit
 .text.MX_USART1_UART_Init
                0x0800232c       0x54 ./Core/Src/usart.o
                0x0800232c                MX_USART1_UART_Init
 .text.MX_USART2_UART_Init
                0x08002380       0x54 ./Core/Src/usart.o
                0x08002380                MX_USART2_UART_Init
 .text.HAL_UART_MspInit
                0x080023d4      0x1d4 ./Core/Src/usart.o
                0x080023d4                HAL_UART_MspInit
 .text.Reset_Handler
                0x080025a8       0x50 ./Core/Startup/startup_stm32f407vgtx.o
                0x080025a8                Reset_Handler
 .text.Default_Handler
                0x080025f8        0x2 ./Core/Startup/startup_stm32f407vgtx.o
                0x080025f8                HASH_RNG_IRQHandler
                0x080025f8                EXTI2_IRQHandler
                0x080025f8                TIM8_CC_IRQHandler
                0x080025f8                TIM1_CC_IRQHandler
                0x080025f8                DMA2_Stream5_IRQHandler
                0x080025f8                PVD_IRQHandler
                0x080025f8                SDIO_IRQHandler
                0x080025f8                TAMP_STAMP_IRQHandler
                0x080025f8                EXTI3_IRQHandler
                0x080025f8                TIM8_TRG_COM_TIM14_IRQHandler
                0x080025f8                TIM1_UP_TIM10_IRQHandler
                0x080025f8                I2C3_ER_IRQHandler
                0x080025f8                EXTI0_IRQHandler
                0x080025f8                I2C2_EV_IRQHandler
                0x080025f8                FPU_IRQHandler
                0x080025f8                OTG_HS_WKUP_IRQHandler
                0x080025f8                DMA2_Stream2_IRQHandler
                0x080025f8                SPI1_IRQHandler
                0x080025f8                TIM1_BRK_TIM9_IRQHandler
                0x080025f8                DCMI_IRQHandler
                0x080025f8                DMA2_Stream3_IRQHandler
                0x080025f8                USART6_IRQHandler
                0x080025f8                USART3_IRQHandler
                0x080025f8                UART5_IRQHandler
                0x080025f8                DMA1_Stream1_IRQHandler
                0x080025f8                UART4_IRQHandler
                0x080025f8                RCC_IRQHandler
                0x080025f8                TIM8_BRK_TIM12_IRQHandler
                0x080025f8                Default_Handler
                0x080025f8                EXTI15_10_IRQHandler
                0x080025f8                DMA1_Stream7_IRQHandler
                0x080025f8                TIM7_IRQHandler
                0x080025f8                TIM5_IRQHandler
                0x080025f8                DMA2_Stream7_IRQHandler
                0x080025f8                I2C3_EV_IRQHandler
                0x080025f8                EXTI9_5_IRQHandler
                0x080025f8                RTC_WKUP_IRQHandler
                0x080025f8                ETH_WKUP_IRQHandler
                0x080025f8                SPI2_IRQHandler
                0x080025f8                OTG_HS_EP1_IN_IRQHandler
                0x080025f8                DMA1_Stream0_IRQHandler
                0x080025f8                EXTI4_IRQHandler
                0x080025f8                FSMC_IRQHandler
                0x080025f8                ETH_IRQHandler
                0x080025f8                OTG_HS_EP1_OUT_IRQHandler
                0x080025f8                WWDG_IRQHandler
                0x080025f8                TIM2_IRQHandler
                0x080025f8                OTG_FS_WKUP_IRQHandler
                0x080025f8                TIM1_TRG_COM_TIM11_IRQHandler
                0x080025f8                OTG_HS_IRQHandler
                0x080025f8                EXTI1_IRQHandler
                0x080025f8                I2C2_ER_IRQHandler
                0x080025f8                FLASH_IRQHandler
                0x080025f8                USART1_IRQHandler
                0x080025f8                SPI3_IRQHandler
                0x080025f8                DMA1_Stream4_IRQHandler
                0x080025f8                DMA2_Stream6_IRQHandler
                0x080025f8                DMA1_Stream3_IRQHandler
 *fill*         0x080025fa        0x2 
 .text.HAL_Init
                0x080025fc       0x44 ./Drivers/STM32F4xx_HAL_Driver/Src/stm32f4xx_hal.o
                0x080025fc                HAL_Init
 .text.HAL_InitTick
                0x08002640       0x60 ./Drivers/STM32F4xx_HAL_Driver/Src/stm32f4xx_hal.o
                0x08002640                HAL_InitTick
 .text.HAL_IncTick
                0x080026a0       0x28 ./Drivers/STM32F4xx_HAL_Driver/Src/stm32f4xx_hal.o
                0x080026a0                HAL_IncTick
 .text.HAL_GetTick
                0x080026c8       0x18 ./Drivers/STM32F4xx_HAL_Driver/Src/stm32f4xx_hal.o
                0x080026c8                HAL_GetTick
 .text.HAL_Delay
                0x080026e0       0x48 ./Drivers/STM32F4xx_HAL_Driver/Src/stm32f4xx_hal.o
                0x080026e0                HAL_Delay
 .text.HAL_GetREVID
                0x08002728       0x18 ./Drivers/STM32F4xx_HAL_Driver/Src/stm32f4xx_hal.o
                0x08002728                HAL_GetREVID
 .text.HAL_GetDEVID
                0x08002740       0x1c ./Drivers/STM32F4xx_HAL_Driver/Src/stm32f4xx_hal.o
                0x08002740                HAL_GetDEVID
 .text.HAL_GetUIDw0
                0x0800275c       0x18 ./Drivers/STM32F4xx_HAL_Driver/Src/stm32f4xx_hal.o
                0x0800275c                HAL_GetUIDw0
 .text.HAL_GetUIDw1
                0x08002774       0x18 ./Drivers/STM32F4xx_HAL_Driver/Src/stm32f4xx_hal.o
                0x08002774                HAL_GetUIDw1
 .text.HAL_GetUIDw2
                0x0800278c       0x18 ./Drivers/STM32F4xx_HAL_Driver/Src/stm32f4xx_hal.o
                0x0800278c                HAL_GetUIDw2
 .text.HAL_ADC_Init
                0x080027a4       0x86 ./Drivers/STM32F4xx_HAL_Driver/Src/stm32f4xx_hal_adc.o
                0x080027a4                HAL_ADC_Init
 .text.HAL_ADC_IRQHandler
                0x0800282a      0x220 ./Drivers/STM32F4xx_HAL_Driver/Src/stm32f4xx_hal_adc.o
                0x0800282a                HAL_ADC_IRQHandler
 .text.HAL_ADC_ConvCpltCallback
                0x08002a4a       0x14 ./Drivers/STM32F4xx_HAL_Driver/Src/stm32f4xx_hal_adc.o
                0x08002a4a                HAL_ADC_ConvCpltCallback
 .text.HAL_ADC_LevelOutOfWindowCallback
                0x08002a5e       0x14 ./Drivers/STM32F4xx_HAL_Driver/Src/stm32f4xx_hal_adc.o
                0x08002a5e                HAL_ADC_LevelOutOfWindowCallback
 .text.HAL_ADC_ErrorCallback
                0x08002a72       0x14 ./Drivers/STM32F4xx_HAL_Driver/Src/stm32f4xx_hal_adc.o
                0x08002a72                HAL_ADC_ErrorCallback
 *fill*         0x08002a86        0x2 
 .text.HAL_ADC_ConfigChannel
                0x08002a88      0x244 ./Drivers/STM32F4xx_HAL_Driver/Src/stm32f4xx_hal_adc.o
                0x08002a88                HAL_ADC_ConfigChannel
 .text.ADC_Init
                0x08002ccc      0x1f8 ./Drivers/STM32F4xx_HAL_Driver/Src/stm32f4xx_hal_adc.o
 .text.HAL_ADCEx_InjectedConvCpltCallback
                0x08002ec4       0x14 ./Drivers/STM32F4xx_HAL_Driver/Src/stm32f4xx_hal_adc_ex.o
                0x08002ec4                HAL_ADCEx_InjectedConvCpltCallback
 .text.HAL_CAN_Init
                0x08002ed8      0x28c ./Drivers/STM32F4xx_HAL_Driver/Src/stm32f4xx_hal_can.o
                0x08002ed8                HAL_CAN_Init
 .text.HAL_CAN_ConfigFilter
                0x08003164      0x1c0 ./Drivers/STM32F4xx_HAL_Driver/Src/stm32f4xx_hal_can.o
                0x08003164                HAL_CAN_ConfigFilter
 .text.HAL_CAN_Start
                0x08003324       0x88 ./Drivers/STM32F4xx_HAL_Driver/Src/stm32f4xx_hal_can.o
                0x08003324                HAL_CAN_Start
 .text.HAL_CAN_AddTxMessage
                0x080033ac      0x1b6 ./Drivers/STM32F4xx_HAL_Driver/Src/stm32f4xx_hal_can.o
                0x080033ac                HAL_CAN_AddTxMessage
 .text.HAL_CAN_GetRxMessage
                0x08003562      0x224 ./Drivers/STM32F4xx_HAL_Driver/Src/stm32f4xx_hal_can.o
                0x08003562                HAL_CAN_GetRxMessage
 .text.HAL_CAN_IRQHandler
                0x08003786      0x38a ./Drivers/STM32F4xx_HAL_Driver/Src/stm32f4xx_hal_can.o
                0x08003786                HAL_CAN_IRQHandler
 .text.HAL_CAN_TxMailbox0AbortCallback
                0x08003b10       0x14 ./Drivers/STM32F4xx_HAL_Driver/Src/stm32f4xx_hal_can.o
                0x08003b10                HAL_CAN_TxMailbox0AbortCallback
 .text.HAL_CAN_TxMailbox1AbortCallback
                0x08003b24       0x14 ./Drivers/STM32F4xx_HAL_Driver/Src/stm32f4xx_hal_can.o
                0x08003b24                HAL_CAN_TxMailbox1AbortCallback
 .text.HAL_CAN_TxMailbox2AbortCallback
                0x08003b38       0x14 ./Drivers/STM32F4xx_HAL_Driver/Src/stm32f4xx_hal_can.o
                0x08003b38                HAL_CAN_TxMailbox2AbortCallback
 .text.HAL_CAN_RxFifo0FullCallback
                0x08003b4c       0x14 ./Drivers/STM32F4xx_HAL_Driver/Src/stm32f4xx_hal_can.o
                0x08003b4c                HAL_CAN_RxFifo0FullCallback
 .text.HAL_CAN_RxFifo1FullCallback
                0x08003b60       0x14 ./Drivers/STM32F4xx_HAL_Driver/Src/stm32f4xx_hal_can.o
                0x08003b60                HAL_CAN_RxFifo1FullCallback
 .text.HAL_CAN_SleepCallback
                0x08003b74       0x14 ./Drivers/STM32F4xx_HAL_Driver/Src/stm32f4xx_hal_can.o
                0x08003b74                HAL_CAN_SleepCallback
 .text.HAL_CAN_WakeUpFromRxMsgCallback
                0x08003b88       0x14 ./Drivers/STM32F4xx_HAL_Driver/Src/stm32f4xx_hal_can.o
                0x08003b88                HAL_CAN_WakeUpFromRxMsgCallback
 .text.HAL_CAN_GetError
                0x08003b9c       0x18 ./Drivers/STM32F4xx_HAL_Driver/Src/stm32f4xx_hal_can.o
                0x08003b9c                HAL_CAN_GetError
 .text.__NVIC_SetPriorityGrouping
                0x08003bb4       0x48 ./Drivers/STM32F4xx_HAL_Driver/Src/stm32f4xx_hal_cortex.o
 .text.__NVIC_GetPriorityGrouping
                0x08003bfc       0x1c ./Drivers/STM32F4xx_HAL_Driver/Src/stm32f4xx_hal_cortex.o
 .text.__NVIC_EnableIRQ
                0x08003c18       0x3c ./Drivers/STM32F4xx_HAL_Driver/Src/stm32f4xx_hal_cortex.o
 .text.__NVIC_DisableIRQ
                0x08003c54       0x48 ./Drivers/STM32F4xx_HAL_Driver/Src/stm32f4xx_hal_cortex.o
 .text.__NVIC_SetPriority
                0x08003c9c       0x54 ./Drivers/STM32F4xx_HAL_Driver/Src/stm32f4xx_hal_cortex.o
 .text.NVIC_EncodePriority
                0x08003cf0       0x66 ./Drivers/STM32F4xx_HAL_Driver/Src/stm32f4xx_hal_cortex.o
 *fill*         0x08003d56        0x2 
 .text.SysTick_Config
                0x08003d58       0x44 ./Drivers/STM32F4xx_HAL_Driver/Src/stm32f4xx_hal_cortex.o
 .text.HAL_NVIC_SetPriorityGrouping
                0x08003d9c       0x16 ./Drivers/STM32F4xx_HAL_Driver/Src/stm32f4xx_hal_cortex.o
                0x08003d9c                HAL_NVIC_SetPriorityGrouping
 .text.HAL_NVIC_SetPriority
                0x08003db2       0x38 ./Drivers/STM32F4xx_HAL_Driver/Src/stm32f4xx_hal_cortex.o
                0x08003db2                HAL_NVIC_SetPriority
 .text.HAL_NVIC_EnableIRQ
                0x08003dea       0x1c ./Drivers/STM32F4xx_HAL_Driver/Src/stm32f4xx_hal_cortex.o
                0x08003dea                HAL_NVIC_EnableIRQ
 .text.HAL_NVIC_DisableIRQ
                0x08003e06       0x1c ./Drivers/STM32F4xx_HAL_Driver/Src/stm32f4xx_hal_cortex.o
                0x08003e06                HAL_NVIC_DisableIRQ
 .text.HAL_SYSTICK_Config
                0x08003e22       0x18 ./Drivers/STM32F4xx_HAL_Driver/Src/stm32f4xx_hal_cortex.o
                0x08003e22                HAL_SYSTICK_Config
 *fill*         0x08003e3a        0x2 
 .text.HAL_DMA_Init
                0x08003e3c      0x15c ./Drivers/STM32F4xx_HAL_Driver/Src/stm32f4xx_hal_dma.o
                0x08003e3c                HAL_DMA_Init
 .text.HAL_DMA_DeInit
                0x08003f98       0xbc ./Drivers/STM32F4xx_HAL_Driver/Src/stm32f4xx_hal_dma.o
                0x08003f98                HAL_DMA_DeInit
 .text.HAL_DMA_Start_IT
                0x08004054       0xb0 ./Drivers/STM32F4xx_HAL_Driver/Src/stm32f4xx_hal_dma.o
                0x08004054                HAL_DMA_Start_IT
 .text.HAL_DMA_Abort
                0x08004104       0xe0 ./Drivers/STM32F4xx_HAL_Driver/Src/stm32f4xx_hal_dma.o
                0x08004104                HAL_DMA_Abort
 .text.HAL_DMA_Abort_IT
                0x080041e4       0x44 ./Drivers/STM32F4xx_HAL_Driver/Src/stm32f4xx_hal_dma.o
                0x080041e4                HAL_DMA_Abort_IT
 .text.HAL_DMA_IRQHandler
                0x08004228      0x314 ./Drivers/STM32F4xx_HAL_Driver/Src/stm32f4xx_hal_dma.o
                0x08004228                HAL_DMA_IRQHandler
 .text.HAL_DMA_GetState
                0x0800453c       0x1c ./Drivers/STM32F4xx_HAL_Driver/Src/stm32f4xx_hal_dma.o
                0x0800453c                HAL_DMA_GetState
 .text.DMA_SetConfig
                0x08004558       0x5c ./Drivers/STM32F4xx_HAL_Driver/Src/stm32f4xx_hal_dma.o
 .text.DMA_CalcBaseAndBitshift
                0x080045b4       0x6c ./Drivers/STM32F4xx_HAL_Driver/Src/stm32f4xx_hal_dma.o
 .text.DMA_CheckFifoParam
                0x08004620       0xf8 ./Drivers/STM32F4xx_HAL_Driver/Src/stm32f4xx_hal_dma.o
 .text.HAL_GPIO_Init
                0x08004718      0x338 ./Drivers/STM32F4xx_HAL_Driver/Src/stm32f4xx_hal_gpio.o
                0x08004718                HAL_GPIO_Init
 .text.HAL_GPIO_WritePin
                0x08004a50       0x32 ./Drivers/STM32F4xx_HAL_Driver/Src/stm32f4xx_hal_gpio.o
                0x08004a50                HAL_GPIO_WritePin
 .text.HAL_GPIO_TogglePin
                0x08004a82       0x34 ./Drivers/STM32F4xx_HAL_Driver/Src/stm32f4xx_hal_gpio.o
                0x08004a82                HAL_GPIO_TogglePin
 *fill*         0x08004ab6        0x2 
 .text.HAL_I2C_Init
                0x08004ab8      0x300 ./Drivers/STM32F4xx_HAL_Driver/Src/stm32f4xx_hal_i2c.o
                0x08004ab8                HAL_I2C_Init
 .text.HAL_I2C_Master_Transmit
                0x08004db8      0x1fc ./Drivers/STM32F4xx_HAL_Driver/Src/stm32f4xx_hal_i2c.o
                0x08004db8                HAL_I2C_Master_Transmit
 .text.HAL_I2C_EV_IRQHandler
                0x08004fb4      0x2a6 ./Drivers/STM32F4xx_HAL_Driver/Src/stm32f4xx_hal_i2c.o
                0x08004fb4                HAL_I2C_EV_IRQHandler
 .text.HAL_I2C_ER_IRQHandler
                0x0800525a      0x13e ./Drivers/STM32F4xx_HAL_Driver/Src/stm32f4xx_hal_i2c.o
                0x0800525a                HAL_I2C_ER_IRQHandler
 .text.HAL_I2C_MasterTxCpltCallback
                0x08005398       0x14 ./Drivers/STM32F4xx_HAL_Driver/Src/stm32f4xx_hal_i2c.o
                0x08005398                HAL_I2C_MasterTxCpltCallback
 .text.HAL_I2C_MasterRxCpltCallback
                0x080053ac       0x14 ./Drivers/STM32F4xx_HAL_Driver/Src/stm32f4xx_hal_i2c.o
                0x080053ac                HAL_I2C_MasterRxCpltCallback
 .text.HAL_I2C_SlaveTxCpltCallback
                0x080053c0       0x14 ./Drivers/STM32F4xx_HAL_Driver/Src/stm32f4xx_hal_i2c.o
                0x080053c0                HAL_I2C_SlaveTxCpltCallback
 .text.HAL_I2C_SlaveRxCpltCallback
                0x080053d4       0x14 ./Drivers/STM32F4xx_HAL_Driver/Src/stm32f4xx_hal_i2c.o
                0x080053d4                HAL_I2C_SlaveRxCpltCallback
 .text.HAL_I2C_AddrCallback
                0x080053e8       0x1c ./Drivers/STM32F4xx_HAL_Driver/Src/stm32f4xx_hal_i2c.o
                0x080053e8                HAL_I2C_AddrCallback
 .text.HAL_I2C_ListenCpltCallback
                0x08005404       0x14 ./Drivers/STM32F4xx_HAL_Driver/Src/stm32f4xx_hal_i2c.o
                0x08005404                HAL_I2C_ListenCpltCallback
 .text.HAL_I2C_MemTxCpltCallback
                0x08005418       0x14 ./Drivers/STM32F4xx_HAL_Driver/Src/stm32f4xx_hal_i2c.o
                0x08005418                HAL_I2C_MemTxCpltCallback
 .text.HAL_I2C_MemRxCpltCallback
                0x0800542c       0x14 ./Drivers/STM32F4xx_HAL_Driver/Src/stm32f4xx_hal_i2c.o
                0x0800542c                HAL_I2C_MemRxCpltCallback
 .text.HAL_I2C_ErrorCallback
                0x08005440       0x14 ./Drivers/STM32F4xx_HAL_Driver/Src/stm32f4xx_hal_i2c.o
                0x08005440                HAL_I2C_ErrorCallback
 .text.HAL_I2C_AbortCpltCallback
                0x08005454       0x14 ./Drivers/STM32F4xx_HAL_Driver/Src/stm32f4xx_hal_i2c.o
                0x08005454                HAL_I2C_AbortCpltCallback
 .text.I2C_MasterTransmit_TXE
                0x08005468      0x13e ./Drivers/STM32F4xx_HAL_Driver/Src/stm32f4xx_hal_i2c.o
 .text.I2C_MasterTransmit_BTF
                0x080055a6       0xf2 ./Drivers/STM32F4xx_HAL_Driver/Src/stm32f4xx_hal_i2c.o
 .text.I2C_MemoryTransmit_TXE_BTF
                0x08005698      0x12a ./Drivers/STM32F4xx_HAL_Driver/Src/stm32f4xx_hal_i2c.o
 .text.I2C_MasterReceive_RXNE
                0x080057c2      0x17c ./Drivers/STM32F4xx_HAL_Driver/Src/stm32f4xx_hal_i2c.o
 .text.I2C_MasterReceive_BTF
                0x0800593e      0x1d8 ./Drivers/STM32F4xx_HAL_Driver/Src/stm32f4xx_hal_i2c.o
 .text.I2C_Master_SB
                0x08005b16      0x10c ./Drivers/STM32F4xx_HAL_Driver/Src/stm32f4xx_hal_i2c.o
 .text.I2C_Master_ADD10
                0x08005c22       0x54 ./Drivers/STM32F4xx_HAL_Driver/Src/stm32f4xx_hal_i2c.o
 .text.I2C_Master_ADDR
                0x08005c76      0x322 ./Drivers/STM32F4xx_HAL_Driver/Src/stm32f4xx_hal_i2c.o
 .text.I2C_SlaveTransmit_TXE
                0x08005f98       0x7c ./Drivers/STM32F4xx_HAL_Driver/Src/stm32f4xx_hal_i2c.o
 .text.I2C_SlaveTransmit_BTF
                0x08006014       0x42 ./Drivers/STM32F4xx_HAL_Driver/Src/stm32f4xx_hal_i2c.o
 .text.I2C_SlaveReceive_RXNE
                0x08006056       0x7e ./Drivers/STM32F4xx_HAL_Driver/Src/stm32f4xx_hal_i2c.o
 .text.I2C_SlaveReceive_BTF
                0x080060d4       0x44 ./Drivers/STM32F4xx_HAL_Driver/Src/stm32f4xx_hal_i2c.o
 .text.I2C_Slave_ADDR
                0x08006118       0x90 ./Drivers/STM32F4xx_HAL_Driver/Src/stm32f4xx_hal_i2c.o
 .text.I2C_Slave_STOPF
                0x080061a8      0x268 ./Drivers/STM32F4xx_HAL_Driver/Src/stm32f4xx_hal_i2c.o
 .text.I2C_Slave_AF
                0x08006410       0xe4 ./Drivers/STM32F4xx_HAL_Driver/Src/stm32f4xx_hal_i2c.o
 .text.I2C_ITError
                0x080064f4      0x26c ./Drivers/STM32F4xx_HAL_Driver/Src/stm32f4xx_hal_i2c.o
 .text.I2C_MasterRequestWrite
                0x08006760      0x104 ./Drivers/STM32F4xx_HAL_Driver/Src/stm32f4xx_hal_i2c.o
 .text.I2C_DMAAbort
                0x08006864      0x154 ./Drivers/STM32F4xx_HAL_Driver/Src/stm32f4xx_hal_i2c.o
 .text.I2C_WaitOnFlagUntilTimeout
                0x080069b8       0xae ./Drivers/STM32F4xx_HAL_Driver/Src/stm32f4xx_hal_i2c.o
 .text.I2C_WaitOnMasterAddressFlagUntilTimeout
                0x08006a66       0xfe ./Drivers/STM32F4xx_HAL_Driver/Src/stm32f4xx_hal_i2c.o
 .text.I2C_WaitOnTXEFlagUntilTimeout
                0x08006b64       0x82 ./Drivers/STM32F4xx_HAL_Driver/Src/stm32f4xx_hal_i2c.o
 .text.I2C_WaitOnBTFFlagUntilTimeout
                0x08006be6       0x82 ./Drivers/STM32F4xx_HAL_Driver/Src/stm32f4xx_hal_i2c.o
 .text.I2C_WaitOnSTOPRequestThroughIT
                0x08006c68       0x64 ./Drivers/STM32F4xx_HAL_Driver/Src/stm32f4xx_hal_i2c.o
 .text.I2C_IsAcknowledgeFailed
                0x08006ccc       0x5e ./Drivers/STM32F4xx_HAL_Driver/Src/stm32f4xx_hal_i2c.o
 .text.I2C_ConvertOtherXferOptions
                0x08006d2a       0x36 ./Drivers/STM32F4xx_HAL_Driver/Src/stm32f4xx_hal_i2c.o
 .text.HAL_PCD_Init
                0x08006d60      0x23a ./Drivers/STM32F4xx_HAL_Driver/Src/stm32f4xx_hal_pcd.o
                0x08006d60                HAL_PCD_Init
 .text.HAL_PCD_Start
                0x08006f9a       0x66 ./Drivers/STM32F4xx_HAL_Driver/Src/stm32f4xx_hal_pcd.o
                0x08006f9a                HAL_PCD_Start
 .text.HAL_PCD_IRQHandler
                0x08007000      0x93e ./Drivers/STM32F4xx_HAL_Driver/Src/stm32f4xx_hal_pcd.o
                0x08007000                HAL_PCD_IRQHandler
 .text.HAL_PCD_SetAddress
                0x0800793e       0x4a ./Drivers/STM32F4xx_HAL_Driver/Src/stm32f4xx_hal_pcd.o
                0x0800793e                HAL_PCD_SetAddress
 .text.HAL_PCD_EP_Open
                0x08007988       0xd0 ./Drivers/STM32F4xx_HAL_Driver/Src/stm32f4xx_hal_pcd.o
                0x08007988                HAL_PCD_EP_Open
 .text.HAL_PCD_EP_Close
                0x08007a58       0x94 ./Drivers/STM32F4xx_HAL_Driver/Src/stm32f4xx_hal_pcd.o
                0x08007a58                HAL_PCD_EP_Close
 .text.HAL_PCD_EP_Receive
                0x08007aec       0x96 ./Drivers/STM32F4xx_HAL_Driver/Src/stm32f4xx_hal_pcd.o
                0x08007aec                HAL_PCD_EP_Receive
 .text.HAL_PCD_EP_GetRxCount
                0x08007b82       0x30 ./Drivers/STM32F4xx_HAL_Driver/Src/stm32f4xx_hal_pcd.o
                0x08007b82                HAL_PCD_EP_GetRxCount
 .text.HAL_PCD_EP_Transmit
                0x08007bb2       0x94 ./Drivers/STM32F4xx_HAL_Driver/Src/stm32f4xx_hal_pcd.o
                0x08007bb2                HAL_PCD_EP_Transmit
 .text.HAL_PCD_EP_SetStall
                0x08007c46       0xc8 ./Drivers/STM32F4xx_HAL_Driver/Src/stm32f4xx_hal_pcd.o
                0x08007c46                HAL_PCD_EP_SetStall
 .text.HAL_PCD_EP_ClrStall
                0x08007d0e       0xac ./Drivers/STM32F4xx_HAL_Driver/Src/stm32f4xx_hal_pcd.o
                0x08007d0e                HAL_PCD_EP_ClrStall
 .text.HAL_PCD_EP_Abort
                0x08007dba       0x62 ./Drivers/STM32F4xx_HAL_Driver/Src/stm32f4xx_hal_pcd.o
                0x08007dba                HAL_PCD_EP_Abort
 .text.PCD_WriteEmptyTxFifo
                0x08007e1c      0x11a ./Drivers/STM32F4xx_HAL_Driver/Src/stm32f4xx_hal_pcd.o
 *fill*         0x08007f36        0x2 
 .text.PCD_EP_OutXfrComplete_int
                0x08007f38      0x1d0 ./Drivers/STM32F4xx_HAL_Driver/Src/stm32f4xx_hal_pcd.o
 .text.PCD_EP_OutSetupPacket_int
                0x08008108       0x8c ./Drivers/STM32F4xx_HAL_Driver/Src/stm32f4xx_hal_pcd.o
 .text.HAL_PCDEx_SetTxFiFo
                0x08008194       0x8e ./Drivers/STM32F4xx_HAL_Driver/Src/stm32f4xx_hal_pcd_ex.o
                0x08008194                HAL_PCDEx_SetTxFiFo
 .text.HAL_PCDEx_SetRxFiFo
                0x08008222       0x22 ./Drivers/STM32F4xx_HAL_Driver/Src/stm32f4xx_hal_pcd_ex.o
                0x08008222                HAL_PCDEx_SetRxFiFo
 .text.HAL_PCDEx_LPM_Callback
                0x08008244       0x18 ./Drivers/STM32F4xx_HAL_Driver/Src/stm32f4xx_hal_pcd_ex.o
                0x08008244                HAL_PCDEx_LPM_Callback
 .text.HAL_RCC_OscConfig
                0x0800825c      0x4f0 ./Drivers/STM32F4xx_HAL_Driver/Src/stm32f4xx_hal_rcc.o
                0x0800825c                HAL_RCC_OscConfig
 .text.HAL_RCC_ClockConfig
                0x0800874c      0x1cc ./Drivers/STM32F4xx_HAL_Driver/Src/stm32f4xx_hal_rcc.o
                0x0800874c                HAL_RCC_ClockConfig
 .text.HAL_RCC_GetSysClockFreq
                0x08008918      0x20c ./Drivers/STM32F4xx_HAL_Driver/Src/stm32f4xx_hal_rcc.o
                0x08008918                HAL_RCC_GetSysClockFreq
 .text.HAL_RCC_GetHCLKFreq
                0x08008b24       0x18 ./Drivers/STM32F4xx_HAL_Driver/Src/stm32f4xx_hal_rcc.o
                0x08008b24                HAL_RCC_GetHCLKFreq
 .text.HAL_RCC_GetPCLK1Freq
                0x08008b3c       0x28 ./Drivers/STM32F4xx_HAL_Driver/Src/stm32f4xx_hal_rcc.o
                0x08008b3c                HAL_RCC_GetPCLK1Freq
 .text.HAL_RCC_GetPCLK2Freq
                0x08008b64       0x28 ./Drivers/STM32F4xx_HAL_Driver/Src/stm32f4xx_hal_rcc.o
                0x08008b64                HAL_RCC_GetPCLK2Freq
 .text.HAL_RCCEx_PeriphCLKConfig
                0x08008b8c      0x1c4 ./Drivers/STM32F4xx_HAL_Driver/Src/stm32f4xx_hal_rcc_ex.o
                0x08008b8c                HAL_RCCEx_PeriphCLKConfig
 .text.HAL_RTC_Init
                0x08008d50       0xec ./Drivers/STM32F4xx_HAL_Driver/Src/stm32f4xx_hal_rtc.o
                0x08008d50                HAL_RTC_Init
 .text.HAL_RTC_SetTime
                0x08008e3c      0x134 ./Drivers/STM32F4xx_HAL_Driver/Src/stm32f4xx_hal_rtc.o
                0x08008e3c                HAL_RTC_SetTime
 .text.HAL_RTC_GetTime
                0x08008f70       0xbc ./Drivers/STM32F4xx_HAL_Driver/Src/stm32f4xx_hal_rtc.o
                0x08008f70                HAL_RTC_GetTime
 .text.HAL_RTC_SetDate
                0x0800902c      0x108 ./Drivers/STM32F4xx_HAL_Driver/Src/stm32f4xx_hal_rtc.o
                0x0800902c                HAL_RTC_SetDate
 .text.HAL_RTC_GetDate
                0x08009134       0x9e ./Drivers/STM32F4xx_HAL_Driver/Src/stm32f4xx_hal_rtc.o
                0x08009134                HAL_RTC_GetDate
 *fill*         0x080091d2        0x2 
 .text.HAL_RTC_AlarmIRQHandler
                0x080091d4       0x8c ./Drivers/STM32F4xx_HAL_Driver/Src/stm32f4xx_hal_rtc.o
                0x080091d4                HAL_RTC_AlarmIRQHandler
 .text.HAL_RTC_AlarmAEventCallback
                0x08009260       0x14 ./Drivers/STM32F4xx_HAL_Driver/Src/stm32f4xx_hal_rtc.o
                0x08009260                HAL_RTC_AlarmAEventCallback
 .text.HAL_RTC_WaitForSynchro
                0x08009274       0x50 ./Drivers/STM32F4xx_HAL_Driver/Src/stm32f4xx_hal_rtc.o
                0x08009274                HAL_RTC_WaitForSynchro
 .text.RTC_EnterInitMode
                0x080092c4       0x6e ./Drivers/STM32F4xx_HAL_Driver/Src/stm32f4xx_hal_rtc.o
                0x080092c4                RTC_EnterInitMode
 .text.RTC_ExitInitMode
                0x08009332       0x4a ./Drivers/STM32F4xx_HAL_Driver/Src/stm32f4xx_hal_rtc.o
                0x08009332                RTC_ExitInitMode
 .text.RTC_ByteToBcd2
                0x0800937c       0x3a ./Drivers/STM32F4xx_HAL_Driver/Src/stm32f4xx_hal_rtc.o
                0x0800937c                RTC_ByteToBcd2
 .text.RTC_Bcd2ToByte
                0x080093b6       0x38 ./Drivers/STM32F4xx_HAL_Driver/Src/stm32f4xx_hal_rtc.o
                0x080093b6                RTC_Bcd2ToByte
 .text.HAL_RTCEx_AlarmBEventCallback
                0x080093ee       0x14 ./Drivers/STM32F4xx_HAL_Driver/Src/stm32f4xx_hal_rtc_ex.o
                0x080093ee                HAL_RTCEx_AlarmBEventCallback
 *fill*         0x08009402        0x2 
 .text.HAL_TIM_Base_Init
                0x08009404       0xb8 ./Drivers/STM32F4xx_HAL_Driver/Src/stm32f4xx_hal_tim.o
                0x08009404                HAL_TIM_Base_Init
 .text.HAL_TIM_Base_Start
                0x080094bc       0xd0 ./Drivers/STM32F4xx_HAL_Driver/Src/stm32f4xx_hal_tim.o
                0x080094bc                HAL_TIM_Base_Start
 .text.HAL_TIM_Base_Start_IT
                0x0800958c       0xe0 ./Drivers/STM32F4xx_HAL_Driver/Src/stm32f4xx_hal_tim.o
                0x0800958c                HAL_TIM_Base_Start_IT
 .text.HAL_TIM_Encoder_Init
                0x0800966c      0x168 ./Drivers/STM32F4xx_HAL_Driver/Src/stm32f4xx_hal_tim.o
                0x0800966c                HAL_TIM_Encoder_Init
 .text.HAL_TIM_Encoder_Start
                0x080097d4      0x11c ./Drivers/STM32F4xx_HAL_Driver/Src/stm32f4xx_hal_tim.o
                0x080097d4                HAL_TIM_Encoder_Start
 .text.HAL_TIM_IRQHandler
                0x080098f0      0x250 ./Drivers/STM32F4xx_HAL_Driver/Src/stm32f4xx_hal_tim.o
                0x080098f0                HAL_TIM_IRQHandler
 .text.HAL_TIM_ConfigClockSource
                0x08009b40      0x18e ./Drivers/STM32F4xx_HAL_Driver/Src/stm32f4xx_hal_tim.o
                0x08009b40                HAL_TIM_ConfigClockSource
 .text.HAL_TIM_PeriodElapsedHalfCpltCallback
                0x08009cce       0x14 ./Drivers/STM32F4xx_HAL_Driver/Src/stm32f4xx_hal_tim.o
                0x08009cce                HAL_TIM_PeriodElapsedHalfCpltCallback
 .text.HAL_TIM_OC_DelayElapsedCallback
                0x08009ce2       0x14 ./Drivers/STM32F4xx_HAL_Driver/Src/stm32f4xx_hal_tim.o
                0x08009ce2                HAL_TIM_OC_DelayElapsedCallback
 .text.HAL_TIM_IC_CaptureCallback
                0x08009cf6       0x14 ./Drivers/STM32F4xx_HAL_Driver/Src/stm32f4xx_hal_tim.o
                0x08009cf6                HAL_TIM_IC_CaptureCallback
 .text.HAL_TIM_IC_CaptureHalfCpltCallback
                0x08009d0a       0x14 ./Drivers/STM32F4xx_HAL_Driver/Src/stm32f4xx_hal_tim.o
                0x08009d0a                HAL_TIM_IC_CaptureHalfCpltCallback
 .text.HAL_TIM_PWM_PulseFinishedCallback
                0x08009d1e       0x14 ./Drivers/STM32F4xx_HAL_Driver/Src/stm32f4xx_hal_tim.o
                0x08009d1e                HAL_TIM_PWM_PulseFinishedCallback
 .text.HAL_TIM_PWM_PulseFinishedHalfCpltCallback
                0x08009d32       0x14 ./Drivers/STM32F4xx_HAL_Driver/Src/stm32f4xx_hal_tim.o
                0x08009d32                HAL_TIM_PWM_PulseFinishedHalfCpltCallback
 .text.HAL_TIM_TriggerCallback
                0x08009d46       0x14 ./Drivers/STM32F4xx_HAL_Driver/Src/stm32f4xx_hal_tim.o
                0x08009d46                HAL_TIM_TriggerCallback
 .text.HAL_TIM_TriggerHalfCpltCallback
                0x08009d5a       0x14 ./Drivers/STM32F4xx_HAL_Driver/Src/stm32f4xx_hal_tim.o
                0x08009d5a                HAL_TIM_TriggerHalfCpltCallback
 .text.HAL_TIM_ErrorCallback
                0x08009d6e       0x14 ./Drivers/STM32F4xx_HAL_Driver/Src/stm32f4xx_hal_tim.o
                0x08009d6e                HAL_TIM_ErrorCallback
 *fill*         0x08009d82        0x2 
 .text.TIM_Base_SetConfig
                0x08009d84      0x140 ./Drivers/STM32F4xx_HAL_Driver/Src/stm32f4xx_hal_tim.o
                0x08009d84                TIM_Base_SetConfig
 .text.TIM_TI1_ConfigInputStage
                0x08009ec4       0x5e ./Drivers/STM32F4xx_HAL_Driver/Src/stm32f4xx_hal_tim.o
 .text.TIM_TI2_ConfigInputStage
                0x08009f22       0x60 ./Drivers/STM32F4xx_HAL_Driver/Src/stm32f4xx_hal_tim.o
 .text.TIM_ITRx_SetConfig
                0x08009f82       0x36 ./Drivers/STM32F4xx_HAL_Driver/Src/stm32f4xx_hal_tim.o
 .text.TIM_ETR_SetConfig
                0x08009fb8       0x40 ./Drivers/STM32F4xx_HAL_Driver/Src/stm32f4xx_hal_tim.o
                0x08009fb8                TIM_ETR_SetConfig
 .text.TIM_CCxChannelCmd
                0x08009ff8       0x4a ./Drivers/STM32F4xx_HAL_Driver/Src/stm32f4xx_hal_tim.o
                0x08009ff8                TIM_CCxChannelCmd
 *fill*         0x0800a042        0x2 
 .text.TIM_ResetCallback
                0x0800a044       0xb0 ./Drivers/STM32F4xx_HAL_Driver/Src/stm32f4xx_hal_tim.o
                0x0800a044                TIM_ResetCallback
 .text.HAL_TIMEx_MasterConfigSynchronization
                0x0800a0f4       0xf8 ./Drivers/STM32F4xx_HAL_Driver/Src/stm32f4xx_hal_tim_ex.o
                0x0800a0f4                HAL_TIMEx_MasterConfigSynchronization
 .text.HAL_TIMEx_CommutCallback
                0x0800a1ec       0x14 ./Drivers/STM32F4xx_HAL_Driver/Src/stm32f4xx_hal_tim_ex.o
                0x0800a1ec                HAL_TIMEx_CommutCallback
 .text.HAL_TIMEx_CommutHalfCpltCallback
                0x0800a200       0x14 ./Drivers/STM32F4xx_HAL_Driver/Src/stm32f4xx_hal_tim_ex.o
                0x0800a200                HAL_TIMEx_CommutHalfCpltCallback
 .text.HAL_TIMEx_BreakCallback
                0x0800a214       0x14 ./Drivers/STM32F4xx_HAL_Driver/Src/stm32f4xx_hal_tim_ex.o
                0x0800a214                HAL_TIMEx_BreakCallback
 .text.HAL_UART_Init
                0x0800a228       0xb4 ./Drivers/STM32F4xx_HAL_Driver/Src/stm32f4xx_hal_uart.o
                0x0800a228                HAL_UART_Init
 .text.HAL_UART_Transmit
                0x0800a2dc      0x124 ./Drivers/STM32F4xx_HAL_Driver/Src/stm32f4xx_hal_uart.o
                0x0800a2dc                HAL_UART_Transmit
 .text.HAL_UART_Transmit_IT
                0x0800a400       0x8a ./Drivers/STM32F4xx_HAL_Driver/Src/stm32f4xx_hal_uart.o
                0x0800a400                HAL_UART_Transmit_IT
 *fill*         0x0800a48a        0x2 
 .text.HAL_UART_Transmit_DMA
                0x0800a48c       0xfc ./Drivers/STM32F4xx_HAL_Driver/Src/stm32f4xx_hal_uart.o
                0x0800a48c                HAL_UART_Transmit_DMA
 .text.HAL_UART_Receive_DMA
                0x0800a588       0x60 ./Drivers/STM32F4xx_HAL_Driver/Src/stm32f4xx_hal_uart.o
                0x0800a588                HAL_UART_Receive_DMA
 .text.HAL_UART_IRQHandler
                0x0800a5e8      0x524 ./Drivers/STM32F4xx_HAL_Driver/Src/stm32f4xx_hal_uart.o
                0x0800a5e8                HAL_UART_IRQHandler
 .text.HAL_UART_TxCpltCallback
                0x0800ab0c       0x14 ./Drivers/STM32F4xx_HAL_Driver/Src/stm32f4xx_hal_uart.o
                0x0800ab0c                HAL_UART_TxCpltCallback
 .text.HAL_UART_TxHalfCpltCallback
                0x0800ab20       0x14 ./Drivers/STM32F4xx_HAL_Driver/Src/stm32f4xx_hal_uart.o
                0x0800ab20                HAL_UART_TxHalfCpltCallback
 .text.HAL_UART_RxCpltCallback
                0x0800ab34       0x14 ./Drivers/STM32F4xx_HAL_Driver/Src/stm32f4xx_hal_uart.o
                0x0800ab34                HAL_UART_RxCpltCallback
 .text.HAL_UART_RxHalfCpltCallback
                0x0800ab48       0x14 ./Drivers/STM32F4xx_HAL_Driver/Src/stm32f4xx_hal_uart.o
                0x0800ab48                HAL_UART_RxHalfCpltCallback
 .text.HAL_UART_ErrorCallback
                0x0800ab5c       0x14 ./Drivers/STM32F4xx_HAL_Driver/Src/stm32f4xx_hal_uart.o
                0x0800ab5c                HAL_UART_ErrorCallback
 .text.HAL_UART_AbortCpltCallback
                0x0800ab70       0x14 ./Drivers/STM32F4xx_HAL_Driver/Src/stm32f4xx_hal_uart.o
                0x0800ab70                HAL_UART_AbortCpltCallback
 .text.HAL_UART_AbortTransmitCpltCallback
                0x0800ab84       0x14 ./Drivers/STM32F4xx_HAL_Driver/Src/stm32f4xx_hal_uart.o
                0x0800ab84                HAL_UART_AbortTransmitCpltCallback
 .text.HAL_UART_AbortReceiveCpltCallback
                0x0800ab98       0x14 ./Drivers/STM32F4xx_HAL_Driver/Src/stm32f4xx_hal_uart.o
                0x0800ab98                HAL_UART_AbortReceiveCpltCallback
 .text.HAL_UARTEx_RxEventCallback
                0x0800abac       0x18 ./Drivers/STM32F4xx_HAL_Driver/Src/stm32f4xx_hal_uart.o
                0x0800abac                HAL_UARTEx_RxEventCallback
 .text.UART_InitCallbacksToDefault
                0x0800abc4       0x70 ./Drivers/STM32F4xx_HAL_Driver/Src/stm32f4xx_hal_uart.o
                0x0800abc4                UART_InitCallbacksToDefault
 .text.UART_DMATransmitCplt
                0x0800ac34       0x9c ./Drivers/STM32F4xx_HAL_Driver/Src/stm32f4xx_hal_uart.o
 .text.UART_DMATxHalfCplt
                0x0800acd0       0x1e ./Drivers/STM32F4xx_HAL_Driver/Src/stm32f4xx_hal_uart.o
 .text.UART_DMAReceiveCplt
                0x0800acee      0x12a ./Drivers/STM32F4xx_HAL_Driver/Src/stm32f4xx_hal_uart.o
 .text.UART_DMARxHalfCplt
                0x0800ae18       0x3a ./Drivers/STM32F4xx_HAL_Driver/Src/stm32f4xx_hal_uart.o
 .text.UART_DMAError
                0x0800ae52       0x96 ./Drivers/STM32F4xx_HAL_Driver/Src/stm32f4xx_hal_uart.o
 .text.UART_WaitOnFlagUntilTimeout
                0x0800aee8       0xdc ./Drivers/STM32F4xx_HAL_Driver/Src/stm32f4xx_hal_uart.o
 .text.UART_Start_Receive_DMA
                0x0800afc4      0x13c ./Drivers/STM32F4xx_HAL_Driver/Src/stm32f4xx_hal_uart.o
                0x0800afc4                UART_Start_Receive_DMA
 .text.UART_EndTxTransfer
                0x0800b100       0x50 ./Drivers/STM32F4xx_HAL_Driver/Src/stm32f4xx_hal_uart.o
 .text.UART_EndRxTransfer
                0x0800b150       0xc6 ./Drivers/STM32F4xx_HAL_Driver/Src/stm32f4xx_hal_uart.o
 .text.UART_DMAAbortOnError
                0x0800b216       0x2a ./Drivers/STM32F4xx_HAL_Driver/Src/stm32f4xx_hal_uart.o
 .text.UART_Transmit_IT
                0x0800b240       0xa0 ./Drivers/STM32F4xx_HAL_Driver/Src/stm32f4xx_hal_uart.o
 .text.UART_EndTransmit_IT
                0x0800b2e0       0x32 ./Drivers/STM32F4xx_HAL_Driver/Src/stm32f4xx_hal_uart.o
 .text.UART_Receive_IT
                0x0800b312      0x17a ./Drivers/STM32F4xx_HAL_Driver/Src/stm32f4xx_hal_uart.o
 .text.UART_SetConfig
                0x0800b48c      0x4e8 ./Drivers/STM32F4xx_HAL_Driver/Src/stm32f4xx_hal_uart.o
 .text.USB_CoreInit
                0x0800b974       0xc2 ./Drivers/STM32F4xx_HAL_Driver/Src/stm32f4xx_ll_usb.o
                0x0800b974                USB_CoreInit
 *fill*         0x0800ba36        0x2 
 .text.USB_SetTurnaroundTime
                0x0800ba38      0x144 ./Drivers/STM32F4xx_HAL_Driver/Src/stm32f4xx_ll_usb.o
                0x0800ba38                USB_SetTurnaroundTime
 .text.USB_EnableGlobalInt
                0x0800bb7c       0x22 ./Drivers/STM32F4xx_HAL_Driver/Src/stm32f4xx_ll_usb.o
                0x0800bb7c                USB_EnableGlobalInt
 .text.USB_DisableGlobalInt
                0x0800bb9e       0x22 ./Drivers/STM32F4xx_HAL_Driver/Src/stm32f4xx_ll_usb.o
                0x0800bb9e                USB_DisableGlobalInt
 .text.USB_SetCurrentMode
                0x0800bbc0       0x98 ./Drivers/STM32F4xx_HAL_Driver/Src/stm32f4xx_ll_usb.o
                0x0800bbc0                USB_SetCurrentMode
 .text.USB_DevInit
                0x0800bc58      0x2c8 ./Drivers/STM32F4xx_HAL_Driver/Src/stm32f4xx_ll_usb.o
                0x0800bc58                USB_DevInit
 .text.USB_FlushTxFifo
                0x0800bf20       0x68 ./Drivers/STM32F4xx_HAL_Driver/Src/stm32f4xx_ll_usb.o
                0x0800bf20                USB_FlushTxFifo
 .text.USB_FlushRxFifo
                0x0800bf88       0x60 ./Drivers/STM32F4xx_HAL_Driver/Src/stm32f4xx_ll_usb.o
                0x0800bf88                USB_FlushRxFifo
 .text.USB_SetDevSpeed
                0x0800bfe8       0x32 ./Drivers/STM32F4xx_HAL_Driver/Src/stm32f4xx_ll_usb.o
                0x0800bfe8                USB_SetDevSpeed
 .text.USB_GetDevSpeed
                0x0800c01a       0x4a ./Drivers/STM32F4xx_HAL_Driver/Src/stm32f4xx_ll_usb.o
                0x0800c01a                USB_GetDevSpeed
 .text.USB_ActivateEndpoint
                0x0800c064      0x10e ./Drivers/STM32F4xx_HAL_Driver/Src/stm32f4xx_ll_usb.o
                0x0800c064                USB_ActivateEndpoint
 *fill*         0x0800c172        0x2 
 .text.USB_DeactivateEndpoint
                0x0800c174      0x1b8 ./Drivers/STM32F4xx_HAL_Driver/Src/stm32f4xx_ll_usb.o
                0x0800c174                USB_DeactivateEndpoint
 .text.USB_EPStartXfer
                0x0800c32c      0x490 ./Drivers/STM32F4xx_HAL_Driver/Src/stm32f4xx_ll_usb.o
                0x0800c32c                USB_EPStartXfer
 .text.USB_EP0StartXfer
                0x0800c7bc      0x2b0 ./Drivers/STM32F4xx_HAL_Driver/Src/stm32f4xx_ll_usb.o
                0x0800c7bc                USB_EP0StartXfer
 .text.USB_EPStopXfer
                0x0800ca6c      0x154 ./Drivers/STM32F4xx_HAL_Driver/Src/stm32f4xx_ll_usb.o
                0x0800ca6c                USB_EPStopXfer
 .text.USB_WritePacket
                0x0800cbc0       0x7c ./Drivers/STM32F4xx_HAL_Driver/Src/stm32f4xx_ll_usb.o
                0x0800cbc0                USB_WritePacket
 .text.USB_ReadPacket
                0x0800cc3c       0xb0 ./Drivers/STM32F4xx_HAL_Driver/Src/stm32f4xx_ll_usb.o
                0x0800cc3c                USB_ReadPacket
 .text.USB_EPSetStall
                0x0800ccec       0xdc ./Drivers/STM32F4xx_HAL_Driver/Src/stm32f4xx_ll_usb.o
                0x0800ccec                USB_EPSetStall
 .text.USB_EPClearStall
                0x0800cdc8       0xcc ./Drivers/STM32F4xx_HAL_Driver/Src/stm32f4xx_ll_usb.o
                0x0800cdc8                USB_EPClearStall
 .text.USB_SetDevAddress
                0x0800ce94       0x4c ./Drivers/STM32F4xx_HAL_Driver/Src/stm32f4xx_ll_usb.o
                0x0800ce94                USB_SetDevAddress
 .text.USB_DevConnect
                0x0800cee0       0x42 ./Drivers/STM32F4xx_HAL_Driver/Src/stm32f4xx_ll_usb.o
                0x0800cee0                USB_DevConnect
 .text.USB_DevDisconnect
                0x0800cf22       0x42 ./Drivers/STM32F4xx_HAL_Driver/Src/stm32f4xx_ll_usb.o
                0x0800cf22                USB_DevDisconnect
 .text.USB_ReadInterrupts
                0x0800cf64       0x26 ./Drivers/STM32F4xx_HAL_Driver/Src/stm32f4xx_ll_usb.o
                0x0800cf64                USB_ReadInterrupts
 .text.USB_ReadDevAllOutEpInterrupt
                0x0800cf8a       0x34 ./Drivers/STM32F4xx_HAL_Driver/Src/stm32f4xx_ll_usb.o
                0x0800cf8a                USB_ReadDevAllOutEpInterrupt
 .text.USB_ReadDevAllInEpInterrupt
                0x0800cfbe       0x34 ./Drivers/STM32F4xx_HAL_Driver/Src/stm32f4xx_ll_usb.o
                0x0800cfbe                USB_ReadDevAllInEpInterrupt
 .text.USB_ReadDevOutEPInterrupt
                0x0800cff2       0x3c ./Drivers/STM32F4xx_HAL_Driver/Src/stm32f4xx_ll_usb.o
                0x0800cff2                USB_ReadDevOutEPInterrupt
 .text.USB_ReadDevInEPInterrupt
                0x0800d02e       0x5c ./Drivers/STM32F4xx_HAL_Driver/Src/stm32f4xx_ll_usb.o
                0x0800d02e                USB_ReadDevInEPInterrupt
 .text.USB_GetMode
                0x0800d08a       0x1c ./Drivers/STM32F4xx_HAL_Driver/Src/stm32f4xx_ll_usb.o
                0x0800d08a                USB_GetMode
 .text.USB_ActivateSetup
                0x0800d0a6       0x46 ./Drivers/STM32F4xx_HAL_Driver/Src/stm32f4xx_ll_usb.o
                0x0800d0a6                USB_ActivateSetup
 .text.USB_EP0_OutStart
                0x0800d0ec       0xbc ./Drivers/STM32F4xx_HAL_Driver/Src/stm32f4xx_ll_usb.o
                0x0800d0ec                USB_EP0_OutStart
 .text.USB_CoreReset
                0x0800d1a8       0x68 ./Drivers/STM32F4xx_HAL_Driver/Src/stm32f4xx_ll_usb.o
 .text.USBD_CDC_Init
                0x0800d210      0x1f0 ./Middlewares/ST/STM32_USB_Device_Library/Class/CDC/Src/usbd_cdc.o
 .text.USBD_CDC_DeInit
                0x0800d400      0x104 ./Middlewares/ST/STM32_USB_Device_Library/Class/CDC/Src/usbd_cdc.o
 .text.USBD_CDC_Setup
                0x0800d504      0x1b8 ./Middlewares/ST/STM32_USB_Device_Library/Class/CDC/Src/usbd_cdc.o
 .text.USBD_CDC_DataIn
                0x0800d6bc       0xfe ./Middlewares/ST/STM32_USB_Device_Library/Class/CDC/Src/usbd_cdc.o
 .text.USBD_CDC_DataOut
                0x0800d7ba       0x70 ./Middlewares/ST/STM32_USB_Device_Library/Class/CDC/Src/usbd_cdc.o
 .text.USBD_CDC_EP0_RxReady
                0x0800d82a       0x74 ./Middlewares/ST/STM32_USB_Device_Library/Class/CDC/Src/usbd_cdc.o
 *fill*         0x0800d89e        0x2 
 .text.USBD_CDC_GetFSCfgDesc
                0x0800d8a0       0x70 ./Middlewares/ST/STM32_USB_Device_Library/Class/CDC/Src/usbd_cdc.o
 .text.USBD_CDC_GetHSCfgDesc
                0x0800d910       0x70 ./Middlewares/ST/STM32_USB_Device_Library/Class/CDC/Src/usbd_cdc.o
 .text.USBD_CDC_GetOtherSpeedCfgDesc
                0x0800d980       0x70 ./Middlewares/ST/STM32_USB_Device_Library/Class/CDC/Src/usbd_cdc.o
 .text.USBD_CDC_GetDeviceQualifierDescriptor
                0x0800d9f0       0x20 ./Middlewares/ST/STM32_USB_Device_Library/Class/CDC/Src/usbd_cdc.o
                0x0800d9f0                USBD_CDC_GetDeviceQualifierDescriptor
 .text.USBD_CDC_RegisterInterface
                0x0800da10       0x34 ./Middlewares/ST/STM32_USB_Device_Library/Class/CDC/Src/usbd_cdc.o
                0x0800da10                USBD_CDC_RegisterInterface
 .text.USBD_CDC_SetTxBuffer
                0x0800da44       0x44 ./Middlewares/ST/STM32_USB_Device_Library/Class/CDC/Src/usbd_cdc.o
                0x0800da44                USBD_CDC_SetTxBuffer
 .text.USBD_CDC_SetRxBuffer
                0x0800da88       0x3a ./Middlewares/ST/STM32_USB_Device_Library/Class/CDC/Src/usbd_cdc.o
                0x0800da88                USBD_CDC_SetRxBuffer
 *fill*         0x0800dac2        0x2 
 .text.USBD_CDC_ReceivePacket
                0x0800dac4       0x6c ./Middlewares/ST/STM32_USB_Device_Library/Class/CDC/Src/usbd_cdc.o
                0x0800dac4                USBD_CDC_ReceivePacket
 .text.USBD_Init
                0x0800db30       0x60 ./Middlewares/ST/STM32_USB_Device_Library/Core/Src/usbd_core.o
                0x0800db30                USBD_Init
 .text.USBD_RegisterClass
                0x0800db90       0x6c ./Middlewares/ST/STM32_USB_Device_Library/Core/Src/usbd_core.o
                0x0800db90                USBD_RegisterClass
 .text.USBD_Start
                0x0800dbfc       0x18 ./Middlewares/ST/STM32_USB_Device_Library/Core/Src/usbd_core.o
                0x0800dbfc                USBD_Start
 .text.USBD_RunTestMode
                0x0800dc14       0x16 ./Middlewares/ST/STM32_USB_Device_Library/Core/Src/usbd_core.o
                0x0800dc14                USBD_RunTestMode
 .text.USBD_SetClassConfig
                0x0800dc2a       0x38 ./Middlewares/ST/STM32_USB_Device_Library/Core/Src/usbd_core.o
                0x0800dc2a                USBD_SetClassConfig
 .text.USBD_ClrClassConfig
                0x0800dc62       0x34 ./Middlewares/ST/STM32_USB_Device_Library/Core/Src/usbd_core.o
                0x0800dc62                USBD_ClrClassConfig
 .text.USBD_LL_SetupStage
                0x0800dc96       0xaa ./Middlewares/ST/STM32_USB_Device_Library/Core/Src/usbd_core.o
                0x0800dc96                USBD_LL_SetupStage
 .text.USBD_LL_DataOutStage
                0x0800dd40      0x166 ./Middlewares/ST/STM32_USB_Device_Library/Core/Src/usbd_core.o
                0x0800dd40                USBD_LL_DataOutStage
 .text.USBD_LL_DataInStage
                0x0800dea6      0x164 ./Middlewares/ST/STM32_USB_Device_Library/Core/Src/usbd_core.o
                0x0800dea6                USBD_LL_DataInStage
 .text.USBD_LL_Reset
                0x0800e00a       0xa4 ./Middlewares/ST/STM32_USB_Device_Library/Core/Src/usbd_core.o
                0x0800e00a                USBD_LL_Reset
 .text.USBD_LL_SetSpeed
                0x0800e0ae       0x20 ./Middlewares/ST/STM32_USB_Device_Library/Core/Src/usbd_core.o
                0x0800e0ae                USBD_LL_SetSpeed
 .text.USBD_LL_Suspend
                0x0800e0ce       0x2c ./Middlewares/ST/STM32_USB_Device_Library/Core/Src/usbd_core.o
                0x0800e0ce                USBD_LL_Suspend
 .text.USBD_LL_Resume
                0x0800e0fa       0x30 ./Middlewares/ST/STM32_USB_Device_Library/Core/Src/usbd_core.o
                0x0800e0fa                USBD_LL_Resume
 .text.USBD_LL_SOF
                0x0800e12a       0x40 ./Middlewares/ST/STM32_USB_Device_Library/Core/Src/usbd_core.o
                0x0800e12a                USBD_LL_SOF
 .text.USBD_LL_IsoINIncomplete
                0x0800e16a       0x64 ./Middlewares/ST/STM32_USB_Device_Library/Core/Src/usbd_core.o
                0x0800e16a                USBD_LL_IsoINIncomplete
 .text.USBD_LL_IsoOUTIncomplete
                0x0800e1ce       0x64 ./Middlewares/ST/STM32_USB_Device_Library/Core/Src/usbd_core.o
                0x0800e1ce                USBD_LL_IsoOUTIncomplete
 .text.USBD_LL_DevConnected
                0x0800e232       0x16 ./Middlewares/ST/STM32_USB_Device_Library/Core/Src/usbd_core.o
                0x0800e232                USBD_LL_DevConnected
 .text.USBD_LL_DevDisconnected
                0x0800e248       0x46 ./Middlewares/ST/STM32_USB_Device_Library/Core/Src/usbd_core.o
                0x0800e248                USBD_LL_DevDisconnected
 .text.USBD_CoreFindIF
                0x0800e28e       0x1a ./Middlewares/ST/STM32_USB_Device_Library/Core/Src/usbd_core.o
                0x0800e28e                USBD_CoreFindIF
 .text.USBD_CoreFindEP
                0x0800e2a8       0x1a ./Middlewares/ST/STM32_USB_Device_Library/Core/Src/usbd_core.o
                0x0800e2a8                USBD_CoreFindEP
 .text.USBD_GetEpDesc
                0x0800e2c2       0x70 ./Middlewares/ST/STM32_USB_Device_Library/Core/Src/usbd_core.o
                0x0800e2c2                USBD_GetEpDesc
 .text.USBD_GetNextDesc
                0x0800e332       0x38 ./Middlewares/ST/STM32_USB_Device_Library/Core/Src/usbd_core.o
                0x0800e332                USBD_GetNextDesc
 .text.SWAPBYTE
                0x0800e36a       0x3c ./Middlewares/ST/STM32_USB_Device_Library/Core/Src/usbd_ctlreq.o
 *fill*         0x0800e3a6        0x2 
 .text.USBD_StdDevReq
                0x0800e3a8       0xe4 ./Middlewares/ST/STM32_USB_Device_Library/Core/Src/usbd_ctlreq.o
                0x0800e3a8                USBD_StdDevReq
 .text.USBD_StdItfReq
                0x0800e48c       0xd8 ./Middlewares/ST/STM32_USB_Device_Library/Core/Src/usbd_ctlreq.o
                0x0800e48c                USBD_StdItfReq
 .text.USBD_StdEPReq
                0x0800e564      0x33a ./Middlewares/ST/STM32_USB_Device_Library/Core/Src/usbd_ctlreq.o
                0x0800e564                USBD_StdEPReq
 *fill*         0x0800e89e        0x2 
 .text.USBD_GetDescriptor
                0x0800e8a0      0x2d4 ./Middlewares/ST/STM32_USB_Device_Library/Core/Src/usbd_ctlreq.o
 .text.USBD_SetAddress
                0x0800eb74       0x88 ./Middlewares/ST/STM32_USB_Device_Library/Core/Src/usbd_ctlreq.o
 .text.USBD_SetConfig
                0x0800ebfc      0x154 ./Middlewares/ST/STM32_USB_Device_Library/Core/Src/usbd_ctlreq.o
 .text.USBD_GetConfig
                0x0800ed50       0x6c ./Middlewares/ST/STM32_USB_Device_Library/Core/Src/usbd_ctlreq.o
 .text.USBD_GetStatus
                0x0800edbc       0x68 ./Middlewares/ST/STM32_USB_Device_Library/Core/Src/usbd_ctlreq.o
 .text.USBD_SetFeature
                0x0800ee24       0x52 ./Middlewares/ST/STM32_USB_Device_Library/Core/Src/usbd_ctlreq.o
 .text.USBD_ClrFeature
                0x0800ee76       0x44 ./Middlewares/ST/STM32_USB_Device_Library/Core/Src/usbd_ctlreq.o
 .text.USBD_ParseSetupRequest
                0x0800eeba       0x74 ./Middlewares/ST/STM32_USB_Device_Library/Core/Src/usbd_ctlreq.o
                0x0800eeba                USBD_ParseSetupRequest
 .text.USBD_CtlError
                0x0800ef2e       0x22 ./Middlewares/ST/STM32_USB_Device_Library/Core/Src/usbd_ctlreq.o
                0x0800ef2e                USBD_CtlError
 .text.USBD_GetString
                0x0800ef50       0x8c ./Middlewares/ST/STM32_USB_Device_Library/Core/Src/usbd_ctlreq.o
                0x0800ef50                USBD_GetString
 .text.USBD_GetLen
                0x0800efdc       0x34 ./Middlewares/ST/STM32_USB_Device_Library/Core/Src/usbd_ctlreq.o
 .text.USBD_CtlSendData
                0x0800f010       0x36 ./Middlewares/ST/STM32_USB_Device_Library/Core/Src/usbd_ioreq.o
                0x0800f010                USBD_CtlSendData
 .text.USBD_CtlContinueSendData
                0x0800f046       0x22 ./Middlewares/ST/STM32_USB_Device_Library/Core/Src/usbd_ioreq.o
                0x0800f046                USBD_CtlContinueSendData
 .text.USBD_CtlPrepareRx
                0x0800f068       0x3a ./Middlewares/ST/STM32_USB_Device_Library/Core/Src/usbd_ioreq.o
                0x0800f068                USBD_CtlPrepareRx
 .text.USBD_CtlContinueRx
                0x0800f0a2       0x22 ./Middlewares/ST/STM32_USB_Device_Library/Core/Src/usbd_ioreq.o
                0x0800f0a2                USBD_CtlContinueRx
 .text.USBD_CtlSendStatus
                0x0800f0c4       0x26 ./Middlewares/ST/STM32_USB_Device_Library/Core/Src/usbd_ioreq.o
                0x0800f0c4                USBD_CtlSendStatus
 .text.USBD_CtlReceiveStatus
                0x0800f0ea       0x26 ./Middlewares/ST/STM32_USB_Device_Library/Core/Src/usbd_ioreq.o
                0x0800f0ea                USBD_CtlReceiveStatus
 .text.MX_USB_DEVICE_Init
                0x0800f110       0x60 ./USB_DEVICE/App/usb_device.o
                0x0800f110                MX_USB_DEVICE_Init
 .text.CDC_Init_FS
                0x0800f170       0x28 ./USB_DEVICE/App/usbd_cdc_if.o
 .text.CDC_DeInit_FS
                0x0800f198       0x10 ./USB_DEVICE/App/usbd_cdc_if.o
 .text.CDC_Control_FS
                0x0800f1a8       0xbc ./USB_DEVICE/App/usbd_cdc_if.o
 .text.CDC_Receive_FS
                0x0800f264       0x28 ./USB_DEVICE/App/usbd_cdc_if.o
 .text.CDC_TransmitCplt_FS
                0x0800f28c       0x22 ./USB_DEVICE/App/usbd_cdc_if.o
 *fill*         0x0800f2ae        0x2 
 .text.USBD_FS_DeviceDescriptor
                0x0800f2b0       0x24 ./USB_DEVICE/App/usbd_desc.o
                0x0800f2b0                USBD_FS_DeviceDescriptor
 .text.USBD_FS_LangIDStrDescriptor
                0x0800f2d4       0x24 ./USB_DEVICE/App/usbd_desc.o
                0x0800f2d4                USBD_FS_LangIDStrDescriptor
 .text.USBD_FS_ProductStrDescriptor
                0x0800f2f8       0x3c ./USB_DEVICE/App/usbd_desc.o
                0x0800f2f8                USBD_FS_ProductStrDescriptor
 .text.USBD_FS_ManufacturerStrDescriptor
                0x0800f334       0x28 ./USB_DEVICE/App/usbd_desc.o
                0x0800f334                USBD_FS_ManufacturerStrDescriptor
 .text.USBD_FS_SerialStrDescriptor
                0x0800f35c       0x24 ./USB_DEVICE/App/usbd_desc.o
                0x0800f35c                USBD_FS_SerialStrDescriptor
 .text.USBD_FS_ConfigStrDescriptor
                0x0800f380       0x3c ./USB_DEVICE/App/usbd_desc.o
                0x0800f380                USBD_FS_ConfigStrDescriptor
 .text.USBD_FS_InterfaceStrDescriptor
                0x0800f3bc       0x3c ./USB_DEVICE/App/usbd_desc.o
                0x0800f3bc                USBD_FS_InterfaceStrDescriptor
 .text.Get_SerialNum
                0x0800f3f8       0x4c ./USB_DEVICE/App/usbd_desc.o
 .text.IntToUnicode
                0x0800f444       0x7e ./USB_DEVICE/App/usbd_desc.o
 *fill*         0x0800f4c2        0x2 
 .text.HAL_PCD_MspInit
                0x0800f4c4       0xa8 ./USB_DEVICE/Target/usbd_conf.o
                0x0800f4c4                HAL_PCD_MspInit
 .text.HAL_PCD_SetupStageCallback
                0x0800f56c       0x24 ./USB_DEVICE/Target/usbd_conf.o
                0x0800f56c                HAL_PCD_SetupStageCallback
 .text.HAL_PCD_DataOutStageCallback
                0x0800f590       0x36 ./USB_DEVICE/Target/usbd_conf.o
                0x0800f590                HAL_PCD_DataOutStageCallback
 .text.HAL_PCD_DataInStageCallback
                0x0800f5c6       0x34 ./USB_DEVICE/Target/usbd_conf.o
                0x0800f5c6                HAL_PCD_DataInStageCallback
 .text.HAL_PCD_SOFCallback
                0x0800f5fa       0x1c ./USB_DEVICE/Target/usbd_conf.o
                0x0800f5fa                HAL_PCD_SOFCallback
 .text.HAL_PCD_ResetCallback
                0x0800f616       0x50 ./USB_DEVICE/Target/usbd_conf.o
                0x0800f616                HAL_PCD_ResetCallback
 *fill*         0x0800f666        0x2 
 .text.HAL_PCD_SuspendCallback
                0x0800f668       0x4c ./USB_DEVICE/Target/usbd_conf.o
                0x0800f668                HAL_PCD_SuspendCallback
 .text.HAL_PCD_ResumeCallback
                0x0800f6b4       0x1c ./USB_DEVICE/Target/usbd_conf.o
                0x0800f6b4                HAL_PCD_ResumeCallback
 .text.HAL_PCD_ISOOUTIncompleteCallback
                0x0800f6d0       0x24 ./USB_DEVICE/Target/usbd_conf.o
                0x0800f6d0                HAL_PCD_ISOOUTIncompleteCallback
 .text.HAL_PCD_ISOINIncompleteCallback
                0x0800f6f4       0x24 ./USB_DEVICE/Target/usbd_conf.o
                0x0800f6f4                HAL_PCD_ISOINIncompleteCallback
 .text.HAL_PCD_ConnectCallback
                0x0800f718       0x1c ./USB_DEVICE/Target/usbd_conf.o
                0x0800f718                HAL_PCD_ConnectCallback
 .text.HAL_PCD_DisconnectCallback
                0x0800f734       0x1c ./USB_DEVICE/Target/usbd_conf.o
                0x0800f734                HAL_PCD_DisconnectCallback
 .text.USBD_LL_Init
                0x0800f750       0x98 ./USB_DEVICE/Target/usbd_conf.o
                0x0800f750                USBD_LL_Init
 .text.USBD_LL_Start
                0x0800f7e8       0x36 ./USB_DEVICE/Target/usbd_conf.o
                0x0800f7e8                USBD_LL_Start
 .text.USBD_LL_OpenEP
                0x0800f81e       0x4c ./USB_DEVICE/Target/usbd_conf.o
                0x0800f81e                USBD_LL_OpenEP
 .text.USBD_LL_CloseEP
                0x0800f86a       0x3e ./USB_DEVICE/Target/usbd_conf.o
                0x0800f86a                USBD_LL_CloseEP
 .text.USBD_LL_StallEP
                0x0800f8a8       0x3e ./USB_DEVICE/Target/usbd_conf.o
                0x0800f8a8                USBD_LL_StallEP
 .text.USBD_LL_ClearStallEP
                0x0800f8e6       0x3e ./USB_DEVICE/Target/usbd_conf.o
                0x0800f8e6                USBD_LL_ClearStallEP
 .text.USBD_LL_IsStallEP
                0x0800f924       0x58 ./USB_DEVICE/Target/usbd_conf.o
                0x0800f924                USBD_LL_IsStallEP
 .text.USBD_LL_SetUSBAddress
                0x0800f97c       0x3e ./USB_DEVICE/Target/usbd_conf.o
                0x0800f97c                USBD_LL_SetUSBAddress
 .text.USBD_LL_Transmit
                0x0800f9ba       0x42 ./USB_DEVICE/Target/usbd_conf.o
                0x0800f9ba                USBD_LL_Transmit
 .text.USBD_LL_PrepareReceive
                0x0800f9fc       0x42 ./USB_DEVICE/Target/usbd_conf.o
                0x0800f9fc                USBD_LL_PrepareReceive
 .text.USBD_LL_GetRxDataSize
                0x0800fa3e       0x26 ./USB_DEVICE/Target/usbd_conf.o
                0x0800fa3e                USBD_LL_GetRxDataSize
 .text.USBD_static_malloc
                0x0800fa64       0x1c ./USB_DEVICE/Target/usbd_conf.o
                0x0800fa64                USBD_static_malloc
 .text.USBD_static_free
                0x0800fa80       0x14 ./USB_DEVICE/Target/usbd_conf.o
                0x0800fa80                USBD_static_free
 .text.USBD_Get_USB_Status
                0x0800fa94       0x58 ./USB_DEVICE/Target/usbd_conf.o
                0x0800fa94                USBD_Get_USB_Status
 .text.Encoder_Init
                0x0800faec       0x4c ./User_functions/Encoder.o
                0x0800faec                Encoder_Init
 .text.Encoder_Read
                0x0800fb38       0x24 ./User_functions/Encoder.o
                0x0800fb38                Encoder_Read
 .text.Encoder_Get_Status
                0x0800fb5c       0x50 ./User_functions/Encoder.o
                0x0800fb5c                Encoder_Get_Status
 .text.Encoder_Config
                0x0800fbac       0xa4 ./User_functions/Encoder.o
                0x0800fbac                Encoder_Config
 .text.Message_2_UART_u32
                0x0800fc50      0x164 ./User_functions/format_out.o
                0x0800fc50                Message_2_UART_u32
 .text.RTC_update_and_Terminal
                0x0800fdb4       0x90 ./User_functions/format_out.o
                0x0800fdb4                RTC_update_and_Terminal
 .text.GPIO_Blink_Test
                0x0800fe44       0x54 ./User_functions/format_out.o
                0x0800fe44                GPIO_Blink_Test
 .text.Get_Time
                0x0800fe98       0x88 ./User_functions/format_out.o
                0x0800fe98                Get_Time
 .text.Get_Time_output
                0x0800ff20       0xa4 ./User_functions/format_out.o
                0x0800ff20                Get_Time_output
 .text.Get_Date
                0x0800ffc4       0x7c ./User_functions/format_out.o
                0x0800ffc4                Get_Date
 .text.Datum_Time_from_PC
                0x08010040      0x1f4 ./User_functions/format_out.o
                0x08010040                Datum_Time_from_PC
 .text.DelayMicro
                0x08010234       0x40 ./User_functions/lcd.o
 .text.LCD_WriteByteI2CLCD
                0x08010274       0x34 ./User_functions/lcd.o
                0x08010274                LCD_WriteByteI2CLCD
 .text.sendhalfbyte
                0x080102a8       0x68 ./User_functions/lcd.o
                0x080102a8                sendhalfbyte
 .text.sendbyte
                0x08010310       0x70 ./User_functions/lcd.o
                0x08010310                sendbyte
 .text.LCD_String
                0x08010380       0x3a ./User_functions/lcd.o
                0x08010380                LCD_String
 *fill*         0x080103ba        0x2 
 .text.LCD_SetPos
                0x080103bc       0xac ./User_functions/lcd.o
                0x080103bc                LCD_SetPos
 .text.LCD_ini  0x08010468       0xac ./User_functions/lcd.o
                0x08010468                LCD_ini
 .text.Datum_to_1602LCD
                0x08010514       0x58 ./User_functions/lcd.o
                0x08010514                Datum_to_1602LCD
 .text.snprintf
                0x0801056c       0x68 C:/ST/STM32CubeIDE_1.16.1/STM32CubeIDE/plugins/com.st.stm32cube.ide.mcu.externaltools.gnu-tools-for-stm32.12.3.rel1.win32_1.0.200.202406191623/tools/bin/../lib/gcc/arm-none-eabi/12.3.1/../../../../arm-none-eabi/lib/thumb/v7e-m+fp/hard\libc_nano.a(libc_a-snprintf.o)
                0x0801056c                sniprintf
                0x0801056c                snprintf
 .text.sprintf  0x080105d4       0x40 C:/ST/STM32CubeIDE_1.16.1/STM32CubeIDE/plugins/com.st.stm32cube.ide.mcu.externaltools.gnu-tools-for-stm32.12.3.rel1.win32_1.0.200.202406191623/tools/bin/../lib/gcc/arm-none-eabi/12.3.1/../../../../arm-none-eabi/lib/thumb/v7e-m+fp/hard\libc_nano.a(libc_a-sprintf.o)
                0x080105d4                siprintf
                0x080105d4                sprintf
 .text.memset   0x08010614       0x10 C:/ST/STM32CubeIDE_1.16.1/STM32CubeIDE/plugins/com.st.stm32cube.ide.mcu.externaltools.gnu-tools-for-stm32.12.3.rel1.win32_1.0.200.202406191623/tools/bin/../lib/gcc/arm-none-eabi/12.3.1/../../../../arm-none-eabi/lib/thumb/v7e-m+fp/hard\libc_nano.a(libc_a-memset.o)
                0x08010614                memset
 .text.__errno  0x08010624        0xc C:/ST/STM32CubeIDE_1.16.1/STM32CubeIDE/plugins/com.st.stm32cube.ide.mcu.externaltools.gnu-tools-for-stm32.12.3.rel1.win32_1.0.200.202406191623/tools/bin/../lib/gcc/arm-none-eabi/12.3.1/../../../../arm-none-eabi/lib/thumb/v7e-m+fp/hard\libc_nano.a(libc_a-errno.o)
                0x08010624                __errno
 .text.__libc_init_array
                0x08010630       0x48 C:/ST/STM32CubeIDE_1.16.1/STM32CubeIDE/plugins/com.st.stm32cube.ide.mcu.externaltools.gnu-tools-for-stm32.12.3.rel1.win32_1.0.200.202406191623/tools/bin/../lib/gcc/arm-none-eabi/12.3.1/../../../../arm-none-eabi/lib/thumb/v7e-m+fp/hard\libc_nano.a(libc_a-init.o)
                0x08010630                __libc_init_array
 .text.__retarget_lock_acquire_recursive
                0x08010678        0x2 C:/ST/STM32CubeIDE_1.16.1/STM32CubeIDE/plugins/com.st.stm32cube.ide.mcu.externaltools.gnu-tools-for-stm32.12.3.rel1.win32_1.0.200.202406191623/tools/bin/../lib/gcc/arm-none-eabi/12.3.1/../../../../arm-none-eabi/lib/thumb/v7e-m+fp/hard\libc_nano.a(libc_a-lock.o)
                0x08010678                __retarget_lock_acquire_recursive
 .text.__retarget_lock_release_recursive
                0x0801067a        0x2 C:/ST/STM32CubeIDE_1.16.1/STM32CubeIDE/plugins/com.st.stm32cube.ide.mcu.externaltools.gnu-tools-for-stm32.12.3.rel1.win32_1.0.200.202406191623/tools/bin/../lib/gcc/arm-none-eabi/12.3.1/../../../../arm-none-eabi/lib/thumb/v7e-m+fp/hard\libc_nano.a(libc_a-lock.o)
                0x0801067a                __retarget_lock_release_recursive
 .text._free_r  0x0801067c       0x94 C:/ST/STM32CubeIDE_1.16.1/STM32CubeIDE/plugins/com.st.stm32cube.ide.mcu.externaltools.gnu-tools-for-stm32.12.3.rel1.win32_1.0.200.202406191623/tools/bin/../lib/gcc/arm-none-eabi/12.3.1/../../../../arm-none-eabi/lib/thumb/v7e-m+fp/hard\libc_nano.a(libc_a-freer.o)
                0x0801067c                _free_r
 .text.sbrk_aligned
                0x08010710       0x44 C:/ST/STM32CubeIDE_1.16.1/STM32CubeIDE/plugins/com.st.stm32cube.ide.mcu.externaltools.gnu-tools-for-stm32.12.3.rel1.win32_1.0.200.202406191623/tools/bin/../lib/gcc/arm-none-eabi/12.3.1/../../../../arm-none-eabi/lib/thumb/v7e-m+fp/hard\libc_nano.a(libc_a-mallocr.o)
 .text._malloc_r
                0x08010754      0x100 C:/ST/STM32CubeIDE_1.16.1/STM32CubeIDE/plugins/com.st.stm32cube.ide.mcu.externaltools.gnu-tools-for-stm32.12.3.rel1.win32_1.0.200.202406191623/tools/bin/../lib/gcc/arm-none-eabi/12.3.1/../../../../arm-none-eabi/lib/thumb/v7e-m+fp/hard\libc_nano.a(libc_a-mallocr.o)
                0x08010754                _malloc_r
 .text.__malloc_lock
                0x08010854        0xc C:/ST/STM32CubeIDE_1.16.1/STM32CubeIDE/plugins/com.st.stm32cube.ide.mcu.externaltools.gnu-tools-for-stm32.12.3.rel1.win32_1.0.200.202406191623/tools/bin/../lib/gcc/arm-none-eabi/12.3.1/../../../../arm-none-eabi/lib/thumb/v7e-m+fp/hard\libc_nano.a(libc_a-mlock.o)
                0x08010854                __malloc_lock
 .text.__malloc_unlock
                0x08010860        0xc C:/ST/STM32CubeIDE_1.16.1/STM32CubeIDE/plugins/com.st.stm32cube.ide.mcu.externaltools.gnu-tools-for-stm32.12.3.rel1.win32_1.0.200.202406191623/tools/bin/../lib/gcc/arm-none-eabi/12.3.1/../../../../arm-none-eabi/lib/thumb/v7e-m+fp/hard\libc_nano.a(libc_a-mlock.o)
                0x08010860                __malloc_unlock
 .text.__ssputs_r
                0x0801086c       0xb6 C:/ST/STM32CubeIDE_1.16.1/STM32CubeIDE/plugins/com.st.stm32cube.ide.mcu.externaltools.gnu-tools-for-stm32.12.3.rel1.win32_1.0.200.202406191623/tools/bin/../lib/gcc/arm-none-eabi/12.3.1/../../../../arm-none-eabi/lib/thumb/v7e-m+fp/hard\libc_nano.a(libc_a-nano-svfprintf.o)
                0x0801086c                __ssputs_r
 *fill*         0x08010922        0x2 
 .text._svfprintf_r
                0x08010924      0x1f8 C:/ST/STM32CubeIDE_1.16.1/STM32CubeIDE/plugins/com.st.stm32cube.ide.mcu.externaltools.gnu-tools-for-stm32.12.3.rel1.win32_1.0.200.202406191623/tools/bin/../lib/gcc/arm-none-eabi/12.3.1/../../../../arm-none-eabi/lib/thumb/v7e-m+fp/hard\libc_nano.a(libc_a-nano-svfprintf.o)
                0x08010924                _svfiprintf_r
                0x08010924                _svfprintf_r
 .text._printf_common
                0x08010b1c       0xda C:/ST/STM32CubeIDE_1.16.1/STM32CubeIDE/plugins/com.st.stm32cube.ide.mcu.externaltools.gnu-tools-for-stm32.12.3.rel1.win32_1.0.200.202406191623/tools/bin/../lib/gcc/arm-none-eabi/12.3.1/../../../../arm-none-eabi/lib/thumb/v7e-m+fp/hard\libc_nano.a(libc_a-nano-vfprintf_i.o)
                0x08010b1c                _printf_common
 *fill*         0x08010bf6        0x2 
 .text._printf_i
                0x08010bf8      0x240 C:/ST/STM32CubeIDE_1.16.1/STM32CubeIDE/plugins/com.st.stm32cube.ide.mcu.externaltools.gnu-tools-for-stm32.12.3.rel1.win32_1.0.200.202406191623/tools/bin/../lib/gcc/arm-none-eabi/12.3.1/../../../../arm-none-eabi/lib/thumb/v7e-m+fp/hard\libc_nano.a(libc_a-nano-vfprintf_i.o)
                0x08010bf8                _printf_i
 .text.memmove  0x08010e38       0x34 C:/ST/STM32CubeIDE_1.16.1/STM32CubeIDE/plugins/com.st.stm32cube.ide.mcu.externaltools.gnu-tools-for-stm32.12.3.rel1.win32_1.0.200.202406191623/tools/bin/../lib/gcc/arm-none-eabi/12.3.1/../../../../arm-none-eabi/lib/thumb/v7e-m+fp/hard\libc_nano.a(libc_a-memmove.o)
                0x08010e38                memmove
 .text._sbrk_r  0x08010e6c       0x20 C:/ST/STM32CubeIDE_1.16.1/STM32CubeIDE/plugins/com.st.stm32cube.ide.mcu.externaltools.gnu-tools-for-stm32.12.3.rel1.win32_1.0.200.202406191623/tools/bin/../lib/gcc/arm-none-eabi/12.3.1/../../../../arm-none-eabi/lib/thumb/v7e-m+fp/hard\libc_nano.a(libc_a-sbrkr.o)
                0x08010e6c                _sbrk_r
 .text.memcpy   0x08010e8c       0x1c C:/ST/STM32CubeIDE_1.16.1/STM32CubeIDE/plugins/com.st.stm32cube.ide.mcu.externaltools.gnu-tools-for-stm32.12.3.rel1.win32_1.0.200.202406191623/tools/bin/../lib/gcc/arm-none-eabi/12.3.1/../../../../arm-none-eabi/lib/thumb/v7e-m+fp/hard\libc_nano.a(libc_a-memcpy-stub.o)
                0x08010e8c                memcpy
 .text._realloc_r
                0x08010ea8       0x5c C:/ST/STM32CubeIDE_1.16.1/STM32CubeIDE/plugins/com.st.stm32cube.ide.mcu.externaltools.gnu-tools-for-stm32.12.3.rel1.win32_1.0.200.202406191623/tools/bin/../lib/gcc/arm-none-eabi/12.3.1/../../../../arm-none-eabi/lib/thumb/v7e-m+fp/hard\libc_nano.a(libc_a-reallocr.o)
                0x08010ea8                _realloc_r
 .text._malloc_usable_size_r
                0x08010f04       0x10 C:/ST/STM32CubeIDE_1.16.1/STM32CubeIDE/plugins/com.st.stm32cube.ide.mcu.externaltools.gnu-tools-for-stm32.12.3.rel1.win32_1.0.200.202406191623/tools/bin/../lib/gcc/arm-none-eabi/12.3.1/../../../../arm-none-eabi/lib/thumb/v7e-m+fp/hard\libc_nano.a(libc_a-msizer.o)
                0x08010f04                _malloc_usable_size_r
 *(.glue_7)
 .glue_7        0x08010f14        0x0 linker stubs
 *(.glue_7t)
 .glue_7t       0x08010f14        0x0 linker stubs
 *(.eh_frame)
 .eh_frame      0x08010f14        0x0 C:/ST/STM32CubeIDE_1.16.1/STM32CubeIDE/plugins/com.st.stm32cube.ide.mcu.externaltools.gnu-tools-for-stm32.12.3.rel1.win32_1.0.200.202406191623/tools/bin/../lib/gcc/arm-none-eabi/12.3.1/thumb/v7e-m+fp/hard/crtbegin.o
 *(.init)
 .init          0x08010f14        0x4 C:/ST/STM32CubeIDE_1.16.1/STM32CubeIDE/plugins/com.st.stm32cube.ide.mcu.externaltools.gnu-tools-for-stm32.12.3.rel1.win32_1.0.200.202406191623/tools/bin/../lib/gcc/arm-none-eabi/12.3.1/thumb/v7e-m+fp/hard/crti.o
                0x08010f14                _init
 .init          0x08010f18        0x8 C:/ST/STM32CubeIDE_1.16.1/STM32CubeIDE/plugins/com.st.stm32cube.ide.mcu.externaltools.gnu-tools-for-stm32.12.3.rel1.win32_1.0.200.202406191623/tools/bin/../lib/gcc/arm-none-eabi/12.3.1/thumb/v7e-m+fp/hard/crtn.o
 *(.fini)
 .fini          0x08010f20        0x4 C:/ST/STM32CubeIDE_1.16.1/STM32CubeIDE/plugins/com.st.stm32cube.ide.mcu.externaltools.gnu-tools-for-stm32.12.3.rel1.win32_1.0.200.202406191623/tools/bin/../lib/gcc/arm-none-eabi/12.3.1/thumb/v7e-m+fp/hard/crti.o
                0x08010f20                _fini
 .fini          0x08010f24        0x8 C:/ST/STM32CubeIDE_1.16.1/STM32CubeIDE/plugins/com.st.stm32cube.ide.mcu.externaltools.gnu-tools-for-stm32.12.3.rel1.win32_1.0.200.202406191623/tools/bin/../lib/gcc/arm-none-eabi/12.3.1/thumb/v7e-m+fp/hard/crtn.o
                0x08010f2c                        . = ALIGN (0x4)
                0x08010f2c                        _etext = .

.vfp11_veneer   0x08010f2c        0x0
 .vfp11_veneer  0x08010f2c        0x0 linker stubs

.v4_bx          0x08010f2c        0x0
 .v4_bx         0x08010f2c        0x0 linker stubs

.iplt           0x08010f2c        0x0
 .iplt          0x08010f2c        0x0 C:/ST/STM32CubeIDE_1.16.1/STM32CubeIDE/plugins/com.st.stm32cube.ide.mcu.externaltools.gnu-tools-for-stm32.12.3.rel1.win32_1.0.200.202406191623/tools/bin/../lib/gcc/arm-none-eabi/12.3.1/thumb/v7e-m+fp/hard/crtbegin.o

.rodata         0x08010f2c      0x43c
                0x08010f2c                        . = ALIGN (0x4)
 *(.rodata)
 .rodata        0x08010f2c      0x199 ./Core/Src/main.o
 *fill*         0x080110c5        0x3 
 .rodata        0x080110c8       0x46 ./USB_DEVICE/App/usbd_desc.o
 *fill*         0x0801110e        0x2 
 .rodata        0x08011110      0x160 ./User_functions/format_out.o
 .rodata        0x08011270       0xa1 ./User_functions/lcd.o
 *(.rodata*)
 *fill*         0x08011311        0x3 
 .rodata.AHBPrescTable
                0x08011314       0x10 ./Core/Src/system_stm32f4xx.o
                0x08011314                AHBPrescTable
 .rodata.APBPrescTable
                0x08011324        0x8 ./Core/Src/system_stm32f4xx.o
                0x08011324                APBPrescTable
 .rodata.flagBitshiftOffset.0
                0x0801132c        0x8 ./Drivers/STM32F4xx_HAL_Driver/Src/stm32f4xx_hal_dma.o
 .rodata._svfprintf_r.str1.1
                0x08011334       0x11 C:/ST/STM32CubeIDE_1.16.1/STM32CubeIDE/plugins/com.st.stm32cube.ide.mcu.externaltools.gnu-tools-for-stm32.12.3.rel1.win32_1.0.200.202406191623/tools/bin/../lib/gcc/arm-none-eabi/12.3.1/../../../../arm-none-eabi/lib/thumb/v7e-m+fp/hard\libc_nano.a(libc_a-nano-svfprintf.o)
 .rodata._printf_i.str1.1
                0x08011345       0x22 C:/ST/STM32CubeIDE_1.16.1/STM32CubeIDE/plugins/com.st.stm32cube.ide.mcu.externaltools.gnu-tools-for-stm32.12.3.rel1.win32_1.0.200.202406191623/tools/bin/../lib/gcc/arm-none-eabi/12.3.1/../../../../arm-none-eabi/lib/thumb/v7e-m+fp/hard\libc_nano.a(libc_a-nano-vfprintf_i.o)
                0x08011368                        . = ALIGN (0x4)
 *fill*         0x08011367        0x1 

.ARM.extab      0x08011368        0x0
                0x08011368                        . = ALIGN (0x4)
 *(.ARM.extab* .gnu.linkonce.armextab.*)
                0x08011368                        . = ALIGN (0x4)

.ARM            0x08011368        0x8
                0x08011368                        . = ALIGN (0x4)
                0x08011368                        __exidx_start = .
 *(.ARM.exidx*)
 .ARM.exidx     0x08011368        0x8 C:/ST/STM32CubeIDE_1.16.1/STM32CubeIDE/plugins/com.st.stm32cube.ide.mcu.externaltools.gnu-tools-for-stm32.12.3.rel1.win32_1.0.200.202406191623/tools/bin/../lib/gcc/arm-none-eabi/12.3.1/../../../../arm-none-eabi/lib/thumb/v7e-m+fp/hard\libc_nano.a(libc_a-memchr.o)
 .ARM.exidx     0x08011370        0x0 C:/ST/STM32CubeIDE_1.16.1/STM32CubeIDE/plugins/com.st.stm32cube.ide.mcu.externaltools.gnu-tools-for-stm32.12.3.rel1.win32_1.0.200.202406191623/tools/bin/../lib/gcc/arm-none-eabi/12.3.1/thumb/v7e-m+fp/hard\libgcc.a(_udivmoddi4.o)
                                  0x8 (size before relaxing)
                0x08011370                        __exidx_end = .
                0x08011370                        . = ALIGN (0x4)

.preinit_array  0x08011370        0x0
                0x08011370                        . = ALIGN (0x4)
                0x08011370                        PROVIDE (__preinit_array_start = .)
 *(.preinit_array*)
                0x08011370                        PROVIDE (__preinit_array_end = .)