Archive member included to satisfy reference by file (symbol)

C:/ST/STM32CubeIDE_1.13.0/STM32CubeIDE/plugins/com.st.stm32cube.ide.mcu.externaltools.gnu-tools-for-stm32.11.3.rel1.win32_1.1.0.202305231506/tools/bin/../lib/gcc/arm-none-eabi/11.3.1/../../../../arm-none-eabi/lib/thumb/v7e-m+fp/hard\libc_nano.a(libc_a-exit.o)
                              C:/ST/STM32CubeIDE_1.13.0/STM32CubeIDE/plugins/com.st.stm32cube.ide.mcu.externaltools.gnu-tools-for-stm32.11.3.rel1.win32_1.1.0.202305231506/tools/bin/../lib/gcc/arm-none-eabi/11.3.1/../../../../arm-none-eabi/lib/thumb/v7e-m+fp/hard/crt0.o (exit)
C:/ST/STM32CubeIDE_1.13.0/STM32CubeIDE/plugins/com.st.stm32cube.ide.mcu.externaltools.gnu-tools-for-stm32.11.3.rel1.win32_1.1.0.202305231506/tools/bin/../lib/gcc/arm-none-eabi/11.3.1/../../../../arm-none-eabi/lib/thumb/v7e-m+fp/hard\libc_nano.a(libc_a-findfp.o)
                              C:/ST/STM32CubeIDE_1.13.0/STM32CubeIDE/plugins/com.st.stm32cube.ide.mcu.externaltools.gnu-tools-for-stm32.11.3.rel1.win32_1.1.0.202305231506/tools/bin/../lib/gcc/arm-none-eabi/11.3.1/../../../../arm-none-eabi/lib/thumb/v7e-m+fp/hard\libc_nano.a(libc_a-exit.o) (__stdio_exit_handler)
C:/ST/STM32CubeIDE_1.13.0/STM32CubeIDE/plugins/com.st.stm32cube.ide.mcu.externaltools.gnu-tools-for-stm32.11.3.rel1.win32_1.1.0.202305231506/tools/bin/../lib/gcc/arm-none-eabi/11.3.1/../../../../arm-none-eabi/lib/thumb/v7e-m+fp/hard\libc_nano.a(libc_a-fwalk.o)
                              C:/ST/STM32CubeIDE_1.13.0/STM32CubeIDE/plugins/com.st.stm32cube.ide.mcu.externaltools.gnu-tools-for-stm32.11.3.rel1.win32_1.1.0.202305231506/tools/bin/../lib/gcc/arm-none-eabi/11.3.1/../../../../arm-none-eabi/lib/thumb/v7e-m+fp/hard\libc_nano.a(libc_a-findfp.o) (_fwalk_sglue)
C:/ST/STM32CubeIDE_1.13.0/STM32CubeIDE/plugins/com.st.stm32cube.ide.mcu.externaltools.gnu-tools-for-stm32.11.3.rel1.win32_1.1.0.202305231506/tools/bin/../lib/gcc/arm-none-eabi/11.3.1/../../../../arm-none-eabi/lib/thumb/v7e-m+fp/hard\libc_nano.a(libc_a-snprintf.o)
                              ./Core/Src/main.o (snprintf)
C:/ST/STM32CubeIDE_1.13.0/STM32CubeIDE/plugins/com.st.stm32cube.ide.mcu.externaltools.gnu-tools-for-stm32.11.3.rel1.win32_1.1.0.202305231506/tools/bin/../lib/gcc/arm-none-eabi/11.3.1/../../../../arm-none-eabi/lib/thumb/v7e-m+fp/hard\libc_nano.a(libc_a-sprintf.o)
                              ./Core/Src/main.o (sprintf)
C:/ST/STM32CubeIDE_1.13.0/STM32CubeIDE/plugins/com.st.stm32cube.ide.mcu.externaltools.gnu-tools-for-stm32.11.3.rel1.win32_1.1.0.202305231506/tools/bin/../lib/gcc/arm-none-eabi/11.3.1/../../../../arm-none-eabi/lib/thumb/v7e-m+fp/hard\libc_nano.a(libc_a-stdio.o)
                              C:/ST/STM32CubeIDE_1.13.0/STM32CubeIDE/plugins/com.st.stm32cube.ide.mcu.externaltools.gnu-tools-for-stm32.11.3.rel1.win32_1.1.0.202305231506/tools/bin/../lib/gcc/arm-none-eabi/11.3.1/../../../../arm-none-eabi/lib/thumb/v7e-m+fp/hard\libc_nano.a(libc_a-findfp.o) (__sread)
C:/ST/STM32CubeIDE_1.13.0/STM32CubeIDE/plugins/com.st.stm32cube.ide.mcu.externaltools.gnu-tools-for-stm32.11.3.rel1.win32_1.1.0.202305231506/tools/bin/../lib/gcc/arm-none-eabi/11.3.1/../../../../arm-none-eabi/lib/thumb/v7e-m+fp/hard\libc_nano.a(libc_a-memset.o)
                              C:/ST/STM32CubeIDE_1.13.0/STM32CubeIDE/plugins/com.st.stm32cube.ide.mcu.externaltools.gnu-tools-for-stm32.11.3.rel1.win32_1.1.0.202305231506/tools/bin/../lib/gcc/arm-none-eabi/11.3.1/../../../../arm-none-eabi/lib/thumb/v7e-m+fp/hard/crt0.o (memset)
C:/ST/STM32CubeIDE_1.13.0/STM32CubeIDE/plugins/com.st.stm32cube.ide.mcu.externaltools.gnu-tools-for-stm32.11.3.rel1.win32_1.1.0.202305231506/tools/bin/../lib/gcc/arm-none-eabi/11.3.1/../../../../arm-none-eabi/lib/thumb/v7e-m+fp/hard\libc_nano.a(libc_a-closer.o)
                              C:/ST/STM32CubeIDE_1.13.0/STM32CubeIDE/plugins/com.st.stm32cube.ide.mcu.externaltools.gnu-tools-for-stm32.11.3.rel1.win32_1.1.0.202305231506/tools/bin/../lib/gcc/arm-none-eabi/11.3.1/../../../../arm-none-eabi/lib/thumb/v7e-m+fp/hard\libc_nano.a(libc_a-stdio.o) (_close_r)
C:/ST/STM32CubeIDE_1.13.0/STM32CubeIDE/plugins/com.st.stm32cube.ide.mcu.externaltools.gnu-tools-for-stm32.11.3.rel1.win32_1.1.0.202305231506/tools/bin/../lib/gcc/arm-none-eabi/11.3.1/../../../../arm-none-eabi/lib/thumb/v7e-m+fp/hard\libc_nano.a(libc_a-reent.o)
                              C:/ST/STM32CubeIDE_1.13.0/STM32CubeIDE/plugins/com.st.stm32cube.ide.mcu.externaltools.gnu-tools-for-stm32.11.3.rel1.win32_1.1.0.202305231506/tools/bin/../lib/gcc/arm-none-eabi/11.3.1/../../../../arm-none-eabi/lib/thumb/v7e-m+fp/hard\libc_nano.a(libc_a-closer.o) (errno)
C:/ST/STM32CubeIDE_1.13.0/STM32CubeIDE/plugins/com.st.stm32cube.ide.mcu.externaltools.gnu-tools-for-stm32.11.3.rel1.win32_1.1.0.202305231506/tools/bin/../lib/gcc/arm-none-eabi/11.3.1/../../../../arm-none-eabi/lib/thumb/v7e-m+fp/hard\libc_nano.a(libc_a-impure.o)
[...]
Memory Configuration

Name             Origin             Length             Attributes
CCMRAM           0x0000000010000000 0x0000000000010000 xrw
RAM              0x0000000020000000 0x0000000000020000 xrw
FLASH            0x0000000008000000 0x0000000000100000 xr
*default*        0x0000000000000000 0xffffffffffffffff

Linker script and memory map

LOAD C:/ST/STM32CubeIDE_1.13.0/STM32CubeIDE/plugins/com.st.stm32cube.ide.mcu.externaltools.gnu-tools-for-stm32.11.3.rel1.win32_1.1.0.202305231506/tools/bin/../lib/gcc/arm-none-eabi/11.3.1/thumb/v7e-m+fp/hard/crti.o
LOAD C:/ST/STM32CubeIDE_1.13.0/STM32CubeIDE/plugins/com.st.stm32cube.ide.mcu.externaltools.gnu-tools-for-stm32.11.3.rel1.win32_1.1.0.202305231506/tools/bin/../lib/gcc/arm-none-eabi/11.3.1/thumb/v7e-m+fp/hard/crtbegin.o
LOAD C:/ST/STM32CubeIDE_1.13.0/STM32CubeIDE/plugins/com.st.stm32cube.ide.mcu.externaltools.gnu-tools-for-stm32.11.3.rel1.win32_1.1.0.202305231506/tools/bin/../lib/gcc/arm-none-eabi/11.3.1/../../../../arm-none-eabi/lib/thumb/v7e-m+fp/hard/crt0.o
LOAD ./Core/Src/adc.o
LOAD ./Core/Src/can.o
LOAD ./Core/Src/dma.o
LOAD ./Core/Src/gpio.o
LOAD ./Core/Src/i2c.o
LOAD ./Core/Src/main.o
LOAD ./Core/Src/rtc.o
LOAD ./Core/Src/stm32f4xx_hal_msp.o
LOAD ./Core/Src/stm32f4xx_it.o
LOAD ./Core/Src/syscalls.o
LOAD ./Core/Src/sysmem.o
LOAD ./Core/Src/system_stm32f4xx.o
LOAD ./Core/Src/tim.o
LOAD ./Core/Src/usart.o
LOAD ./Core/Startup/startup_stm32f407vgtx.o
LOAD ./Drivers/STM32F4xx_HAL_Driver/Src/stm32f4xx_hal.o
LOAD ./Drivers/STM32F4xx_HAL_Driver/Src/stm32f4xx_hal_adc.o
LOAD ./Drivers/STM32F4xx_HAL_Driver/Src/stm32f4xx_hal_adc_ex.o
LOAD ./Drivers/STM32F4xx_HAL_Driver/Src/stm32f4xx_hal_can.o
LOAD ./Drivers/STM32F4xx_HAL_Driver/Src/stm32f4xx_hal_cortex.o
LOAD ./Drivers/STM32F4xx_HAL_Driver/Src/stm32f4xx_hal_dma.o
LOAD ./Drivers/STM32F4xx_HAL_Driver/Src/stm32f4xx_hal_dma_ex.o
LOAD ./Drivers/STM32F4xx_HAL_Driver/Src/stm32f4xx_hal_exti.o
LOAD ./Drivers/STM32F4xx_HAL_Driver/Src/stm32f4xx_hal_flash.o
LOAD ./Drivers/STM32F4xx_HAL_Driver/Src/stm32f4xx_hal_flash_ex.o
LOAD ./Drivers/STM32F4xx_HAL_Driver/Src/stm32f4xx_hal_flash_ramfunc.o
LOAD ./Drivers/STM32F4xx_HAL_Driver/Src/stm32f4xx_hal_gpio.o
LOAD ./Drivers/STM32F4xx_HAL_Driver/Src/stm32f4xx_hal_i2c.o
LOAD ./Drivers/STM32F4xx_HAL_Driver/Src/stm32f4xx_hal_i2c_ex.o
LOAD ./Drivers/STM32F4xx_HAL_Driver/Src/stm32f4xx_hal_pcd.o
LOAD ./Drivers/STM32F4xx_HAL_Driver/Src/stm32f4xx_hal_pcd_ex.o
LOAD ./Drivers/STM32F4xx_HAL_Driver/Src/stm32f4xx_hal_pwr.o
LOAD ./Drivers/STM32F4xx_HAL_Driver/Src/stm32f4xx_hal_pwr_ex.o
LOAD ./Drivers/STM32F4xx_HAL_Driver/Src/stm32f4xx_hal_rcc.o
LOAD ./Drivers/STM32F4xx_HAL_Driver/Src/stm32f4xx_hal_rcc_ex.o
LOAD ./Drivers/STM32F4xx_HAL_Driver/Src/stm32f4xx_hal_rtc.o
LOAD ./Drivers/STM32F4xx_HAL_Driver/Src/stm32f4xx_hal_rtc_ex.o
LOAD ./Drivers/STM32F4xx_HAL_Driver/Src/stm32f4xx_hal_tim.o
LOAD ./Drivers/STM32F4xx_HAL_Driver/Src/stm32f4xx_hal_tim_ex.o
LOAD ./Drivers/STM32F4xx_HAL_Driver/Src/stm32f4xx_hal_uart.o
LOAD ./Drivers/STM32F4xx_HAL_Driver/Src/stm32f4xx_ll_adc.o
LOAD ./Drivers/STM32F4xx_HAL_Driver/Src/stm32f4xx_ll_usb.o
LOAD ./Middlewares/ST/STM32_USB_Device_Library/Class/CDC/Src/usbd_cdc.o
LOAD ./Middlewares/ST/STM32_USB_Device_Library/Core/Src/usbd_core.o
LOAD ./Middlewares/ST/STM32_USB_Device_Library/Core/Src/usbd_ctlreq.o
LOAD ./Middlewares/ST/STM32_USB_Device_Library/Core/Src/usbd_ioreq.o
LOAD ./USB_DEVICE/App/usb_device.o
LOAD ./USB_DEVICE/App/usbd_cdc_if.o
LOAD ./USB_DEVICE/App/usbd_desc.o
LOAD ./USB_DEVICE/Target/usbd_conf.o
LOAD ./User_functions/Encoder.o
LOAD ./User_functions/format_out.o
LOAD ./User_functions/lcd.o
START GROUP
LOAD C:/ST/STM32CubeIDE_1.13.0/STM32CubeIDE/plugins/com.st.stm32cube.ide.mcu.externaltools.gnu-tools-for-stm32.11.3.rel1.win32_1.1.0.202305231506/tools/bin/../lib/gcc/arm-none-eabi/11.3.1/../../../../arm-none-eabi/lib/thumb/v7e-m+fp/hard\libc_nano.a
LOAD C:/ST/STM32CubeIDE_1.13.0/STM32CubeIDE/plugins/com.st.stm32cube.ide.mcu.externaltools.gnu-tools-for-stm32.11.3.rel1.win32_1.1.0.202305231506/tools/bin/../lib/gcc/arm-none-eabi/11.3.1/../../../../arm-none-eabi/lib/thumb/v7e-m+fp/hard\libm.a
END GROUP
START GROUP
LOAD C:/ST/STM32CubeIDE_1.13.0/STM32CubeIDE/plugins/com.st.stm32cube.ide.mcu.externaltools.gnu-tools-for-stm32.11.3.rel1.win32_1.1.0.202305231506/tools/bin/../lib/gcc/arm-none-eabi/11.3.1/thumb/v7e-m+fp/hard\libgcc.a
LOAD C:/ST/STM32CubeIDE_1.13.0/STM32CubeIDE/plugins/com.st.stm32cube.ide.mcu.externaltools.gnu-tools-for-stm32.11.3.rel1.win32_1.1.0.202305231506/tools/bin/../lib/gcc/arm-none-eabi/11.3.1/../../../../arm-none-eabi/lib/thumb/v7e-m+fp/hard\libc_nano.a
END GROUP
START GROUP
LOAD C:/ST/STM32CubeIDE_1.13.0/STM32CubeIDE/plugins/com.st.stm32cube.ide.mcu.externaltools.gnu-tools-for-stm32.11.3.rel1.win32_1.1.0.202305231506/tools/bin/../lib/gcc/arm-none-eabi/11.3.1/thumb/v7e-m+fp/hard\libgcc.a
LOAD C:/ST/STM32CubeIDE_1.13.0/STM32CubeIDE/plugins/com.st.stm32cube.ide.mcu.externaltools.gnu-tools-for-stm32.11.3.rel1.win32_1.1.0.202305231506/tools/bin/../lib/gcc/arm-none-eabi/11.3.1/../../../../arm-none-eabi/lib/thumb/v7e-m+fp/hard\libc_nano.a
LOAD C:/ST/STM32CubeIDE_1.13.0/STM32CubeIDE/plugins/com.st.stm32cube.ide.mcu.externaltools.gnu-tools-for-stm32.11.3.rel1.win32_1.1.0.202305231506/tools/bin/../lib/gcc/arm-none-eabi/11.3.1/../../../../arm-none-eabi/lib/thumb/v7e-m+fp/hard\libnosys.a
END GROUP
START GROUP
LOAD C:/ST/STM32CubeIDE_1.13.0/STM32CubeIDE/plugins/com.st.stm32cube.ide.mcu.externaltools.gnu-tools-for-stm32.11.3.rel1.win32_1.1.0.202305231506/tools/bin/../lib/gcc/arm-none-eabi/11.3.1/thumb/v7e-m+fp/hard\libgcc.a
LOAD C:/ST/STM32CubeIDE_1.13.0/STM32CubeIDE/plugins/com.st.stm32cube.ide.mcu.externaltools.gnu-tools-for-stm32.11.3.rel1.win32_1.1.0.202305231506/tools/bin/../lib/gcc/arm-none-eabi/11.3.1/../../../../arm-none-eabi/lib/thumb/v7e-m+fp/hard\libc_nano.a
LOAD C:/ST/STM32CubeIDE_1.13.0/STM32CubeIDE/plugins/com.st.stm32cube.ide.mcu.externaltools.gnu-tools-for-stm32.11.3.rel1.win32_1.1.0.202305231506/tools/bin/../lib/gcc/arm-none-eabi/11.3.1/../../../../arm-none-eabi/lib/thumb/v7e-m+fp/hard\libnosys.a
END GROUP
LOAD C:/ST/STM32CubeIDE_1.13.0/STM32CubeIDE/plugins/com.st.stm32cube.ide.mcu.externaltools.gnu-tools-for-stm32.11.3.rel1.win32_1.1.0.202305231506/tools/bin/../lib/gcc/arm-none-eabi/11.3.1/thumb/v7e-m+fp/hard/crtend.o
LOAD C:/ST/STM32CubeIDE_1.13.0/STM32CubeIDE/plugins/com.st.stm32cube.ide.mcu.externaltools.gnu-tools-for-stm32.11.3.rel1.win32_1.1.0.202305231506/tools/bin/../lib/gcc/arm-none-eabi/11.3.1/thumb/v7e-m+fp/hard/crtn.o
                0x0000000020020000                _estack = (ORIGIN (RAM) + LENGTH (RAM))
                0x0000000000000800                _Min_Heap_Size = 0x800
                0x0000000000000800                _Min_Stack_Size = 0x800

.isr_vector     0x0000000008000000      0x188
                0x0000000008000000                . = ALIGN (0x4)
 *(.isr_vector)
 .isr_vector    0x0000000008000000      0x188 ./Core/Startup/startup_stm32f407vgtx.o
                0x0000000008000000                g_pfnVectors
                0x0000000008000188                . = ALIGN (0x4)

.text           0x0000000008000190    0x108c8
                0x0000000008000190                . = ALIGN (0x4)
 *(.text)
 .text          0x0000000008000190       0x40 C:/ST/STM32CubeIDE_1.13.0/STM32CubeIDE/plugins/com.st.stm32cube.ide.mcu.externaltools.gnu-tools-for-stm32.11.3.rel1.win32_1.1.0.202305231506/tools/bin/../lib/gcc/arm-none-eabi/11.3.1/thumb/v7e-m+fp/hard/crtbegin.o
 .text          0x00000000080001d0       0x10 C:/ST/STM32CubeIDE_1.13.0/STM32CubeIDE/plugins/com.st.stm32cube.ide.mcu.externaltools.gnu-tools-for-stm32.11.3.rel1.win32_1.1.0.202305231506/tools/bin/../lib/gcc/arm-none-eabi/11.3.1/../../../../arm-none-eabi/lib/thumb/v7e-m+fp/hard\libc_nano.a(libc_a-strlen.o)
                0x00000000080001d0                strlen
 .text          0x00000000080001e0       0xa0 C:/ST/STM32CubeIDE_1.13.0/STM32CubeIDE/plugins/com.st.stm32cube.ide.mcu.externaltools.gnu-tools-for-stm32.11.3.rel1.win32_1.1.0.202305231506/tools/bin/../lib/gcc/arm-none-eabi/11.3.1/../../../../arm-none-eabi/lib/thumb/v7e-m+fp/hard\libc_nano.a(libc_a-memchr.o)
                0x00000000080001e0                memchr
 .text          0x0000000008000280       0x30 C:/ST/STM32CubeIDE_1.13.0/STM32CubeIDE/plugins/com.st.stm32cube.ide.mcu.externaltools.gnu-tools-for-stm32.11.3.rel1.win32_1.1.0.202305231506/tools/bin/../lib/gcc/arm-none-eabi/11.3.1/thumb/v7e-m+fp/hard\libgcc.a(_aeabi_uldivmod.o)
                0x0000000008000280                __aeabi_uldivmod
 .text          0x00000000080002b0      0x2c8 C:/ST/STM32CubeIDE_1.13.0/STM32CubeIDE/plugins/com.st.stm32cube.ide.mcu.externaltools.gnu-tools-for-stm32.11.3.rel1.win32_1.1.0.202305231506/tools/bin/../lib/gcc/arm-none-eabi/11.3.1/thumb/v7e-m+fp/hard\libgcc.a(_udivmoddi4.o)
                0x00000000080002b0                __udivmoddi4
 .text          0x0000000008000578        0x4 C:/ST/STM32CubeIDE_1.13.0/STM32CubeIDE/plugins/com.st.stm32cube.ide.mcu.externaltools.gnu-tools-for-stm32.11.3.rel1.win32_1.1.0.202305231506/tools/bin/../lib/gcc/arm-none-eabi/11.3.1/thumb/v7e-m+fp/hard\libgcc.a(_dvmd_tls.o)
                0x0000000008000578                __aeabi_idiv0
                0x0000000008000578                __aeabi_ldiv0
 *(.text*)
 .text.MX_ADC1_Init
                0x000000000800057c       0xa4 ./Core/Src/adc.o
                0x000000000800057c                MX_ADC1_Init
 .text.HAL_ADC_MspInit
                0x0000000008000620       0xb4 ./Core/Src/adc.o
                0x0000000008000620                HAL_ADC_MspInit
 .text.MX_CAN1_Init
                0x00000000080006d4      0x1d8 ./Core/Src/can.o
                0x00000000080006d4                MX_CAN1_Init
 .text.HAL_CAN_MspInit
                0x00000000080008ac      0x1c0 ./Core/Src/can.o
                0x00000000080008ac                HAL_CAN_MspInit
 .text.MX_DMA_Init
                0x0000000008000a6c      0x1f8 ./Core/Src/dma.o
                0x0000000008000a6c                MX_DMA_Init
 .text.MX_GPIO_Init
                0x0000000008000c64      0x1a0 ./Core/Src/gpio.o
                0x0000000008000c64                MX_GPIO_Init
 .text.MX_I2C1_Init
                0x0000000008000e04       0x5c ./Core/Src/i2c.o
                0x0000000008000e04                MX_I2C1_Init
 .text.HAL_I2C_MspInit
                0x0000000008000e60       0xb0 ./Core/Src/i2c.o
                0x0000000008000e60                HAL_I2C_MspInit
 .text.HAL_CAN_RxFifo0MsgPendingCallback
                0x0000000008000f10       0x90 ./Core/Src/main.o
                0x0000000008000f10                HAL_CAN_RxFifo0MsgPendingCallback
 .text.HAL_CAN_RxFifo1MsgPendingCallback
                0x0000000008000fa0       0x84 ./Core/Src/main.o
                0x0000000008000fa0                HAL_CAN_RxFifo1MsgPendingCallback
 .text.HAL_CAN_ErrorCallback
                0x0000000008001024       0x78 ./Core/Src/main.o
                0x0000000008001024                HAL_CAN_ErrorCallback
 .text.HAL_TIM_PeriodElapsedCallback
                0x000000000800109c       0x14 ./Core/Src/main.o
                0x000000000800109c                HAL_TIM_PeriodElapsedCallback
 .text.main     0x00000000080010b0      0x1d8 ./Core/Src/main.o
                0x00000000080010b0                main
 .text.SystemClock_Config
                0x0000000008001288       0xd8 ./Core/Src/main.o
                0x0000000008001288                SystemClock_Config
 .text.CAN_interface_Test
                0x0000000008001360       0xe4 ./Core/Src/main.o
                0x0000000008001360                CAN_interface_Test
 .text.Board_Name_to_Terminal
                0x0000000008001444      0x258 ./Core/Src/main.o
                0x0000000008001444                Board_Name_to_Terminal
 .text.Encoder_to_LCD
                0x000000000800169c      0x17c ./Core/Src/main.o
                0x000000000800169c                Encoder_to_LCD
 .text.Error_Handler
                0x0000000008001818        0xa ./Core/Src/main.o
                0x0000000008001818                Error_Handler
 *fill*         0x0000000008001822        0x2 
 .text.MX_RTC_Init
                0x0000000008001824       0x4c ./Core/Src/rtc.o
                0x0000000008001824                MX_RTC_Init
 .text.HAL_RTC_MspInit
                0x0000000008001870       0x64 ./Core/Src/rtc.o
                0x0000000008001870                HAL_RTC_MspInit
 .text.HAL_MspInit
                0x00000000080018d4       0x50 ./Core/Src/stm32f4xx_hal_msp.o
                0x00000000080018d4                HAL_MspInit
 .text.NMI_Handler
                0x0000000008001924        0x6 ./Core/Src/stm32f4xx_it.o
                0x0000000008001924                NMI_Handler
 .text.HardFault_Handler
                0x000000000800192a        0x6 ./Core/Src/stm32f4xx_it.o
                0x000000000800192a                HardFault_Handler
 .text.MemManage_Handler
                0x0000000008001930        0x6 ./Core/Src/stm32f4xx_it.o
                0x0000000008001930                MemManage_Handler
 .text.BusFault_Handler
                0x0000000008001936        0x6 ./Core/Src/stm32f4xx_it.o
                0x0000000008001936                BusFault_Handler
 .text.UsageFault_Handler
                0x000000000800193c        0x6 ./Core/Src/stm32f4xx_it.o
                0x000000000800193c                UsageFault_Handler
 .text.SVC_Handler
                0x0000000008001942        0xe ./Core/Src/stm32f4xx_it.o
                0x0000000008001942                SVC_Handler
 .text.DebugMon_Handler
                0x0000000008001950        0xe ./Core/Src/stm32f4xx_it.o
                0x0000000008001950                DebugMon_Handler
 .text.PendSV_Handler
                0x000000000800195e        0xe ./Core/Src/stm32f4xx_it.o
                0x000000000800195e                PendSV_Handler
 .text.SysTick_Handler
                0x000000000800196c        0xc ./Core/Src/stm32f4xx_it.o
                0x000000000800196c                SysTick_Handler
 .text.DMA1_Stream2_IRQHandler
                0x0000000008001978       0x14 ./Core/Src/stm32f4xx_it.o
                0x0000000008001978                DMA1_Stream2_IRQHandler
 .text.DMA1_Stream5_IRQHandler
                0x000000000800198c       0x14 ./Core/Src/stm32f4xx_it.o
                0x000000000800198c                DMA1_Stream5_IRQHandler
 .text.DMA1_Stream6_IRQHandler
                0x00000000080019a0       0x14 ./Core/Src/stm32f4xx_it.o
                0x00000000080019a0                DMA1_Stream6_IRQHandler
 .text.ADC_IRQHandler
                0x00000000080019b4       0x14 ./Core/Src/stm32f4xx_it.o
                0x00000000080019b4                ADC_IRQHandler
 .text.CAN1_TX_IRQHandler
                0x00000000080019c8       0x14 ./Core/Src/stm32f4xx_it.o
                0x00000000080019c8                CAN1_TX_IRQHandler
 .text.CAN1_RX0_IRQHandler
                0x00000000080019dc       0x14 ./Core/Src/stm32f4xx_it.o
                0x00000000080019dc                CAN1_RX0_IRQHandler
 .text.CAN1_RX1_IRQHandler
                0x00000000080019f0       0x14 ./Core/Src/stm32f4xx_it.o
                0x00000000080019f0                CAN1_RX1_IRQHandler
 .text.CAN1_SCE_IRQHandler
                0x0000000008001a04       0x14 ./Core/Src/stm32f4xx_it.o
                0x0000000008001a04                CAN1_SCE_IRQHandler
 .text.TIM3_IRQHandler
                0x0000000008001a18       0x14 ./Core/Src/stm32f4xx_it.o
                0x0000000008001a18                TIM3_IRQHandler
 .text.TIM4_IRQHandler
                0x0000000008001a2c       0x14 ./Core/Src/stm32f4xx_it.o
                0x0000000008001a2c                TIM4_IRQHandler
 .text.I2C1_EV_IRQHandler
                0x0000000008001a40       0x14 ./Core/Src/stm32f4xx_it.o
                0x0000000008001a40                I2C1_EV_IRQHandler
 .text.I2C1_ER_IRQHandler
                0x0000000008001a54       0x14 ./Core/Src/stm32f4xx_it.o
                0x0000000008001a54                I2C1_ER_IRQHandler
 .text.USART2_IRQHandler
                0x0000000008001a68       0x14 ./Core/Src/stm32f4xx_it.o
                0x0000000008001a68                USART2_IRQHandler
 .text.RTC_Alarm_IRQHandler
                0x0000000008001a7c       0x14 ./Core/Src/stm32f4xx_it.o
                0x0000000008001a7c                RTC_Alarm_IRQHandler
 .text.TIM8_UP_TIM13_IRQHandler
                0x0000000008001a90       0x14 ./Core/Src/stm32f4xx_it.o
                0x0000000008001a90                TIM8_UP_TIM13_IRQHandler
 .text.TIM6_DAC_IRQHandler
                0x0000000008001aa4       0x14 ./Core/Src/stm32f4xx_it.o
                0x0000000008001aa4                TIM6_DAC_IRQHandler
 .text.DMA2_Stream0_IRQHandler
                0x0000000008001ab8       0x14 ./Core/Src/stm32f4xx_it.o
                0x0000000008001ab8                DMA2_Stream0_IRQHandler
 .text.DMA2_Stream1_IRQHandler
                0x0000000008001acc       0x14 ./Core/Src/stm32f4xx_it.o
                0x0000000008001acc                DMA2_Stream1_IRQHandler
 .text.DMA2_Stream4_IRQHandler
                0x0000000008001ae0       0x14 ./Core/Src/stm32f4xx_it.o
                0x0000000008001ae0                DMA2_Stream4_IRQHandler
 .text.CAN2_TX_IRQHandler
                0x0000000008001af4       0x14 ./Core/Src/stm32f4xx_it.o
                0x0000000008001af4                CAN2_TX_IRQHandler
 .text.CAN2_RX0_IRQHandler
                0x0000000008001b08       0x14 ./Core/Src/stm32f4xx_it.o
                0x0000000008001b08                CAN2_RX0_IRQHandler
 .text.CAN2_RX1_IRQHandler
                0x0000000008001b1c       0x14 ./Core/Src/stm32f4xx_it.o
                0x0000000008001b1c                CAN2_RX1_IRQHandler
 .text.CAN2_SCE_IRQHandler
                0x0000000008001b30       0x14 ./Core/Src/stm32f4xx_it.o
                0x0000000008001b30                CAN2_SCE_IRQHandler
 .text.OTG_FS_IRQHandler
                0x0000000008001b44       0x14 ./Core/Src/stm32f4xx_it.o
                0x0000000008001b44                OTG_FS_IRQHandler
 .text._sbrk    0x0000000008001b58       0x6c ./Core/Src/sysmem.o
                0x0000000008001b58                _sbrk
 .text.SystemInit
                0x0000000008001bc4       0x24 ./Core/Src/system_stm32f4xx.o
                0x0000000008001bc4                SystemInit
 .text.MX_TIM1_Init
                0x0000000008001be8       0xb0 ./Core/Src/tim.o
                0x0000000008001be8                MX_TIM1_Init
 .text.MX_TIM2_Init
                0x0000000008001c98       0x98 ./Core/Src/tim.o
                0x0000000008001c98                MX_TIM2_Init
 .text.MX_TIM3_Init
                0x0000000008001d30       0xa8 ./Core/Src/tim.o
                0x0000000008001d30                MX_TIM3_Init
 .text.MX_TIM4_Init
                0x0000000008001dd8       0x9c ./Core/Src/tim.o
                0x0000000008001dd8                MX_TIM4_Init
 .text.MX_TIM5_Init
                0x0000000008001e74       0x9c ./Core/Src/tim.o
                0x0000000008001e74                MX_TIM5_Init
 .text.MX_TIM6_Init
                0x0000000008001f10       0x6c ./Core/Src/tim.o
                0x0000000008001f10                MX_TIM6_Init
 .text.MX_TIM8_Init
                0x0000000008001f7c       0xa0 ./Core/Src/tim.o
                0x0000000008001f7c                MX_TIM8_Init
 .text.MX_TIM14_Init
                0x000000000800201c       0x48 ./Core/Src/tim.o
                0x000000000800201c                MX_TIM14_Init
 .text.HAL_TIM_Encoder_MspInit
                0x0000000008002064      0x180 ./Core/Src/tim.o
                0x0000000008002064                HAL_TIM_Encoder_MspInit
 .text.HAL_TIM_Base_MspInit
                0x00000000080021e4      0x1b0 ./Core/Src/tim.o
                0x00000000080021e4                HAL_TIM_Base_MspInit
 .text.HAL_TIM_Base_MspDeInit
                0x0000000008002394       0xd4 ./Core/Src/tim.o
                0x0000000008002394                HAL_TIM_Base_MspDeInit
 .text.MX_USART1_UART_Init
                0x0000000008002468       0x54 ./Core/Src/usart.o
                0x0000000008002468                MX_USART1_UART_Init
 .text.MX_USART2_UART_Init
                0x00000000080024bc       0x54 ./Core/Src/usart.o
                0x00000000080024bc                MX_USART2_UART_Init
 .text.HAL_UART_MspInit
                0x0000000008002510      0x1d4 ./Core/Src/usart.o
                0x0000000008002510                HAL_UART_MspInit
 .text.Reset_Handler
                0x00000000080026e4       0x50 ./Core/Startup/startup_stm32f407vgtx.o
                0x00000000080026e4                Reset_Handler
 .text.Default_Handler
                0x0000000008002734        0x2 ./Core/Startup/startup_stm32f407vgtx.o
                0x0000000008002734                HASH_RNG_IRQHandler
                0x0000000008002734                EXTI2_IRQHandler
                0x0000000008002734                TIM8_CC_IRQHandler
                0x0000000008002734                TIM1_CC_IRQHandler
                0x0000000008002734                DMA2_Stream5_IRQHandler
                0x0000000008002734                PVD_IRQHandler
                0x0000000008002734                SDIO_IRQHandler
                0x0000000008002734                TAMP_STAMP_IRQHandler
                0x0000000008002734                EXTI3_IRQHandler
                0x0000000008002734                TIM8_TRG_COM_TIM14_IRQHandler
                0x0000000008002734                TIM1_UP_TIM10_IRQHandler
                0x0000000008002734                I2C3_ER_IRQHandler
                0x0000000008002734                EXTI0_IRQHandler
                0x0000000008002734                I2C2_EV_IRQHandler
                0x0000000008002734                FPU_IRQHandler
                0x0000000008002734                OTG_HS_WKUP_IRQHandler
                0x0000000008002734                DMA2_Stream2_IRQHandler
                0x0000000008002734                SPI1_IRQHandler
                0x0000000008002734                TIM1_BRK_TIM9_IRQHandler
                0x0000000008002734                DCMI_IRQHandler
                0x0000000008002734                DMA2_Stream3_IRQHandler
                0x0000000008002734                USART6_IRQHandler
                0x0000000008002734                USART3_IRQHandler
                0x0000000008002734                UART5_IRQHandler
                0x0000000008002734                DMA1_Stream1_IRQHandler
                0x0000000008002734                UART4_IRQHandler
                0x0000000008002734                RCC_IRQHandler
                0x0000000008002734                TIM8_BRK_TIM12_IRQHandler
                0x0000000008002734                Default_Handler
                0x0000000008002734                EXTI15_10_IRQHandler
                0x0000000008002734                DMA1_Stream7_IRQHandler
                0x0000000008002734                TIM7_IRQHandler
                0x0000000008002734                TIM5_IRQHandler
                0x0000000008002734                DMA2_Stream7_IRQHandler
                0x0000000008002734                I2C3_EV_IRQHandler
                0x0000000008002734                EXTI9_5_IRQHandler
                0x0000000008002734                RTC_WKUP_IRQHandler
                0x0000000008002734                ETH_WKUP_IRQHandler
                0x0000000008002734                SPI2_IRQHandler
                0x0000000008002734                OTG_HS_EP1_IN_IRQHandler
                0x0000000008002734                DMA1_Stream0_IRQHandler
                0x0000000008002734                EXTI4_IRQHandler
                0x0000000008002734                FSMC_IRQHandler
                0x0000000008002734                ETH_IRQHandler
                0x0000000008002734                OTG_HS_EP1_OUT_IRQHandler
                0x0000000008002734                WWDG_IRQHandler
                0x0000000008002734                TIM2_IRQHandler
                0x0000000008002734                OTG_FS_WKUP_IRQHandler
                0x0000000008002734                TIM1_TRG_COM_TIM11_IRQHandler
                0x0000000008002734                OTG_HS_IRQHandler
                0x0000000008002734                EXTI1_IRQHandler
                0x0000000008002734                I2C2_ER_IRQHandler
                0x0000000008002734                FLASH_IRQHandler
                0x0000000008002734                USART1_IRQHandler
                0x0000000008002734                SPI3_IRQHandler
                0x0000000008002734                DMA1_Stream4_IRQHandler
                0x0000000008002734                DMA2_Stream6_IRQHandler
                0x0000000008002734                DMA1_Stream3_IRQHandler
 *fill*         0x0000000008002736        0x2 
 .text.HAL_Init
                0x0000000008002738       0x44 ./Drivers/STM32F4xx_HAL_Driver/Src/stm32f4xx_hal.o
                0x0000000008002738                HAL_Init
 .text.HAL_InitTick
                0x000000000800277c       0x60 ./Drivers/STM32F4xx_HAL_Driver/Src/stm32f4xx_hal.o
                0x000000000800277c                HAL_InitTick
 .text.HAL_IncTick
                0x00000000080027dc       0x28 ./Drivers/STM32F4xx_HAL_Driver/Src/stm32f4xx_hal.o
                0x00000000080027dc                HAL_IncTick
 .text.HAL_GetTick
                0x0000000008002804       0x18 ./Drivers/STM32F4xx_HAL_Driver/Src/stm32f4xx_hal.o
                0x0000000008002804                HAL_GetTick
 .text.HAL_Delay
                0x000000000800281c       0x48 ./Drivers/STM32F4xx_HAL_Driver/Src/stm32f4xx_hal.o
                0x000000000800281c                HAL_Delay
 .text.HAL_GetREVID
                0x0000000008002864       0x18 ./Drivers/STM32F4xx_HAL_Driver/Src/stm32f4xx_hal.o
                0x0000000008002864                HAL_GetREVID
 .text.HAL_GetDEVID
                0x000000000800287c       0x1c ./Drivers/STM32F4xx_HAL_Driver/Src/stm32f4xx_hal.o
                0x000000000800287c                HAL_GetDEVID
 .text.HAL_GetUIDw0
                0x0000000008002898       0x18 ./Drivers/STM32F4xx_HAL_Driver/Src/stm32f4xx_hal.o
                0x0000000008002898                HAL_GetUIDw0
 .text.HAL_GetUIDw1
                0x00000000080028b0       0x18 ./Drivers/STM32F4xx_HAL_Driver/Src/stm32f4xx_hal.o
                0x00000000080028b0                HAL_GetUIDw1
 .text.HAL_GetUIDw2
                0x00000000080028c8       0x18 ./Drivers/STM32F4xx_HAL_Driver/Src/stm32f4xx_hal.o
                0x00000000080028c8                HAL_GetUIDw2
 .text.HAL_ADC_Init
                0x00000000080028e0       0x86 ./Drivers/STM32F4xx_HAL_Driver/Src/stm32f4xx_hal_adc.o
                0x00000000080028e0                HAL_ADC_Init
 .text.HAL_ADC_IRQHandler
                0x0000000008002966      0x220 ./Drivers/STM32F4xx_HAL_Driver/Src/stm32f4xx_hal_adc.o
                0x0000000008002966                HAL_ADC_IRQHandler
 .text.HAL_ADC_ConvCpltCallback
                0x0000000008002b86       0x14 ./Drivers/STM32F4xx_HAL_Driver/Src/stm32f4xx_hal_adc.o
                0x0000000008002b86                HAL_ADC_ConvCpltCallback
 .text.HAL_ADC_LevelOutOfWindowCallback
                0x0000000008002b9a       0x14 ./Drivers/STM32F4xx_HAL_Driver/Src/stm32f4xx_hal_adc.o
                0x0000000008002b9a                HAL_ADC_LevelOutOfWindowCallback
 .text.HAL_ADC_ErrorCallback
                0x0000000008002bae       0x14 ./Drivers/STM32F4xx_HAL_Driver/Src/stm32f4xx_hal_adc.o
                0x0000000008002bae                HAL_ADC_ErrorCallback
 *fill*         0x0000000008002bc2        0x2 
 .text.HAL_ADC_ConfigChannel
                0x0000000008002bc4      0x244 ./Drivers/STM32F4xx_HAL_Driver/Src/stm32f4xx_hal_adc.o
                0x0000000008002bc4                HAL_ADC_ConfigChannel
 .text.ADC_Init
                0x0000000008002e08      0x1f8 ./Drivers/STM32F4xx_HAL_Driver/Src/stm32f4xx_hal_adc.o
 .text.HAL_ADCEx_InjectedConvCpltCallback
                0x0000000008003000       0x14 ./Drivers/STM32F4xx_HAL_Driver/Src/stm32f4xx_hal_adc_ex.o
                0x0000000008003000                HAL_ADCEx_InjectedConvCpltCallback
 .text.HAL_CAN_Init
                0x0000000008003014      0x28c ./Drivers/STM32F4xx_HAL_Driver/Src/stm32f4xx_hal_can.o
                0x0000000008003014                HAL_CAN_Init
 .text.HAL_CAN_ConfigFilter
                0x00000000080032a0      0x1c0 ./Drivers/STM32F4xx_HAL_Driver/Src/stm32f4xx_hal_can.o
                0x00000000080032a0                HAL_CAN_ConfigFilter
 .text.HAL_CAN_Start
                0x0000000008003460       0x88 ./Drivers/STM32F4xx_HAL_Driver/Src/stm32f4xx_hal_can.o
                0x0000000008003460                HAL_CAN_Start
 .text.HAL_CAN_AddTxMessage
                0x00000000080034e8      0x1b6 ./Drivers/STM32F4xx_HAL_Driver/Src/stm32f4xx_hal_can.o
                0x00000000080034e8                HAL_CAN_AddTxMessage
 .text.HAL_CAN_GetRxMessage
                0x000000000800369e      0x224 ./Drivers/STM32F4xx_HAL_Driver/Src/stm32f4xx_hal_can.o
                0x000000000800369e                HAL_CAN_GetRxMessage
 .text.HAL_CAN_ActivateNotification
                0x00000000080038c2       0x4c ./Drivers/STM32F4xx_HAL_Driver/Src/stm32f4xx_hal_can.o
                0x00000000080038c2                HAL_CAN_ActivateNotification
 .text.HAL_CAN_IRQHandler
                0x000000000800390e      0x38a ./Drivers/STM32F4xx_HAL_Driver/Src/stm32f4xx_hal_can.o
                0x000000000800390e                HAL_CAN_IRQHandler
 .text.HAL_CAN_TxMailbox0CompleteCallback
                0x0000000008003c98       0x14 ./Drivers/STM32F4xx_HAL_Driver/Src/stm32f4xx_hal_can.o
                0x0000000008003c98                HAL_CAN_TxMailbox0CompleteCallback
 .text.HAL_CAN_TxMailbox1CompleteCallback
                0x0000000008003cac       0x14 ./Drivers/STM32F4xx_HAL_Driver/Src/stm32f4xx_hal_can.o
                0x0000000008003cac                HAL_CAN_TxMailbox1CompleteCallback
 .text.HAL_CAN_TxMailbox2CompleteCallback
                0x0000000008003cc0       0x14 ./Drivers/STM32F4xx_HAL_Driver/Src/stm32f4xx_hal_can.o
                0x0000000008003cc0                HAL_CAN_TxMailbox2CompleteCallback
 .text.HAL_CAN_TxMailbox0AbortCallback
                0x0000000008003cd4       0x14 ./Drivers/STM32F4xx_HAL_Driver/Src/stm32f4xx_hal_can.o
                0x0000000008003cd4                HAL_CAN_TxMailbox0AbortCallback
 .text.HAL_CAN_TxMailbox1AbortCallback
                0x0000000008003ce8       0x14 ./Drivers/STM32F4xx_HAL_Driver/Src/stm32f4xx_hal_can.o
                0x0000000008003ce8                HAL_CAN_TxMailbox1AbortCallback
 .text.HAL_CAN_TxMailbox2AbortCallback
                0x0000000008003cfc       0x14 ./Drivers/STM32F4xx_HAL_Driver/Src/stm32f4xx_hal_can.o
                0x0000000008003cfc                HAL_CAN_TxMailbox2AbortCallback
 .text.HAL_CAN_RxFifo0FullCallback
                0x0000000008003d10       0x14 ./Drivers/STM32F4xx_HAL_Driver/Src/stm32f4xx_hal_can.o
                0x0000000008003d10                HAL_CAN_RxFifo0FullCallback
 .text.HAL_CAN_RxFifo1FullCallback
                0x0000000008003d24       0x14 ./Drivers/STM32F4xx_HAL_Driver/Src/stm32f4xx_hal_can.o
                0x0000000008003d24                HAL_CAN_RxFifo1FullCallback
 .text.HAL_CAN_SleepCallback
                0x0000000008003d38       0x14 ./Drivers/STM32F4xx_HAL_Driver/Src/stm32f4xx_hal_can.o
                0x0000000008003d38                HAL_CAN_SleepCallback
 .text.HAL_CAN_WakeUpFromRxMsgCallback
                0x0000000008003d4c       0x14 ./Drivers/STM32F4xx_HAL_Driver/Src/stm32f4xx_hal_can.o
                0x0000000008003d4c                HAL_CAN_WakeUpFromRxMsgCallback
 .text.HAL_CAN_GetError
                0x0000000008003d60       0x18 ./Drivers/STM32F4xx_HAL_Driver/Src/stm32f4xx_hal_can.o
                0x0000000008003d60                HAL_CAN_GetError
 .text.__NVIC_SetPriorityGrouping
                0x0000000008003d78       0x48 ./Drivers/STM32F4xx_HAL_Driver/Src/stm32f4xx_hal_cortex.o
 .text.__NVIC_GetPriorityGrouping
                0x0000000008003dc0       0x1c ./Drivers/STM32F4xx_HAL_Driver/Src/stm32f4xx_hal_cortex.o
 .text.__NVIC_EnableIRQ
                0x0000000008003ddc       0x3c ./Drivers/STM32F4xx_HAL_Driver/Src/stm32f4xx_hal_cortex.o
 .text.__NVIC_DisableIRQ
                0x0000000008003e18       0x48 ./Drivers/STM32F4xx_HAL_Driver/Src/stm32f4xx_hal_cortex.o
 .text.__NVIC_SetPriority
                0x0000000008003e60       0x54 ./Drivers/STM32F4xx_HAL_Driver/Src/stm32f4xx_hal_cortex.o
 .text.NVIC_EncodePriority
                0x0000000008003eb4       0x66 ./Drivers/STM32F4xx_HAL_Driver/Src/stm32f4xx_hal_cortex.o
 *fill*         0x0000000008003f1a        0x2 
 .text.SysTick_Config
                0x0000000008003f1c       0x44 ./Drivers/STM32F4xx_HAL_Driver/Src/stm32f4xx_hal_cortex.o
 .text.HAL_NVIC_SetPriorityGrouping
                0x0000000008003f60       0x16 ./Drivers/STM32F4xx_HAL_Driver/Src/stm32f4xx_hal_cortex.o
                0x0000000008003f60                HAL_NVIC_SetPriorityGrouping
 .text.HAL_NVIC_SetPriority
                0x0000000008003f76       0x38 ./Drivers/STM32F4xx_HAL_Driver/Src/stm32f4xx_hal_cortex.o
                0x0000000008003f76                HAL_NVIC_SetPriority
 .text.HAL_NVIC_EnableIRQ
                0x0000000008003fae       0x1c ./Drivers/STM32F4xx_HAL_Driver/Src/stm32f4xx_hal_cortex.o
                0x0000000008003fae                HAL_NVIC_EnableIRQ
 .text.HAL_NVIC_DisableIRQ
                0x0000000008003fca       0x1c ./Drivers/STM32F4xx_HAL_Driver/Src/stm32f4xx_hal_cortex.o
                0x0000000008003fca                HAL_NVIC_DisableIRQ
 .text.HAL_SYSTICK_Config
                0x0000000008003fe6       0x18 ./Drivers/STM32F4xx_HAL_Driver/Src/stm32f4xx_hal_cortex.o
                0x0000000008003fe6                HAL_SYSTICK_Config
 *fill*         0x0000000008003ffe        0x2 
 .text.HAL_DMA_Init
                0x0000000008004000      0x15c ./Drivers/STM32F4xx_HAL_Driver/Src/stm32f4xx_hal_dma.o
                0x0000000008004000                HAL_DMA_Init
 .text.HAL_DMA_DeInit
                0x000000000800415c       0xbc ./Drivers/STM32F4xx_HAL_Driver/Src/stm32f4xx_hal_dma.o
                0x000000000800415c                HAL_DMA_DeInit
 .text.HAL_DMA_Start_IT
                0x0000000008004218       0xb0 ./Drivers/STM32F4xx_HAL_Driver/Src/stm32f4xx_hal_dma.o
                0x0000000008004218                HAL_DMA_Start_IT
 .text.HAL_DMA_Abort
                0x00000000080042c8       0xe0 ./Drivers/STM32F4xx_HAL_Driver/Src/stm32f4xx_hal_dma.o
                0x00000000080042c8                HAL_DMA_Abort
 .text.HAL_DMA_Abort_IT
                0x00000000080043a8       0x44 ./Drivers/STM32F4xx_HAL_Driver/Src/stm32f4xx_hal_dma.o
                0x00000000080043a8                HAL_DMA_Abort_IT
 .text.HAL_DMA_IRQHandler
                0x00000000080043ec      0x314 ./Drivers/STM32F4xx_HAL_Driver/Src/stm32f4xx_hal_dma.o
                0x00000000080043ec                HAL_DMA_IRQHandler
 .text.HAL_DMA_GetState
                0x0000000008004700       0x1c ./Drivers/STM32F4xx_HAL_Driver/Src/stm32f4xx_hal_dma.o
                0x0000000008004700                HAL_DMA_GetState
 .text.DMA_SetConfig
                0x000000000800471c       0x5c ./Drivers/STM32F4xx_HAL_Driver/Src/stm32f4xx_hal_dma.o
 .text.DMA_CalcBaseAndBitshift
                0x0000000008004778       0x6c ./Drivers/STM32F4xx_HAL_Driver/Src/stm32f4xx_hal_dma.o
 .text.DMA_CheckFifoParam
                0x00000000080047e4       0xf8 ./Drivers/STM32F4xx_HAL_Driver/Src/stm32f4xx_hal_dma.o
 .text.HAL_GPIO_Init
                0x00000000080048dc      0x338 ./Drivers/STM32F4xx_HAL_Driver/Src/stm32f4xx_hal_gpio.o
                0x00000000080048dc                HAL_GPIO_Init
 .text.HAL_GPIO_WritePin
                0x0000000008004c14       0x32 ./Drivers/STM32F4xx_HAL_Driver/Src/stm32f4xx_hal_gpio.o
                0x0000000008004c14                HAL_GPIO_WritePin
 .text.HAL_GPIO_TogglePin
                0x0000000008004c46       0x34 ./Drivers/STM32F4xx_HAL_Driver/Src/stm32f4xx_hal_gpio.o
                0x0000000008004c46                HAL_GPIO_TogglePin
 *fill*         0x0000000008004c7a        0x2 
 .text.HAL_I2C_Init
                0x0000000008004c7c      0x300 ./Drivers/STM32F4xx_HAL_Driver/Src/stm32f4xx_hal_i2c.o
                0x0000000008004c7c                HAL_I2C_Init
 .text.HAL_I2C_Master_Transmit
                0x0000000008004f7c      0x1fc ./Drivers/STM32F4xx_HAL_Driver/Src/stm32f4xx_hal_i2c.o
                0x0000000008004f7c                HAL_I2C_Master_Transmit
 .text.HAL_I2C_EV_IRQHandler
                0x0000000008005178      0x2a6 ./Drivers/STM32F4xx_HAL_Driver/Src/stm32f4xx_hal_i2c.o
                0x0000000008005178                HAL_I2C_EV_IRQHandler
 .text.HAL_I2C_ER_IRQHandler
                0x000000000800541e      0x13e ./Drivers/STM32F4xx_HAL_Driver/Src/stm32f4xx_hal_i2c.o
                0x000000000800541e                HAL_I2C_ER_IRQHandler
 .text.HAL_I2C_MasterTxCpltCallback
                0x000000000800555c       0x14 ./Drivers/STM32F4xx_HAL_Driver/Src/stm32f4xx_hal_i2c.o
                0x000000000800555c                HAL_I2C_MasterTxCpltCallback
 .text.HAL_I2C_MasterRxCpltCallback
                0x0000000008005570       0x14 ./Drivers/STM32F4xx_HAL_Driver/Src/stm32f4xx_hal_i2c.o
                0x0000000008005570                HAL_I2C_MasterRxCpltCallback
 .text.HAL_I2C_SlaveTxCpltCallback
                0x0000000008005584       0x14 ./Drivers/STM32F4xx_HAL_Driver/Src/stm32f4xx_hal_i2c.o
                0x0000000008005584                HAL_I2C_SlaveTxCpltCallback
 .text.HAL_I2C_SlaveRxCpltCallback
                0x0000000008005598       0x14 ./Drivers/STM32F4xx_HAL_Driver/Src/stm32f4xx_hal_i2c.o
                0x0000000008005598                HAL_I2C_SlaveRxCpltCallback
 .text.HAL_I2C_AddrCallback
                0x00000000080055ac       0x1c ./Drivers/STM32F4xx_HAL_Driver/Src/stm32f4xx_hal_i2c.o
                0x00000000080055ac                HAL_I2C_AddrCallback
 .text.HAL_I2C_ListenCpltCallback
                0x00000000080055c8       0x14 ./Drivers/STM32F4xx_HAL_Driver/Src/stm32f4xx_hal_i2c.o
                0x00000000080055c8                HAL_I2C_ListenCpltCallback
 .text.HAL_I2C_MemTxCpltCallback
                0x00000000080055dc       0x14 ./Drivers/STM32F4xx_HAL_Driver/Src/stm32f4xx_hal_i2c.o
                0x00000000080055dc                HAL_I2C_MemTxCpltCallback
 .text.HAL_I2C_MemRxCpltCallback
                0x00000000080055f0       0x14 ./Drivers/STM32F4xx_HAL_Driver/Src/stm32f4xx_hal_i2c.o
                0x00000000080055f0                HAL_I2C_MemRxCpltCallback
 .text.HAL_I2C_ErrorCallback
                0x0000000008005604       0x14 ./Drivers/STM32F4xx_HAL_Driver/Src/stm32f4xx_hal_i2c.o
                0x0000000008005604                HAL_I2C_ErrorCallback
 .text.HAL_I2C_AbortCpltCallback
                0x0000000008005618       0x14 ./Drivers/STM32F4xx_HAL_Driver/Src/stm32f4xx_hal_i2c.o
                0x0000000008005618                HAL_I2C_AbortCpltCallback
 .text.I2C_MasterTransmit_TXE
                0x000000000800562c      0x13e ./Drivers/STM32F4xx_HAL_Driver/Src/stm32f4xx_hal_i2c.o
 .text.I2C_MasterTransmit_BTF
                0x000000000800576a       0xf2 ./Drivers/STM32F4xx_HAL_Driver/Src/stm32f4xx_hal_i2c.o
 .text.I2C_MemoryTransmit_TXE_BTF
                0x000000000800585c      0x12a ./Drivers/STM32F4xx_HAL_Driver/Src/stm32f4xx_hal_i2c.o
 .text.I2C_MasterReceive_RXNE
                0x0000000008005986      0x17c ./Drivers/STM32F4xx_HAL_Driver/Src/stm32f4xx_hal_i2c.o
 .text.I2C_MasterReceive_BTF
                0x0000000008005b02      0x1d8 ./Drivers/STM32F4xx_HAL_Driver/Src/stm32f4xx_hal_i2c.o
 .text.I2C_Master_SB
                0x0000000008005cda      0x10c ./Drivers/STM32F4xx_HAL_Driver/Src/stm32f4xx_hal_i2c.o
 .text.I2C_Master_ADD10
                0x0000000008005de6       0x54 ./Drivers/STM32F4xx_HAL_Driver/Src/stm32f4xx_hal_i2c.o
 .text.I2C_Master_ADDR
                0x0000000008005e3a      0x322 ./Drivers/STM32F4xx_HAL_Driver/Src/stm32f4xx_hal_i2c.o
 .text.I2C_SlaveTransmit_TXE
                0x000000000800615c       0x7c ./Drivers/STM32F4xx_HAL_Driver/Src/stm32f4xx_hal_i2c.o
 .text.I2C_SlaveTransmit_BTF
                0x00000000080061d8       0x42 ./Drivers/STM32F4xx_HAL_Driver/Src/stm32f4xx_hal_i2c.o
 .text.I2C_SlaveReceive_RXNE
                0x000000000800621a       0x7e ./Drivers/STM32F4xx_HAL_Driver/Src/stm32f4xx_hal_i2c.o
 .text.I2C_SlaveReceive_BTF
                0x0000000008006298       0x44 ./Drivers/STM32F4xx_HAL_Driver/Src/stm32f4xx_hal_i2c.o
 .text.I2C_Slave_ADDR
                0x00000000080062dc       0x90 ./Drivers/STM32F4xx_HAL_Driver/Src/stm32f4xx_hal_i2c.o
 .text.I2C_Slave_STOPF
                0x000000000800636c      0x268 ./Drivers/STM32F4xx_HAL_Driver/Src/stm32f4xx_hal_i2c.o
 .text.I2C_Slave_AF
                0x00000000080065d4       0xe4 ./Drivers/STM32F4xx_HAL_Driver/Src/stm32f4xx_hal_i2c.o
 .text.I2C_ITError
                0x00000000080066b8      0x26c ./Drivers/STM32F4xx_HAL_Driver/Src/stm32f4xx_hal_i2c.o
 .text.I2C_MasterRequestWrite
                0x0000000008006924      0x104 ./Drivers/STM32F4xx_HAL_Driver/Src/stm32f4xx_hal_i2c.o
 .text.I2C_DMAAbort
                0x0000000008006a28      0x154 ./Drivers/STM32F4xx_HAL_Driver/Src/stm32f4xx_hal_i2c.o
 .text.I2C_WaitOnFlagUntilTimeout
                0x0000000008006b7c       0xae ./Drivers/STM32F4xx_HAL_Driver/Src/stm32f4xx_hal_i2c.o
 .text.I2C_WaitOnMasterAddressFlagUntilTimeout
                0x0000000008006c2a       0xfe ./Drivers/STM32F4xx_HAL_Driver/Src/stm32f4xx_hal_i2c.o
 .text.I2C_WaitOnTXEFlagUntilTimeout
                0x0000000008006d28       0x82 ./Drivers/STM32F4xx_HAL_Driver/Src/stm32f4xx_hal_i2c.o
 .text.I2C_WaitOnBTFFlagUntilTimeout
                0x0000000008006daa       0x82 ./Drivers/STM32F4xx_HAL_Driver/Src/stm32f4xx_hal_i2c.o
 .text.I2C_WaitOnSTOPRequestThroughIT
                0x0000000008006e2c       0x64 ./Drivers/STM32F4xx_HAL_Driver/Src/stm32f4xx_hal_i2c.o
 .text.I2C_IsAcknowledgeFailed
                0x0000000008006e90       0x5e ./Drivers/STM32F4xx_HAL_Driver/Src/stm32f4xx_hal_i2c.o
 .text.I2C_ConvertOtherXferOptions
                0x0000000008006eee       0x36 ./Drivers/STM32F4xx_HAL_Driver/Src/stm32f4xx_hal_i2c.o
 .text.HAL_PCD_Init
                0x0000000008006f24      0x23a ./Drivers/STM32F4xx_HAL_Driver/Src/stm32f4xx_hal_pcd.o
                0x0000000008006f24                HAL_PCD_Init
 .text.HAL_PCD_Start
                0x000000000800715e       0x66 ./Drivers/STM32F4xx_HAL_Driver/Src/stm32f4xx_hal_pcd.o
                0x000000000800715e                HAL_PCD_Start
 .text.HAL_PCD_IRQHandler
                0x00000000080071c4      0x93e ./Drivers/STM32F4xx_HAL_Driver/Src/stm32f4xx_hal_pcd.o
                0x00000000080071c4                HAL_PCD_IRQHandler
 .text.HAL_PCD_SetAddress
                0x0000000008007b02       0x4a ./Drivers/STM32F4xx_HAL_Driver/Src/stm32f4xx_hal_pcd.o
                0x0000000008007b02                HAL_PCD_SetAddress
 .text.HAL_PCD_EP_Open
                0x0000000008007b4c       0xd0 ./Drivers/STM32F4xx_HAL_Driver/Src/stm32f4xx_hal_pcd.o
                0x0000000008007b4c                HAL_PCD_EP_Open
 .text.HAL_PCD_EP_Close
                0x0000000008007c1c       0x94 ./Drivers/STM32F4xx_HAL_Driver/Src/stm32f4xx_hal_pcd.o
                0x0000000008007c1c                HAL_PCD_EP_Close
 .text.HAL_PCD_EP_Receive
                0x0000000008007cb0       0x96 ./Drivers/STM32F4xx_HAL_Driver/Src/stm32f4xx_hal_pcd.o
                0x0000000008007cb0                HAL_PCD_EP_Receive
 .text.HAL_PCD_EP_GetRxCount
                0x0000000008007d46       0x30 ./Drivers/STM32F4xx_HAL_Driver/Src/stm32f4xx_hal_pcd.o
                0x0000000008007d46                HAL_PCD_EP_GetRxCount
 .text.HAL_PCD_EP_Transmit
                0x0000000008007d76       0x94 ./Drivers/STM32F4xx_HAL_Driver/Src/stm32f4xx_hal_pcd.o
                0x0000000008007d76                HAL_PCD_EP_Transmit
 .text.HAL_PCD_EP_SetStall
                0x0000000008007e0a       0xc8 ./Drivers/STM32F4xx_HAL_Driver/Src/stm32f4xx_hal_pcd.o
                0x0000000008007e0a                HAL_PCD_EP_SetStall
 .text.HAL_PCD_EP_ClrStall
                0x0000000008007ed2       0xac ./Drivers/STM32F4xx_HAL_Driver/Src/stm32f4xx_hal_pcd.o
                0x0000000008007ed2                HAL_PCD_EP_ClrStall
 .text.HAL_PCD_EP_Abort
                0x0000000008007f7e       0x62 ./Drivers/STM32F4xx_HAL_Driver/Src/stm32f4xx_hal_pcd.o
                0x0000000008007f7e                HAL_PCD_EP_Abort
 .text.PCD_WriteEmptyTxFifo
                0x0000000008007fe0      0x11a ./Drivers/STM32F4xx_HAL_Driver/Src/stm32f4xx_hal_pcd.o
 *fill*         0x00000000080080fa        0x2 
 .text.PCD_EP_OutXfrComplete_int
                0x00000000080080fc      0x1d0 ./Drivers/STM32F4xx_HAL_Driver/Src/stm32f4xx_hal_pcd.o
 .text.PCD_EP_OutSetupPacket_int
                0x00000000080082cc       0x8c ./Drivers/STM32F4xx_HAL_Driver/Src/stm32f4xx_hal_pcd.o
 .text.HAL_PCDEx_SetTxFiFo
                0x0000000008008358       0x8e ./Drivers/STM32F4xx_HAL_Driver/Src/stm32f4xx_hal_pcd_ex.o
                0x0000000008008358                HAL_PCDEx_SetTxFiFo
 .text.HAL_PCDEx_SetRxFiFo
                0x00000000080083e6       0x22 ./Drivers/STM32F4xx_HAL_Driver/Src/stm32f4xx_hal_pcd_ex.o
                0x00000000080083e6                HAL_PCDEx_SetRxFiFo
 .text.HAL_PCDEx_LPM_Callback
                0x0000000008008408       0x18 ./Drivers/STM32F4xx_HAL_Driver/Src/stm32f4xx_hal_pcd_ex.o
                0x0000000008008408                HAL_PCDEx_LPM_Callback
 .text.HAL_RCC_OscConfig
                0x0000000008008420      0x4f0 ./Drivers/STM32F4xx_HAL_Driver/Src/stm32f4xx_hal_rcc.o
                0x0000000008008420                HAL_RCC_OscConfig
 .text.HAL_RCC_ClockConfig
                0x0000000008008910      0x1cc ./Drivers/STM32F4xx_HAL_Driver/Src/stm32f4xx_hal_rcc.o
                0x0000000008008910                HAL_RCC_ClockConfig
 .text.HAL_RCC_GetSysClockFreq
                0x0000000008008adc      0x20c ./Drivers/STM32F4xx_HAL_Driver/Src/stm32f4xx_hal_rcc.o
                0x0000000008008adc                HAL_RCC_GetSysClockFreq
 .text.HAL_RCC_GetHCLKFreq
                0x0000000008008ce8       0x18 ./Drivers/STM32F4xx_HAL_Driver/Src/stm32f4xx_hal_rcc.o
                0x0000000008008ce8                HAL_RCC_GetHCLKFreq
 .text.HAL_RCC_GetPCLK1Freq
                0x0000000008008d00       0x28 ./Drivers/STM32F4xx_HAL_Driver/Src/stm32f4xx_hal_rcc.o
                0x0000000008008d00                HAL_RCC_GetPCLK1Freq
 .text.HAL_RCC_GetPCLK2Freq
                0x0000000008008d28       0x28 ./Drivers/STM32F4xx_HAL_Driver/Src/stm32f4xx_hal_rcc.o
                0x0000000008008d28                HAL_RCC_GetPCLK2Freq
 .text.HAL_RCCEx_PeriphCLKConfig
                0x0000000008008d50      0x1c4 ./Drivers/STM32F4xx_HAL_Driver/Src/stm32f4xx_hal_rcc_ex.o
                0x0000000008008d50                HAL_RCCEx_PeriphCLKConfig
 .text.HAL_RTC_Init
                0x0000000008008f14       0xec ./Drivers/STM32F4xx_HAL_Driver/Src/stm32f4xx_hal_rtc.o
                0x0000000008008f14                HAL_RTC_Init
 .text.HAL_RTC_GetTime
                0x0000000008009000       0xbc ./Drivers/STM32F4xx_HAL_Driver/Src/stm32f4xx_hal_rtc.o
                0x0000000008009000                HAL_RTC_GetTime
 .text.HAL_RTC_GetDate
                0x00000000080090bc       0x9e ./Drivers/STM32F4xx_HAL_Driver/Src/stm32f4xx_hal_rtc.o
                0x00000000080090bc                HAL_RTC_GetDate
 *fill*         0x000000000800915a        0x2 
 .text.HAL_RTC_AlarmIRQHandler
                0x000000000800915c       0x8c ./Drivers/STM32F4xx_HAL_Driver/Src/stm32f4xx_hal_rtc.o
                0x000000000800915c                HAL_RTC_AlarmIRQHandler
 .text.HAL_RTC_AlarmAEventCallback
                0x00000000080091e8       0x14 ./Drivers/STM32F4xx_HAL_Driver/Src/stm32f4xx_hal_rtc.o
                0x00000000080091e8                HAL_RTC_AlarmAEventCallback
 .text.HAL_RTC_WaitForSynchro
                0x00000000080091fc       0x50 ./Drivers/STM32F4xx_HAL_Driver/Src/stm32f4xx_hal_rtc.o
                0x00000000080091fc                HAL_RTC_WaitForSynchro
 .text.RTC_EnterInitMode
                0x000000000800924c       0x6e ./Drivers/STM32F4xx_HAL_Driver/Src/stm32f4xx_hal_rtc.o
                0x000000000800924c                RTC_EnterInitMode
 .text.RTC_ExitInitMode
                0x00000000080092ba       0x4a ./Drivers/STM32F4xx_HAL_Driver/Src/stm32f4xx_hal_rtc.o
                0x00000000080092ba                RTC_ExitInitMode
 .text.RTC_Bcd2ToByte
                0x0000000008009304       0x38 ./Drivers/STM32F4xx_HAL_Driver/Src/stm32f4xx_hal_rtc.o
                0x0000000008009304                RTC_Bcd2ToByte
 .text.HAL_RTCEx_AlarmBEventCallback
                0x000000000800933c       0x14 ./Drivers/STM32F4xx_HAL_Driver/Src/stm32f4xx_hal_rtc_ex.o
                0x000000000800933c                HAL_RTCEx_AlarmBEventCallback
 .text.HAL_TIM_Base_Init
                0x0000000008009350       0xb8 ./Drivers/STM32F4xx_HAL_Driver/Src/stm32f4xx_hal_tim.o
                0x0000000008009350                HAL_TIM_Base_Init
 .text.HAL_TIM_Base_Start
                0x0000000008009408       0xd0 ./Drivers/STM32F4xx_HAL_Driver/Src/stm32f4xx_hal_tim.o
                0x0000000008009408                HAL_TIM_Base_Start
 .text.HAL_TIM_Base_Start_IT
                0x00000000080094d8       0xe0 ./Drivers/STM32F4xx_HAL_Driver/Src/stm32f4xx_hal_tim.o
                0x00000000080094d8                HAL_TIM_Base_Start_IT
 .text.HAL_TIM_Encoder_Init
                0x00000000080095b8      0x168 ./Drivers/STM32F4xx_HAL_Driver/Src/stm32f4xx_hal_tim.o
                0x00000000080095b8                HAL_TIM_Encoder_Init
 .text.HAL_TIM_Encoder_Start
                0x0000000008009720      0x11c ./Drivers/STM32F4xx_HAL_Driver/Src/stm32f4xx_hal_tim.o
                0x0000000008009720                HAL_TIM_Encoder_Start
 .text.HAL_TIM_IRQHandler
                0x000000000800983c      0x250 ./Drivers/STM32F4xx_HAL_Driver/Src/stm32f4xx_hal_tim.o
                0x000000000800983c                HAL_TIM_IRQHandler
 .text.HAL_TIM_ConfigClockSource
                0x0000000008009a8c      0x18e ./Drivers/STM32F4xx_HAL_Driver/Src/stm32f4xx_hal_tim.o
                0x0000000008009a8c                HAL_TIM_ConfigClockSource
 .text.HAL_TIM_PeriodElapsedHalfCpltCallback
                0x0000000008009c1a       0x14 ./Drivers/STM32F4xx_HAL_Driver/Src/stm32f4xx_hal_tim.o
                0x0000000008009c1a                HAL_TIM_PeriodElapsedHalfCpltCallback
 .text.HAL_TIM_OC_DelayElapsedCallback
                0x0000000008009c2e       0x14 ./Drivers/STM32F4xx_HAL_Driver/Src/stm32f4xx_hal_tim.o
                0x0000000008009c2e                HAL_TIM_OC_DelayElapsedCallback
 .text.HAL_TIM_IC_CaptureCallback
                0x0000000008009c42       0x14 ./Drivers/STM32F4xx_HAL_Driver/Src/stm32f4xx_hal_tim.o
                0x0000000008009c42                HAL_TIM_IC_CaptureCallback
 .text.HAL_TIM_IC_CaptureHalfCpltCallback
                0x0000000008009c56       0x14 ./Drivers/STM32F4xx_HAL_Driver/Src/stm32f4xx_hal_tim.o
                0x0000000008009c56                HAL_TIM_IC_CaptureHalfCpltCallback
 .text.HAL_TIM_PWM_PulseFinishedCallback
                0x0000000008009c6a       0x14 ./Drivers/STM32F4xx_HAL_Driver/Src/stm32f4xx_hal_tim.o
                0x0000000008009c6a                HAL_TIM_PWM_PulseFinishedCallback
 .text.HAL_TIM_PWM_PulseFinishedHalfCpltCallback
                0x0000000008009c7e       0x14 ./Drivers/STM32F4xx_HAL_Driver/Src/stm32f4xx_hal_tim.o
                0x0000000008009c7e                HAL_TIM_PWM_PulseFinishedHalfCpltCallback
 .text.HAL_TIM_TriggerCallback
                0x0000000008009c92       0x14 ./Drivers/STM32F4xx_HAL_Driver/Src/stm32f4xx_hal_tim.o
                0x0000000008009c92                HAL_TIM_TriggerCallback
 .text.HAL_TIM_TriggerHalfCpltCallback
                0x0000000008009ca6       0x14 ./Drivers/STM32F4xx_HAL_Driver/Src/stm32f4xx_hal_tim.o
                0x0000000008009ca6                HAL_TIM_TriggerHalfCpltCallback
 .text.HAL_TIM_ErrorCallback
                0x0000000008009cba       0x14 ./Drivers/STM32F4xx_HAL_Driver/Src/stm32f4xx_hal_tim.o
                0x0000000008009cba                HAL_TIM_ErrorCallback
 *fill*         0x0000000008009cce        0x2 
 .text.TIM_Base_SetConfig
                0x0000000008009cd0      0x140 ./Drivers/STM32F4xx_HAL_Driver/Src/stm32f4xx_hal_tim.o
                0x0000000008009cd0                TIM_Base_SetConfig
 .text.TIM_TI1_ConfigInputStage
                0x0000000008009e10       0x5e ./Drivers/STM32F4xx_HAL_Driver/Src/stm32f4xx_hal_tim.o
 .text.TIM_TI2_ConfigInputStage
                0x0000000008009e6e       0x60 ./Drivers/STM32F4xx_HAL_Driver/Src/stm32f4xx_hal_tim.o
 .text.TIM_ITRx_SetConfig
                0x0000000008009ece       0x36 ./Drivers/STM32F4xx_HAL_Driver/Src/stm32f4xx_hal_tim.o
 .text.TIM_ETR_SetConfig
                0x0000000008009f04       0x40 ./Drivers/STM32F4xx_HAL_Driver/Src/stm32f4xx_hal_tim.o
                0x0000000008009f04                TIM_ETR_SetConfig
 .text.TIM_CCxChannelCmd
                0x0000000008009f44       0x4a ./Drivers/STM32F4xx_HAL_Driver/Src/stm32f4xx_hal_tim.o
                0x0000000008009f44                TIM_CCxChannelCmd
 *fill*         0x0000000008009f8e        0x2 
 .text.TIM_ResetCallback
                0x0000000008009f90       0xb0 ./Drivers/STM32F4xx_HAL_Driver/Src/stm32f4xx_hal_tim.o
                0x0000000008009f90                TIM_ResetCallback
 .text.HAL_TIMEx_MasterConfigSynchronization
                0x000000000800a040       0xf8 ./Drivers/STM32F4xx_HAL_Driver/Src/stm32f4xx_hal_tim_ex.o
                0x000000000800a040                HAL_TIMEx_MasterConfigSynchronization
 .text.HAL_TIMEx_CommutCallback
                0x000000000800a138       0x14 ./Drivers/STM32F4xx_HAL_Driver/Src/stm32f4xx_hal_tim_ex.o
                0x000000000800a138                HAL_TIMEx_CommutCallback
 .text.HAL_TIMEx_CommutHalfCpltCallback
                0x000000000800a14c       0x14 ./Drivers/STM32F4xx_HAL_Driver/Src/stm32f4xx_hal_tim_ex.o
                0x000000000800a14c                HAL_TIMEx_CommutHalfCpltCallback
 .text.HAL_TIMEx_BreakCallback
                0x000000000800a160       0x14 ./Drivers/STM32F4xx_HAL_Driver/Src/stm32f4xx_hal_tim_ex.o
                0x000000000800a160                HAL_TIMEx_BreakCallback
 .text.HAL_UART_Init
                0x000000000800a174       0xb4 ./Drivers/STM32F4xx_HAL_Driver/Src/stm32f4xx_hal_uart.o
                0x000000000800a174                HAL_UART_Init
 .text.HAL_UART_Transmit
                0x000000000800a228      0x124 ./Drivers/STM32F4xx_HAL_Driver/Src/stm32f4xx_hal_uart.o
                0x000000000800a228                HAL_UART_Transmit
 .text.HAL_UART_Transmit_IT
                0x000000000800a34c       0x8a ./Drivers/STM32F4xx_HAL_Driver/Src/stm32f4xx_hal_uart.o
                0x000000000800a34c                HAL_UART_Transmit_IT
 *fill*         0x000000000800a3d6        0x2 
 .text.HAL_UART_Transmit_DMA
                0x000000000800a3d8       0xfc ./Drivers/STM32F4xx_HAL_Driver/Src/stm32f4xx_hal_uart.o
                0x000000000800a3d8                HAL_UART_Transmit_DMA
 .text.HAL_UART_Receive_DMA
                0x000000000800a4d4       0x60 ./Drivers/STM32F4xx_HAL_Driver/Src/stm32f4xx_hal_uart.o
                0x000000000800a4d4                HAL_UART_Receive_DMA
 .text.HAL_UART_IRQHandler
                0x000000000800a534      0x524 ./Drivers/STM32F4xx_HAL_Driver/Src/stm32f4xx_hal_uart.o
                0x000000000800a534                HAL_UART_IRQHandler
 .text.HAL_UART_TxCpltCallback
                0x000000000800aa58       0x14 ./Drivers/STM32F4xx_HAL_Driver/Src/stm32f4xx_hal_uart.o
                0x000000000800aa58                HAL_UART_TxCpltCallback
 .text.HAL_UART_TxHalfCpltCallback
                0x000000000800aa6c       0x14 ./Drivers/STM32F4xx_HAL_Driver/Src/stm32f4xx_hal_uart.o
                0x000000000800aa6c                HAL_UART_TxHalfCpltCallback
 .text.HAL_UART_RxCpltCallback
                0x000000000800aa80       0x14 ./Drivers/STM32F4xx_HAL_Driver/Src/stm32f4xx_hal_uart.o
                0x000000000800aa80                HAL_UART_RxCpltCallback
 .text.HAL_UART_RxHalfCpltCallback
                0x000000000800aa94       0x14 ./Drivers/STM32F4xx_HAL_Driver/Src/stm32f4xx_hal_uart.o
                0x000000000800aa94                HAL_UART_RxHalfCpltCallback
 .text.HAL_UART_ErrorCallback
                0x000000000800aaa8       0x14 ./Drivers/STM32F4xx_HAL_Driver/Src/stm32f4xx_hal_uart.o
                0x000000000800aaa8                HAL_UART_ErrorCallback
 .text.HAL_UART_AbortCpltCallback
                0x000000000800aabc       0x14 ./Drivers/STM32F4xx_HAL_Driver/Src/stm32f4xx_hal_uart.o
                0x000000000800aabc                HAL_UART_AbortCpltCallback
 .text.HAL_UART_AbortTransmitCpltCallback
                0x000000000800aad0       0x14 ./Drivers/STM32F4xx_HAL_Driver/Src/stm32f4xx_hal_uart.o
                0x000000000800aad0                HAL_UART_AbortTransmitCpltCallback
 .text.HAL_UART_AbortReceiveCpltCallback
                0x000000000800aae4       0x14 ./Drivers/STM32F4xx_HAL_Driver/Src/stm32f4xx_hal_uart.o
                0x000000000800aae4                HAL_UART_AbortReceiveCpltCallback
 .text.HAL_UARTEx_RxEventCallback
                0x000000000800aaf8       0x18 ./Drivers/STM32F4xx_HAL_Driver/Src/stm32f4xx_hal_uart.o
                0x000000000800aaf8                HAL_UARTEx_RxEventCallback
 .text.UART_InitCallbacksToDefault
                0x000000000800ab10       0x70 ./Drivers/STM32F4xx_HAL_Driver/Src/stm32f4xx_hal_uart.o
                0x000000000800ab10                UART_InitCallbacksToDefault
 .text.UART_DMATransmitCplt
                0x000000000800ab80       0x9c ./Drivers/STM32F4xx_HAL_Driver/Src/stm32f4xx_hal_uart.o
 .text.UART_DMATxHalfCplt
                0x000000000800ac1c       0x1e ./Drivers/STM32F4xx_HAL_Driver/Src/stm32f4xx_hal_uart.o
 .text.UART_DMAReceiveCplt
                0x000000000800ac3a      0x12a ./Drivers/STM32F4xx_HAL_Driver/Src/stm32f4xx_hal_uart.o
 .text.UART_DMARxHalfCplt
                0x000000000800ad64       0x3a ./Drivers/STM32F4xx_HAL_Driver/Src/stm32f4xx_hal_uart.o
 .text.UART_DMAError
                0x000000000800ad9e       0x96 ./Drivers/STM32F4xx_HAL_Driver/Src/stm32f4xx_hal_uart.o
 .text.UART_WaitOnFlagUntilTimeout
                0x000000000800ae34       0xdc ./Drivers/STM32F4xx_HAL_Driver/Src/stm32f4xx_hal_uart.o
 .text.UART_Start_Receive_DMA
                0x000000000800af10      0x13c ./Drivers/STM32F4xx_HAL_Driver/Src/stm32f4xx_hal_uart.o
                0x000000000800af10                UART_Start_Receive_DMA
 .text.UART_EndTxTransfer
                0x000000000800b04c       0x50 ./Drivers/STM32F4xx_HAL_Driver/Src/stm32f4xx_hal_uart.o
 .text.UART_EndRxTransfer
                0x000000000800b09c       0xc6 ./Drivers/STM32F4xx_HAL_Driver/Src/stm32f4xx_hal_uart.o
 .text.UART_DMAAbortOnError
                0x000000000800b162       0x2a ./Drivers/STM32F4xx_HAL_Driver/Src/stm32f4xx_hal_uart.o
 .text.UART_Transmit_IT
                0x000000000800b18c       0xa0 ./Drivers/STM32F4xx_HAL_Driver/Src/stm32f4xx_hal_uart.o
 .text.UART_EndTransmit_IT
                0x000000000800b22c       0x32 ./Drivers/STM32F4xx_HAL_Driver/Src/stm32f4xx_hal_uart.o
 .text.UART_Receive_IT
                0x000000000800b25e      0x17a ./Drivers/STM32F4xx_HAL_Driver/Src/stm32f4xx_hal_uart.o
 .text.UART_SetConfig
                0x000000000800b3d8      0x4e8 ./Drivers/STM32F4xx_HAL_Driver/Src/stm32f4xx_hal_uart.o
 .text.USB_CoreInit
                0x000000000800b8c0       0xc2 ./Drivers/STM32F4xx_HAL_Driver/Src/stm32f4xx_ll_usb.o
                0x000000000800b8c0                USB_CoreInit
 *fill*         0x000000000800b982        0x2 
 .text.USB_SetTurnaroundTime
                0x000000000800b984      0x144 ./Drivers/STM32F4xx_HAL_Driver/Src/stm32f4xx_ll_usb.o
                0x000000000800b984                USB_SetTurnaroundTime
 .text.USB_EnableGlobalInt
                0x000000000800bac8       0x22 ./Drivers/STM32F4xx_HAL_Driver/Src/stm32f4xx_ll_usb.o
                0x000000000800bac8                USB_EnableGlobalInt
 .text.USB_DisableGlobalInt
                0x000000000800baea       0x22 ./Drivers/STM32F4xx_HAL_Driver/Src/stm32f4xx_ll_usb.o
                0x000000000800baea                USB_DisableGlobalInt
 .text.USB_SetCurrentMode
                0x000000000800bb0c       0x98 ./Drivers/STM32F4xx_HAL_Driver/Src/stm32f4xx_ll_usb.o
                0x000000000800bb0c                USB_SetCurrentMode
 .text.USB_DevInit
                0x000000000800bba4      0x2c8 ./Drivers/STM32F4xx_HAL_Driver/Src/stm32f4xx_ll_usb.o
                0x000000000800bba4                USB_DevInit
 .text.USB_FlushTxFifo
                0x000000000800be6c       0x68 ./Drivers/STM32F4xx_HAL_Driver/Src/stm32f4xx_ll_usb.o
                0x000000000800be6c                USB_FlushTxFifo
 .text.USB_FlushRxFifo
                0x000000000800bed4       0x60 ./Drivers/STM32F4xx_HAL_Driver/Src/stm32f4xx_ll_usb.o
                0x000000000800bed4                USB_FlushRxFifo
 .text.USB_SetDevSpeed
                0x000000000800bf34       0x32 ./Drivers/STM32F4xx_HAL_Driver/Src/stm32f4xx_ll_usb.o
                0x000000000800bf34                USB_SetDevSpeed
 .text.USB_GetDevSpeed
                0x000000000800bf66       0x4a ./Drivers/STM32F4xx_HAL_Driver/Src/stm32f4xx_ll_usb.o
                0x000000000800bf66                USB_GetDevSpeed
 .text.USB_ActivateEndpoint
                0x000000000800bfb0      0x10e ./Drivers/STM32F4xx_HAL_Driver/Src/stm32f4xx_ll_usb.o
                0x000000000800bfb0                USB_ActivateEndpoint
 *fill*         0x000000000800c0be        0x2 
 .text.USB_DeactivateEndpoint
                0x000000000800c0c0      0x1b8 ./Drivers/STM32F4xx_HAL_Driver/Src/stm32f4xx_ll_usb.o
                0x000000000800c0c0                USB_DeactivateEndpoint
 .text.USB_EPStartXfer
                0x000000000800c278      0x490 ./Drivers/STM32F4xx_HAL_Driver/Src/stm32f4xx_ll_usb.o
                0x000000000800c278                USB_EPStartXfer
 .text.USB_EP0StartXfer
                0x000000000800c708      0x2b0 ./Drivers/STM32F4xx_HAL_Driver/Src/stm32f4xx_ll_usb.o
                0x000000000800c708                USB_EP0StartXfer
 .text.USB_EPStopXfer
                0x000000000800c9b8      0x154 ./Drivers/STM32F4xx_HAL_Driver/Src/stm32f4xx_ll_usb.o
                0x000000000800c9b8                USB_EPStopXfer
 .text.USB_WritePacket
                0x000000000800cb0c       0x7c ./Drivers/STM32F4xx_HAL_Driver/Src/stm32f4xx_ll_usb.o
                0x000000000800cb0c                USB_WritePacket
 .text.USB_ReadPacket
                0x000000000800cb88       0xb0 ./Drivers/STM32F4xx_HAL_Driver/Src/stm32f4xx_ll_usb.o
                0x000000000800cb88                USB_ReadPacket
 .text.USB_EPSetStall
                0x000000000800cc38       0xdc ./Drivers/STM32F4xx_HAL_Driver/Src/stm32f4xx_ll_usb.o
                0x000000000800cc38                USB_EPSetStall
 .text.USB_EPClearStall
                0x000000000800cd14       0xcc ./Drivers/STM32F4xx_HAL_Driver/Src/stm32f4xx_ll_usb.o
                0x000000000800cd14                USB_EPClearStall
 .text.USB_SetDevAddress
                0x000000000800cde0       0x4c ./Drivers/STM32F4xx_HAL_Driver/Src/stm32f4xx_ll_usb.o
                0x000000000800cde0                USB_SetDevAddress
 .text.USB_DevConnect
                0x000000000800ce2c       0x42 ./Drivers/STM32F4xx_HAL_Driver/Src/stm32f4xx_ll_usb.o
                0x000000000800ce2c                USB_DevConnect
 .text.USB_DevDisconnect
                0x000000000800ce6e       0x42 ./Drivers/STM32F4xx_HAL_Driver/Src/stm32f4xx_ll_usb.o
                0x000000000800ce6e                USB_DevDisconnect
 .text.USB_ReadInterrupts
                0x000000000800ceb0       0x26 ./Drivers/STM32F4xx_HAL_Driver/Src/stm32f4xx_ll_usb.o
                0x000000000800ceb0                USB_ReadInterrupts
 .text.USB_ReadDevAllOutEpInterrupt
                0x000000000800ced6       0x34 ./Drivers/STM32F4xx_HAL_Driver/Src/stm32f4xx_ll_usb.o
                0x000000000800ced6                USB_ReadDevAllOutEpInterrupt
 .text.USB_ReadDevAllInEpInterrupt
                0x000000000800cf0a       0x34 ./Drivers/STM32F4xx_HAL_Driver/Src/stm32f4xx_ll_usb.o
                0x000000000800cf0a                USB_ReadDevAllInEpInterrupt
 .text.USB_ReadDevOutEPInterrupt
                0x000000000800cf3e       0x3c ./Drivers/STM32F4xx_HAL_Driver/Src/stm32f4xx_ll_usb.o
                0x000000000800cf3e                USB_ReadDevOutEPInterrupt
 .text.USB_ReadDevInEPInterrupt
                0x000000000800cf7a       0x5c ./Drivers/STM32F4xx_HAL_Driver/Src/stm32f4xx_ll_usb.o
                0x000000000800cf7a                USB_ReadDevInEPInterrupt
 .text.USB_GetMode
                0x000000000800cfd6       0x1c ./Drivers/STM32F4xx_HAL_Driver/Src/stm32f4xx_ll_usb.o
                0x000000000800cfd6                USB_GetMode
 .text.USB_ActivateSetup
                0x000000000800cff2       0x46 ./Drivers/STM32F4xx_HAL_Driver/Src/stm32f4xx_ll_usb.o
                0x000000000800cff2                USB_ActivateSetup
 .text.USB_EP0_OutStart
                0x000000000800d038       0xbc ./Drivers/STM32F4xx_HAL_Driver/Src/stm32f4xx_ll_usb.o
                0x000000000800d038                USB_EP0_OutStart
 .text.USB_CoreReset
                0x000000000800d0f4       0x68 ./Drivers/STM32F4xx_HAL_Driver/Src/stm32f4xx_ll_usb.o
 .text.USBD_CDC_Init
                0x000000000800d15c      0x1f0 ./Middlewares/ST/STM32_USB_Device_Library/Class/CDC/Src/usbd_cdc.o
 .text.USBD_CDC_DeInit
                0x000000000800d34c      0x104 ./Middlewares/ST/STM32_USB_Device_Library/Class/CDC/Src/usbd_cdc.o
 .text.USBD_CDC_Setup
                0x000000000800d450      0x1b8 ./Middlewares/ST/STM32_USB_Device_Library/Class/CDC/Src/usbd_cdc.o
 .text.USBD_CDC_DataIn
                0x000000000800d608       0xfe ./Middlewares/ST/STM32_USB_Device_Library/Class/CDC/Src/usbd_cdc.o
 .text.USBD_CDC_DataOut
                0x000000000800d706       0x70 ./Middlewares/ST/STM32_USB_Device_Library/Class/CDC/Src/usbd_cdc.o
 .text.USBD_CDC_EP0_RxReady
                0x000000000800d776       0x76 ./Middlewares/ST/STM32_USB_Device_Library/Class/CDC/Src/usbd_cdc.o
 .text.USBD_CDC_GetFSCfgDesc
                0x000000000800d7ec       0x70 ./Middlewares/ST/STM32_USB_Device_Library/Class/CDC/Src/usbd_cdc.o
 .text.USBD_CDC_GetHSCfgDesc
                0x000000000800d85c       0x70 ./Middlewares/ST/STM32_USB_Device_Library/Class/CDC/Src/usbd_cdc.o
 .text.USBD_CDC_GetOtherSpeedCfgDesc
                0x000000000800d8cc       0x70 ./Middlewares/ST/STM32_USB_Device_Library/Class/CDC/Src/usbd_cdc.o
 .text.USBD_CDC_GetDeviceQualifierDescriptor
                0x000000000800d93c       0x20 ./Middlewares/ST/STM32_USB_Device_Library/Class/CDC/Src/usbd_cdc.o
                0x000000000800d93c                USBD_CDC_GetDeviceQualifierDescriptor
 .text.USBD_CDC_RegisterInterface
                0x000000000800d95c       0x34 ./Middlewares/ST/STM32_USB_Device_Library/Class/CDC/Src/usbd_cdc.o
                0x000000000800d95c                USBD_CDC_RegisterInterface
 .text.USBD_CDC_SetTxBuffer
                0x000000000800d990       0x44 ./Middlewares/ST/STM32_USB_Device_Library/Class/CDC/Src/usbd_cdc.o
                0x000000000800d990                USBD_CDC_SetTxBuffer
 .text.USBD_CDC_SetRxBuffer
                0x000000000800d9d4       0x3a ./Middlewares/ST/STM32_USB_Device_Library/Class/CDC/Src/usbd_cdc.o
                0x000000000800d9d4                USBD_CDC_SetRxBuffer
 *fill*         0x000000000800da0e        0x2 
 .text.USBD_CDC_ReceivePacket
                0x000000000800da10       0x6c ./Middlewares/ST/STM32_USB_Device_Library/Class/CDC/Src/usbd_cdc.o
                0x000000000800da10                USBD_CDC_ReceivePacket
 .text.USBD_Init
                0x000000000800da7c       0x60 ./Middlewares/ST/STM32_USB_Device_Library/Core/Src/usbd_core.o
                0x000000000800da7c                USBD_Init
 .text.USBD_RegisterClass
                0x000000000800dadc       0x6c ./Middlewares/ST/STM32_USB_Device_Library/Core/Src/usbd_core.o
                0x000000000800dadc                USBD_RegisterClass
 .text.USBD_Start
                0x000000000800db48       0x18 ./Middlewares/ST/STM32_USB_Device_Library/Core/Src/usbd_core.o
                0x000000000800db48                USBD_Start
 .text.USBD_RunTestMode
                0x000000000800db60       0x16 ./Middlewares/ST/STM32_USB_Device_Library/Core/Src/usbd_core.o
                0x000000000800db60                USBD_RunTestMode
 .text.USBD_SetClassConfig
                0x000000000800db76       0x38 ./Middlewares/ST/STM32_USB_Device_Library/Core/Src/usbd_core.o
                0x000000000800db76                USBD_SetClassConfig
 .text.USBD_ClrClassConfig
                0x000000000800dbae       0x34 ./Middlewares/ST/STM32_USB_Device_Library/Core/Src/usbd_core.o
                0x000000000800dbae                USBD_ClrClassConfig
 .text.USBD_LL_SetupStage
                0x000000000800dbe2       0xaa ./Middlewares/ST/STM32_USB_Device_Library/Core/Src/usbd_core.o
                0x000000000800dbe2                USBD_LL_SetupStage
 .text.USBD_LL_DataOutStage
                0x000000000800dc8c      0x166 ./Middlewares/ST/STM32_USB_Device_Library/Core/Src/usbd_core.o
                0x000000000800dc8c                USBD_LL_DataOutStage
 .text.USBD_LL_DataInStage
                0x000000000800ddf2      0x164 ./Middlewares/ST/STM32_USB_Device_Library/Core/Src/usbd_core.o
                0x000000000800ddf2                USBD_LL_DataInStage
 .text.USBD_LL_Reset
                0x000000000800df56       0xa4 ./Middlewares/ST/STM32_USB_Device_Library/Core/Src/usbd_core.o
                0x000000000800df56                USBD_LL_Reset
 .text.USBD_LL_SetSpeed
                0x000000000800dffa       0x20 ./Middlewares/ST/STM32_USB_Device_Library/Core/Src/usbd_core.o
                0x000000000800dffa                USBD_LL_SetSpeed
 .text.USBD_LL_Suspend
                0x000000000800e01a       0x2c ./Middlewares/ST/STM32_USB_Device_Library/Core/Src/usbd_core.o
                0x000000000800e01a                USBD_LL_Suspend
 .text.USBD_LL_Resume
                0x000000000800e046       0x30 ./Middlewares/ST/STM32_USB_Device_Library/Core/Src/usbd_core.o
                0x000000000800e046                USBD_LL_Resume
 .text.USBD_LL_SOF
                0x000000000800e076       0x40 ./Middlewares/ST/STM32_USB_Device_Library/Core/Src/usbd_core.o
                0x000000000800e076                USBD_LL_SOF
 .text.USBD_LL_IsoINIncomplete
                0x000000000800e0b6       0x64 ./Middlewares/ST/STM32_USB_Device_Library/Core/Src/usbd_core.o
                0x000000000800e0b6                USBD_LL_IsoINIncomplete
 .text.USBD_LL_IsoOUTIncomplete
                0x000000000800e11a       0x64 ./Middlewares/ST/STM32_USB_Device_Library/Core/Src/usbd_core.o
                0x000000000800e11a                USBD_LL_IsoOUTIncomplete
 .text.USBD_LL_DevConnected
                0x000000000800e17e       0x16 ./Middlewares/ST/STM32_USB_Device_Library/Core/Src/usbd_core.o
                0x000000000800e17e                USBD_LL_DevConnected
 .text.USBD_LL_DevDisconnected
                0x000000000800e194       0x46 ./Middlewares/ST/STM32_USB_Device_Library/Core/Src/usbd_core.o
                0x000000000800e194                USBD_LL_DevDisconnected
 .text.USBD_CoreFindIF
                0x000000000800e1da       0x1a ./Middlewares/ST/STM32_USB_Device_Library/Core/Src/usbd_core.o
                0x000000000800e1da                USBD_CoreFindIF
 .text.USBD_CoreFindEP
                0x000000000800e1f4       0x1a ./Middlewares/ST/STM32_USB_Device_Library/Core/Src/usbd_core.o
                0x000000000800e1f4                USBD_CoreFindEP
 .text.USBD_GetEpDesc
                0x000000000800e20e       0x74 ./Middlewares/ST/STM32_USB_Device_Library/Core/Src/usbd_core.o
                0x000000000800e20e                USBD_GetEpDesc
 .text.USBD_GetNextDesc
                0x000000000800e282       0x3a ./Middlewares/ST/STM32_USB_Device_Library/Core/Src/usbd_core.o
                0x000000000800e282                USBD_GetNextDesc
 .text.SWAPBYTE
                0x000000000800e2bc       0x3c ./Middlewares/ST/STM32_USB_Device_Library/Core/Src/usbd_ctlreq.o
 .text.USBD_StdDevReq
                0x000000000800e2f8       0xe4 ./Middlewares/ST/STM32_USB_Device_Library/Core/Src/usbd_ctlreq.o
                0x000000000800e2f8                USBD_StdDevReq
 .text.USBD_StdItfReq
                0x000000000800e3dc       0xd8 ./Middlewares/ST/STM32_USB_Device_Library/Core/Src/usbd_ctlreq.o
                0x000000000800e3dc                USBD_StdItfReq
 .text.USBD_StdEPReq
                0x000000000800e4b4      0x33a ./Middlewares/ST/STM32_USB_Device_Library/Core/Src/usbd_ctlreq.o
                0x000000000800e4b4                USBD_StdEPReq
 *fill*         0x000000000800e7ee        0x2 
 .text.USBD_GetDescriptor
                0x000000000800e7f0      0x2d4 ./Middlewares/ST/STM32_USB_Device_Library/Core/Src/usbd_ctlreq.o
 .text.USBD_SetAddress
                0x000000000800eac4       0x88 ./Middlewares/ST/STM32_USB_Device_Library/Core/Src/usbd_ctlreq.o
 .text.USBD_SetConfig
                0x000000000800eb4c      0x154 ./Middlewares/ST/STM32_USB_Device_Library/Core/Src/usbd_ctlreq.o
 .text.USBD_GetConfig
                0x000000000800eca0       0x6c ./Middlewares/ST/STM32_USB_Device_Library/Core/Src/usbd_ctlreq.o
 .text.USBD_GetStatus
                0x000000000800ed0c       0x68 ./Middlewares/ST/STM32_USB_Device_Library/Core/Src/usbd_ctlreq.o
 .text.USBD_SetFeature
                0x000000000800ed74       0x52 ./Middlewares/ST/STM32_USB_Device_Library/Core/Src/usbd_ctlreq.o
 .text.USBD_ClrFeature
                0x000000000800edc6       0x44 ./Middlewares/ST/STM32_USB_Device_Library/Core/Src/usbd_ctlreq.o
 .text.USBD_ParseSetupRequest
                0x000000000800ee0a       0x74 ./Middlewares/ST/STM32_USB_Device_Library/Core/Src/usbd_ctlreq.o
                0x000000000800ee0a                USBD_ParseSetupRequest
 .text.USBD_CtlError
                0x000000000800ee7e       0x22 ./Middlewares/ST/STM32_USB_Device_Library/Core/Src/usbd_ctlreq.o
                0x000000000800ee7e                USBD_CtlError
 .text.USBD_GetString
                0x000000000800eea0       0x8c ./Middlewares/ST/STM32_USB_Device_Library/Core/Src/usbd_ctlreq.o
                0x000000000800eea0                USBD_GetString
 .text.USBD_GetLen
                0x000000000800ef2c       0x34 ./Middlewares/ST/STM32_USB_Device_Library/Core/Src/usbd_ctlreq.o
 .text.USBD_CtlSendData
                0x000000000800ef60       0x36 ./Middlewares/ST/STM32_USB_Device_Library/Core/Src/usbd_ioreq.o
                0x000000000800ef60                USBD_CtlSendData
 .text.USBD_CtlContinueSendData
                0x000000000800ef96       0x22 ./Middlewares/ST/STM32_USB_Device_Library/Core/Src/usbd_ioreq.o
                0x000000000800ef96                USBD_CtlContinueSendData
 .text.USBD_CtlPrepareRx
                0x000000000800efb8       0x3a ./Middlewares/ST/STM32_USB_Device_Library/Core/Src/usbd_ioreq.o
                0x000000000800efb8                USBD_CtlPrepareRx
 .text.USBD_CtlContinueRx
                0x000000000800eff2       0x22 ./Middlewares/ST/STM32_USB_Device_Library/Core/Src/usbd_ioreq.o
                0x000000000800eff2                USBD_CtlContinueRx
 .text.USBD_CtlSendStatus
                0x000000000800f014       0x26 ./Middlewares/ST/STM32_USB_Device_Library/Core/Src/usbd_ioreq.o
                0x000000000800f014                USBD_CtlSendStatus
 .text.USBD_CtlReceiveStatus
                0x000000000800f03a       0x26 ./Middlewares/ST/STM32_USB_Device_Library/Core/Src/usbd_ioreq.o
                0x000000000800f03a                USBD_CtlReceiveStatus
 .text.MX_USB_DEVICE_Init
                0x000000000800f060       0x60 ./USB_DEVICE/App/usb_device.o
                0x000000000800f060                MX_USB_DEVICE_Init
 .text.CDC_Init_FS
                0x000000000800f0c0       0x28 ./USB_DEVICE/App/usbd_cdc_if.o
 .text.CDC_DeInit_FS
                0x000000000800f0e8       0x10 ./USB_DEVICE/App/usbd_cdc_if.o
 .text.CDC_Control_FS
                0x000000000800f0f8       0xbc ./USB_DEVICE/App/usbd_cdc_if.o
 .text.CDC_Receive_FS
                0x000000000800f1b4       0x28 ./USB_DEVICE/App/usbd_cdc_if.o
 .text.CDC_TransmitCplt_FS
                0x000000000800f1dc       0x22 ./USB_DEVICE/App/usbd_cdc_if.o
 *fill*         0x000000000800f1fe        0x2 
 .text.USBD_FS_DeviceDescriptor
                0x000000000800f200       0x24 ./USB_DEVICE/App/usbd_desc.o
                0x000000000800f200                USBD_FS_DeviceDescriptor
 .text.USBD_FS_LangIDStrDescriptor
                0x000000000800f224       0x24 ./USB_DEVICE/App/usbd_desc.o
                0x000000000800f224                USBD_FS_LangIDStrDescriptor
 .text.USBD_FS_ProductStrDescriptor
                0x000000000800f248       0x3c ./USB_DEVICE/App/usbd_desc.o
                0x000000000800f248                USBD_FS_ProductStrDescriptor
 .text.USBD_FS_ManufacturerStrDescriptor
                0x000000000800f284       0x28 ./USB_DEVICE/App/usbd_desc.o
                0x000000000800f284                USBD_FS_ManufacturerStrDescriptor
 .text.USBD_FS_SerialStrDescriptor
                0x000000000800f2ac       0x24 ./USB_DEVICE/App/usbd_desc.o
                0x000000000800f2ac                USBD_FS_SerialStrDescriptor
 .text.USBD_FS_ConfigStrDescriptor
                0x000000000800f2d0       0x3c ./USB_DEVICE/App/usbd_desc.o
                0x000000000800f2d0                USBD_FS_ConfigStrDescriptor
 .text.USBD_FS_InterfaceStrDescriptor
                0x000000000800f30c       0x3c ./USB_DEVICE/App/usbd_desc.o
                0x000000000800f30c                USBD_FS_InterfaceStrDescriptor
 .text.Get_SerialNum
                0x000000000800f348       0x4c ./USB_DEVICE/App/usbd_desc.o
 .text.IntToUnicode
                0x000000000800f394       0x7e ./USB_DEVICE/App/usbd_desc.o
 *fill*         0x000000000800f412        0x2 
 .text.HAL_PCD_MspInit
                0x000000000800f414       0xa8 ./USB_DEVICE/Target/usbd_conf.o
                0x000000000800f414                HAL_PCD_MspInit
 .text.HAL_PCD_SetupStageCallback
                0x000000000800f4bc       0x24 ./USB_DEVICE/Target/usbd_conf.o
                0x000000000800f4bc                HAL_PCD_SetupStageCallback
 .text.HAL_PCD_DataOutStageCallback
                0x000000000800f4e0       0x36 ./USB_DEVICE/Target/usbd_conf.o
                0x000000000800f4e0                HAL_PCD_DataOutStageCallback
 .text.HAL_PCD_DataInStageCallback
                0x000000000800f516       0x34 ./USB_DEVICE/Target/usbd_conf.o
                0x000000000800f516                HAL_PCD_DataInStageCallback
 .text.HAL_PCD_SOFCallback
                0x000000000800f54a       0x1c ./USB_DEVICE/Target/usbd_conf.o
                0x000000000800f54a                HAL_PCD_SOFCallback
 .text.HAL_PCD_ResetCallback
                0x000000000800f566       0x50 ./USB_DEVICE/Target/usbd_conf.o
                0x000000000800f566                HAL_PCD_ResetCallback
 *fill*         0x000000000800f5b6        0x2 
 .text.HAL_PCD_SuspendCallback
                0x000000000800f5b8       0x4c ./USB_DEVICE/Target/usbd_conf.o
                0x000000000800f5b8                HAL_PCD_SuspendCallback
 .text.HAL_PCD_ResumeCallback
                0x000000000800f604       0x1c ./USB_DEVICE/Target/usbd_conf.o
                0x000000000800f604                HAL_PCD_ResumeCallback
 .text.HAL_PCD_ISOOUTIncompleteCallback
                0x000000000800f620       0x24 ./USB_DEVICE/Target/usbd_conf.o
                0x000000000800f620                HAL_PCD_ISOOUTIncompleteCallback
 .text.HAL_PCD_ISOINIncompleteCallback
                0x000000000800f644       0x24 ./USB_DEVICE/Target/usbd_conf.o
                0x000000000800f644                HAL_PCD_ISOINIncompleteCallback
 .text.HAL_PCD_ConnectCallback
                0x000000000800f668       0x1c ./USB_DEVICE/Target/usbd_conf.o
                0x000000000800f668                HAL_PCD_ConnectCallback
 .text.HAL_PCD_DisconnectCallback
                0x000000000800f684       0x1c ./USB_DEVICE/Target/usbd_conf.o
                0x000000000800f684                HAL_PCD_DisconnectCallback
 .text.USBD_LL_Init
                0x000000000800f6a0       0x98 ./USB_DEVICE/Target/usbd_conf.o
                0x000000000800f6a0                USBD_LL_Init
 .text.USBD_LL_Start
                0x000000000800f738       0x36 ./USB_DEVICE/Target/usbd_conf.o
                0x000000000800f738                USBD_LL_Start
 .text.USBD_LL_OpenEP
                0x000000000800f76e       0x4c ./USB_DEVICE/Target/usbd_conf.o
                0x000000000800f76e                USBD_LL_OpenEP
 .text.USBD_LL_CloseEP
                0x000000000800f7ba       0x3e ./USB_DEVICE/Target/usbd_conf.o
                0x000000000800f7ba                USBD_LL_CloseEP
 .text.USBD_LL_StallEP
                0x000000000800f7f8       0x3e ./USB_DEVICE/Target/usbd_conf.o
                0x000000000800f7f8                USBD_LL_StallEP
 .text.USBD_LL_ClearStallEP
                0x000000000800f836       0x3e ./USB_DEVICE/Target/usbd_conf.o
                0x000000000800f836                USBD_LL_ClearStallEP
 .text.USBD_LL_IsStallEP
                0x000000000800f874       0x58 ./USB_DEVICE/Target/usbd_conf.o
                0x000000000800f874                USBD_LL_IsStallEP
 .text.USBD_LL_SetUSBAddress
                0x000000000800f8cc       0x3e ./USB_DEVICE/Target/usbd_conf.o
                0x000000000800f8cc                USBD_LL_SetUSBAddress
 .text.USBD_LL_Transmit
                0x000000000800f90a       0x42 ./USB_DEVICE/Target/usbd_conf.o
                0x000000000800f90a                USBD_LL_Transmit
 .text.USBD_LL_PrepareReceive
                0x000000000800f94c       0x42 ./USB_DEVICE/Target/usbd_conf.o
                0x000000000800f94c                USBD_LL_PrepareReceive
 .text.USBD_LL_GetRxDataSize
                0x000000000800f98e       0x26 ./USB_DEVICE/Target/usbd_conf.o
                0x000000000800f98e                USBD_LL_GetRxDataSize
 .text.USBD_static_malloc
                0x000000000800f9b4       0x1c ./USB_DEVICE/Target/usbd_conf.o
                0x000000000800f9b4                USBD_static_malloc
 .text.USBD_static_free
                0x000000000800f9d0       0x14 ./USB_DEVICE/Target/usbd_conf.o
                0x000000000800f9d0                USBD_static_free
 .text.USBD_Get_USB_Status
                0x000000000800f9e4       0x58 ./USB_DEVICE/Target/usbd_conf.o
                0x000000000800f9e4                USBD_Get_USB_Status
 .text.Encoder_Init
                0x000000000800fa3c       0x4c ./User_functions/Encoder.o
                0x000000000800fa3c                Encoder_Init
 .text.Encoder_Read
                0x000000000800fa88       0x24 ./User_functions/Encoder.o
                0x000000000800fa88                Encoder_Read
 .text.Encoder_Get_Status
                0x000000000800faac       0x50 ./User_functions/Encoder.o
                0x000000000800faac                Encoder_Get_Status
 .text.Encoder_Config
                0x000000000800fafc       0xa4 ./User_functions/Encoder.o
                0x000000000800fafc                Encoder_Config
 .text.Message_2_UART_u32
                0x000000000800fba0      0x164 ./User_functions/format_out.o
                0x000000000800fba0                Message_2_UART_u32
 .text.GPIO_Blink_Test
                0x000000000800fd04       0x54 ./User_functions/format_out.o
                0x000000000800fd04                GPIO_Blink_Test
 .text.DelayMicro
                0x000000000800fd58       0x40 ./User_functions/lcd.o
 .text.LCD_WriteByteI2CLCD
                0x000000000800fd98       0x34 ./User_functions/lcd.o
                0x000000000800fd98                LCD_WriteByteI2CLCD
 .text.sendhalfbyte
                0x000000000800fdcc       0x68 ./User_functions/lcd.o
                0x000000000800fdcc                sendhalfbyte
 .text.sendbyte
                0x000000000800fe34       0x70 ./User_functions/lcd.o
                0x000000000800fe34                sendbyte
 .text.LCD_String
                0x000000000800fea4       0x3a ./User_functions/lcd.o
                0x000000000800fea4                LCD_String
 *fill*         0x000000000800fede        0x2 
 .text.LCD_SetPos
                0x000000000800fee0       0xac ./User_functions/lcd.o
                0x000000000800fee0                LCD_SetPos
 .text.LCD_ini  0x000000000800ff8c       0xac ./User_functions/lcd.o
                0x000000000800ff8c                LCD_ini
 .text.Datum_to_1602LCD
                0x0000000008010038       0x58 ./User_functions/lcd.o
                0x0000000008010038                Datum_to_1602LCD
 .text.snprintf
                0x0000000008010090       0x68 C:/ST/STM32CubeIDE_1.13.0/STM32CubeIDE/plugins/com.st.stm32cube.ide.mcu.externaltools.gnu-tools-for-stm32.11.3.rel1.win32_1.1.0.202305231506/tools/bin/../lib/gcc/arm-none-eabi/11.3.1/../../../../arm-none-eabi/lib/thumb/v7e-m+fp/hard\libc_nano.a(libc_a-snprintf.o)
                0x0000000008010090                sniprintf
                0x0000000008010090                snprintf
 .text.sprintf  0x00000000080100f8       0x40 C:/ST/STM32CubeIDE_1.13.0/STM32CubeIDE/plugins/com.st.stm32cube.ide.mcu.externaltools.gnu-tools-for-stm32.11.3.rel1.win32_1.1.0.202305231506/tools/bin/../lib/gcc/arm-none-eabi/11.3.1/../../../../arm-none-eabi/lib/thumb/v7e-m+fp/hard\libc_nano.a(libc_a-sprintf.o)
                0x00000000080100f8                siprintf
                0x00000000080100f8                sprintf
 .text.memset   0x0000000008010138       0x10 C:/ST/STM32CubeIDE_1.13.0/STM32CubeIDE/plugins/com.st.stm32cube.ide.mcu.externaltools.gnu-tools-for-stm32.11.3.rel1.win32_1.1.0.202305231506/tools/bin/../lib/gcc/arm-none-eabi/11.3.1/../../../../arm-none-eabi/lib/thumb/v7e-m+fp/hard\libc_nano.a(libc_a-memset.o)
                0x0000000008010138                memset
 .text.__errno  0x0000000008010148        0xc C:/ST/STM32CubeIDE_1.13.0/STM32CubeIDE/plugins/com.st.stm32cube.ide.mcu.externaltools.gnu-tools-for-stm32.11.3.rel1.win32_1.1.0.202305231506/tools/bin/../lib/gcc/arm-none-eabi/11.3.1/../../../../arm-none-eabi/lib/thumb/v7e-m+fp/hard\libc_nano.a(libc_a-errno.o)
                0x0000000008010148                __errno
 .text.__libc_init_array
                0x0000000008010154       0x48 C:/ST/STM32CubeIDE_1.13.0/STM32CubeIDE/plugins/com.st.stm32cube.ide.mcu.externaltools.gnu-tools-for-stm32.11.3.rel1.win32_1.1.0.202305231506/tools/bin/../lib/gcc/arm-none-eabi/11.3.1/../../../../arm-none-eabi/lib/thumb/v7e-m+fp/hard\libc_nano.a(libc_a-init.o)
                0x0000000008010154                __libc_init_array
 .text.__retarget_lock_acquire_recursive
                0x000000000801019c        0x2 C:/ST/STM32CubeIDE_1.13.0/STM32CubeIDE/plugins/com.st.stm32cube.ide.mcu.externaltools.gnu-tools-for-stm32.11.3.rel1.win32_1.1.0.202305231506/tools/bin/../lib/gcc/arm-none-eabi/11.3.1/../../../../arm-none-eabi/lib/thumb/v7e-m+fp/hard\libc_nano.a(libc_a-lock.o)
                0x000000000801019c                __retarget_lock_acquire_recursive
 .text.__retarget_lock_release_recursive
                0x000000000801019e        0x2 C:/ST/STM32CubeIDE_1.13.0/STM32CubeIDE/plugins/com.st.stm32cube.ide.mcu.externaltools.gnu-tools-for-stm32.11.3.rel1.win32_1.1.0.202305231506/tools/bin/../lib/gcc/arm-none-eabi/11.3.1/../../../../arm-none-eabi/lib/thumb/v7e-m+fp/hard\libc_nano.a(libc_a-lock.o)
                0x000000000801019e                __retarget_lock_release_recursive
 .text._free_r  0x00000000080101a0       0x98 C:/ST/STM32CubeIDE_1.13.0/STM32CubeIDE/plugins/com.st.stm32cube.ide.mcu.externaltools.gnu-tools-for-stm32.11.3.rel1.win32_1.1.0.202305231506/tools/bin/../lib/gcc/arm-none-eabi/11.3.1/../../../../arm-none-eabi/lib/thumb/v7e-m+fp/hard\libc_nano.a(libc_a-freer.o)
                0x00000000080101a0                _free_r
 .text.sbrk_aligned
                0x0000000008010238       0x40 C:/ST/STM32CubeIDE_1.13.0/STM32CubeIDE/plugins/com.st.stm32cube.ide.mcu.externaltools.gnu-tools-for-stm32.11.3.rel1.win32_1.1.0.202305231506/tools/bin/../lib/gcc/arm-none-eabi/11.3.1/../../../../arm-none-eabi/lib/thumb/v7e-m+fp/hard\libc_nano.a(libc_a-mallocr.o)
 .text._malloc_r
                0x0000000008010278      0x100 C:/ST/STM32CubeIDE_1.13.0/STM32CubeIDE/plugins/com.st.stm32cube.ide.mcu.externaltools.gnu-tools-for-stm32.11.3.rel1.win32_1.1.0.202305231506/tools/bin/../lib/gcc/arm-none-eabi/11.3.1/../../../../arm-none-eabi/lib/thumb/v7e-m+fp/hard\libc_nano.a(libc_a-mallocr.o)
                0x0000000008010278                _malloc_r
 .text.__malloc_lock
                0x0000000008010378        0xc C:/ST/STM32CubeIDE_1.13.0/STM32CubeIDE/plugins/com.st.stm32cube.ide.mcu.externaltools.gnu-tools-for-stm32.11.3.rel1.win32_1.1.0.202305231506/tools/bin/../lib/gcc/arm-none-eabi/11.3.1/../../../../arm-none-eabi/lib/thumb/v7e-m+fp/hard\libc_nano.a(libc_a-mlock.o)
                0x0000000008010378                __malloc_lock
 .text.__malloc_unlock
                0x0000000008010384        0xc C:/ST/STM32CubeIDE_1.13.0/STM32CubeIDE/plugins/com.st.stm32cube.ide.mcu.externaltools.gnu-tools-for-stm32.11.3.rel1.win32_1.1.0.202305231506/tools/bin/../lib/gcc/arm-none-eabi/11.3.1/../../../../arm-none-eabi/lib/thumb/v7e-m+fp/hard\libc_nano.a(libc_a-mlock.o)
                0x0000000008010384                __malloc_unlock
 .text.__ssputs_r
                0x0000000008010390       0xb4 C:/ST/STM32CubeIDE_1.13.0/STM32CubeIDE/plugins/com.st.stm32cube.ide.mcu.externaltools.gnu-tools-for-stm32.11.3.rel1.win32_1.1.0.202305231506/tools/bin/../lib/gcc/arm-none-eabi/11.3.1/../../../../arm-none-eabi/lib/thumb/v7e-m+fp/hard\libc_nano.a(libc_a-nano-svfprintf.o)
                0x0000000008010390                __ssputs_r
 .text._svfprintf_r
                0x0000000008010444      0x1fc C:/ST/STM32CubeIDE_1.13.0/STM32CubeIDE/plugins/com.st.stm32cube.ide.mcu.externaltools.gnu-tools-for-stm32.11.3.rel1.win32_1.1.0.202305231506/tools/bin/../lib/gcc/arm-none-eabi/11.3.1/../../../../arm-none-eabi/lib/thumb/v7e-m+fp/hard\libc_nano.a(libc_a-nano-svfprintf.o)
                0x0000000008010444                _svfiprintf_r
                0x0000000008010444                _svfprintf_r
 .text._printf_common
                0x0000000008010640       0xda C:/ST/STM32CubeIDE_1.13.0/STM32CubeIDE/plugins/com.st.stm32cube.ide.mcu.externaltools.gnu-tools-for-stm32.11.3.rel1.win32_1.1.0.202305231506/tools/bin/../lib/gcc/arm-none-eabi/11.3.1/../../../../arm-none-eabi/lib/thumb/v7e-m+fp/hard\libc_nano.a(libc_a-nano-vfprintf_i.o)
                0x0000000008010640                _printf_common
 *fill*         0x000000000801071a        0x2 
 .text._printf_i
                0x000000000801071c      0x244 C:/ST/STM32CubeIDE_1.13.0/STM32CubeIDE/plugins/com.st.stm32cube.ide.mcu.externaltools.gnu-tools-for-stm32.11.3.rel1.win32_1.1.0.202305231506/tools/bin/../lib/gcc/arm-none-eabi/11.3.1/../../../../arm-none-eabi/lib/thumb/v7e-m+fp/hard\libc_nano.a(libc_a-nano-vfprintf_i.o)
                0x000000000801071c                _printf_i
 .text.memmove  0x0000000008010960       0x34 C:/ST/STM32CubeIDE_1.13.0/STM32CubeIDE/plugins/com.st.stm32cube.ide.mcu.externaltools.gnu-tools-for-stm32.11.3.rel1.win32_1.1.0.202305231506/tools/bin/../lib/gcc/arm-none-eabi/11.3.1/../../../../arm-none-eabi/lib/thumb/v7e-m+fp/hard\libc_nano.a(libc_a-memmove.o)
                0x0000000008010960                memmove
 .text._sbrk_r  0x0000000008010994       0x20 C:/ST/STM32CubeIDE_1.13.0/STM32CubeIDE/plugins/com.st.stm32cube.ide.mcu.externaltools.gnu-tools-for-stm32.11.3.rel1.win32_1.1.0.202305231506/tools/bin/../lib/gcc/arm-none-eabi/11.3.1/../../../../arm-none-eabi/lib/thumb/v7e-m+fp/hard\libc_nano.a(libc_a-sbrkr.o)
                0x0000000008010994                _sbrk_r
 .text.memcpy   0x00000000080109b4       0x1c C:/ST/STM32CubeIDE_1.13.0/STM32CubeIDE/plugins/com.st.stm32cube.ide.mcu.externaltools.gnu-tools-for-stm32.11.3.rel1.win32_1.1.0.202305231506/tools/bin/../lib/gcc/arm-none-eabi/11.3.1/../../../../arm-none-eabi/lib/thumb/v7e-m+fp/hard\libc_nano.a(libc_a-memcpy-stub.o)
                0x00000000080109b4                memcpy
 .text._realloc_r