../Core/Src/main.c:149:6:HAL_CAN_RxFifo0MsgPendingCallback	16	static
../Core/Src/main.c:190:6:HAL_CAN_RxFifo1MsgPendingCallback	16	static
../Core/Src/main.c:196:6:HAL_CAN_TxMailbox0CompleteCallback	16	static
../Core/Src/main.c:198:6:HAL_CAN_TxMailbox1CompleteCallback	16	static
../Core/Src/main.c:200:6:HAL_CAN_TxMailbox2CompleteCallback	16	static
../Core/Src/main.c:202:6:HAL_CAN_ErrorCallback	24	static
../Core/Src/main.c:214:1:HAL_TIM_PeriodElapsedCallback	16	static
../Core/Src/main.c:229:5:main	40	static
../Core/Src/main.c:431:6:SystemClock_Config	88	static
../Core/Src/main.c:477:6:CAN_interface_Test	16	static
../Core/Src/main.c:508:6:UART_interface_Test	16	static
../Core/Src/main.c:532:6:Board_Name_to_Terminal	272	static
../Core/Src/main.c:606:11:Encoder_to_LCD	8	static
../Core/Src/main.c:659:15:CAN_Config	48	static
../Core/Src/main.c:733:6:Error_Handler	4	static,ignoring_inline_asm
