../Core/Src/main.c:149:6:HAL_CAN_RxFifo0MsgPendingCallback	10
../Core/Src/main.c:190:6:HAL_CAN_RxFifo1MsgPendingCallback	1
../Core/Src/main.c:196:6:HAL_CAN_TxMailbox0CompleteCallback	1
../Core/Src/main.c:198:6:HAL_CAN_TxMailbox1CompleteCallback	1
../Core/Src/main.c:200:6:HAL_CAN_TxMailbox2CompleteCallback	1
../Core/Src/main.c:202:6:HAL_CAN_ErrorCallback	1
../Core/Src/main.c:214:1:HAL_TIM_PeriodElapsedCallback	1
../Core/Src/main.c:229:5:main	7
../Core/Src/main.c:431:6:SystemClock_Config	3
../Core/Src/main.c:477:6:CAN_interface_Test	4
../Core/Src/main.c:508:6:UART_interface_Test	1
../Core/Src/main.c:532:6:Board_Name_to_Terminal	10
../Core/Src/main.c:606:11:Encoder_to_LCD	7
../Core/Src/main.c:659:15:CAN_Config	2
../Core/Src/main.c:733:6:Error_Handler	1
