../Core/Src/main.c:145:6:HAL_CAN_RxFifo0MsgPendingCallback	1
../Core/Src/main.c:153:6:HAL_CAN_RxFifo1MsgPendingCallback	1
../Core/Src/main.c:159:6:HAL_CAN_TxMailbox0CompleteCallback	1
../Core/Src/main.c:161:6:HAL_CAN_TxMailbox1CompleteCallback	1
../Core/Src/main.c:163:6:HAL_CAN_TxMailbox2CompleteCallback	1
../Core/Src/main.c:165:6:HAL_CAN_TxMailbox0AbortCallback	1
../Core/Src/main.c:166:6:HAL_CAN_TxMailbox1AbortCallback	1
../Core/Src/main.c:167:6:HAL_CAN_TxMailbox2AbortCallback	1
../Core/Src/main.c:169:6:HAL_CAN_ErrorCallback	1
../Core/Src/main.c:184:1:HAL_TIM_PeriodElapsedCallback	2
../Core/Src/main.c:200:5:main	6
../Core/Src/main.c:454:6:SystemClock_Config	3
../Core/Src/main.c:499:6:CAN_interface_Test	1
../Core/Src/main.c:532:6:UART_interface_Test	1
../Core/Src/main.c:555:6:Board_Name_to_Terminal	10
../Core/Src/main.c:627:11:Encoder_to_LCD	7
../Core/Src/main.c:693:6:Error_Handler	1
