../Core/Src/main.c:162:6:HAL_CAN_RxFifo0MsgPendingCallback	1
../Core/Src/main.c:171:6:HAL_CAN_RxFifo1MsgPendingCallback	1
../Core/Src/main.c:176:6:HAL_CAN_TxMailbox0CompleteCallback	1
../Core/Src/main.c:178:6:HAL_CAN_TxMailbox1CompleteCallback	1
../Core/Src/main.c:180:6:HAL_CAN_TxMailbox2CompleteCallback	1
../Core/Src/main.c:182:6:HAL_CAN_TxMailbox0AbortCallback	1
../Core/Src/main.c:183:6:HAL_CAN_TxMailbox1AbortCallback	1
../Core/Src/main.c:184:6:HAL_CAN_TxMailbox2AbortCallback	1
../Core/Src/main.c:186:6:HAL_CAN_ErrorCallback	1
../Core/Src/main.c:197:1:HAL_TIM_PeriodElapsedCallback	8
../Core/Src/main.c:250:5:main	12
../Core/Src/main.c:537:6:SystemClock_Config	3
../Core/Src/main.c:583:6:CAN_interface_Test	4
../Core/Src/main.c:622:6:UART_interface_Test	1
../Core/Src/main.c:645:6:Board_Name_to_Terminal	10
../Core/Src/main.c:719:11:Encoder_to_LCD	7
../Core/Src/main.c:777:15:CAN_Config	5
../Core/Src/main.c:843:6:Error_Handler	1
