../Core/Src/main.c:163:6:HAL_CAN_RxFifo0MsgPendingCallback	24	static
../Core/Src/main.c:203:6:HAL_CAN_RxFifo1MsgPendingCallback	24	static
../Core/Src/main.c:246:6:HAL_CAN_ErrorCallback	24	static
../Core/Src/main.c:260:1:HAL_TIM_PeriodElapsedCallback	16	static
../Core/Src/main.c:277:5:main	72	static
../Core/Src/main.c:582:6:SystemClock_Config	88	static
../Core/Src/main.c:628:6:CAN_interface_Test	16	static
../Core/Src/main.c:664:6:UART_interface_Test	16	static
../Core/Src/main.c:687:6:Board_Name_to_Terminal	280	static
../Core/Src/main.c:763:11:Encoder_to_LCD	8	static
../Core/Src/main.c:821:15:CAN_Config	64	static
../Core/Src/main.c:887:6:Error_Handler	4	static,ignoring_inline_asm
