../Core/Src/main.c:162:6:HAL_CAN_RxFifo0MsgPendingCallback	16	static
../Core/Src/main.c:171:6:HAL_CAN_RxFifo1MsgPendingCallback	16	static
../Core/Src/main.c:176:6:HAL_CAN_TxMailbox0CompleteCallback	16	static
../Core/Src/main.c:178:6:HAL_CAN_TxMailbox1CompleteCallback	16	static
../Core/Src/main.c:180:6:HAL_CAN_TxMailbox2CompleteCallback	16	static
../Core/Src/main.c:182:6:HAL_CAN_TxMailbox0AbortCallback	16	static
../Core/Src/main.c:183:6:HAL_CAN_TxMailbox1AbortCallback	16	static
../Core/Src/main.c:184:6:HAL_CAN_TxMailbox2AbortCallback	16	static
../Core/Src/main.c:186:6:HAL_CAN_ErrorCallback	16	static
../Core/Src/main.c:197:1:HAL_TIM_PeriodElapsedCallback	16	static
../Core/Src/main.c:250:5:main	96	static
../Core/Src/main.c:537:6:SystemClock_Config	88	static
../Core/Src/main.c:583:6:CAN_interface_Test	16	static
../Core/Src/main.c:622:6:UART_interface_Test	16	static
../Core/Src/main.c:645:6:Board_Name_to_Terminal	272	static
../Core/Src/main.c:719:11:Encoder_to_LCD	8	static
../Core/Src/main.c:777:15:CAN_Config	64	static
../Core/Src/main.c:843:6:Error_Handler	4	static,ignoring_inline_asm
