../Core/Src/main.c:163:6:HAL_CAN_RxFifo0MsgPendingCallback	2
../Core/Src/main.c:205:6:HAL_CAN_RxFifo1MsgPendingCallback	2
../Core/Src/main.c:239:6:HAL_CAN_ErrorCallback	1
../Core/Src/main.c:253:1:HAL_TIM_PeriodElapsedCallback	1
../Core/Src/main.c:270:5:main	6
../Core/Src/main.c:568:6:SystemClock_Config	3
../Core/Src/main.c:614:6:CAN_interface_Test	4
../Core/Src/main.c:650:6:UART_interface_Test	1
../Core/Src/main.c:673:6:Board_Name_to_Terminal	10
../Core/Src/main.c:749:11:Encoder_to_LCD	7
../Core/Src/main.c:807:15:CAN_Config	5
../Core/Src/main.c:873:6:Error_Handler	1
