../Core/Src/stm32f4xx_it.c:87:6:NMI_Handler	4	static
../Core/Src/stm32f4xx_it.c:102:6:HardFault_Handler	4	static
../Core/Src/stm32f4xx_it.c:117:6:MemManage_Handler	4	static
../Core/Src/stm32f4xx_it.c:132:6:BusFault_Handler	4	static
../Core/Src/stm32f4xx_it.c:147:6:UsageFault_Handler	4	static
../Core/Src/stm32f4xx_it.c:162:6:SVC_Handler	4	static
../Core/Src/stm32f4xx_it.c:175:6:DebugMon_Handler	4	static
../Core/Src/stm32f4xx_it.c:188:6:PendSV_Handler	4	static
../Core/Src/stm32f4xx_it.c:201:6:SysTick_Handler	8	static
../Core/Src/stm32f4xx_it.c:222:6:DMA1_Stream2_IRQHandler	8	static
../Core/Src/stm32f4xx_it.c:236:6:DMA1_Stream5_IRQHandler	8	static
../Core/Src/stm32f4xx_it.c:250:6:DMA1_Stream6_IRQHandler	8	static
../Core/Src/stm32f4xx_it.c:264:6:ADC_IRQHandler	8	static
../Core/Src/stm32f4xx_it.c:278:6:CAN1_TX_IRQHandler	8	static
../Core/Src/stm32f4xx_it.c:292:6:CAN1_RX0_IRQHandler	8	static
../Core/Src/stm32f4xx_it.c:310:6:CAN1_RX1_IRQHandler	8	static
../Core/Src/stm32f4xx_it.c:329:6:CAN1_SCE_IRQHandler	8	static
../Core/Src/stm32f4xx_it.c:343:6:TIM3_IRQHandler	8	static
../Core/Src/stm32f4xx_it.c:357:6:TIM4_IRQHandler	8	static
../Core/Src/stm32f4xx_it.c:371:6:I2C1_EV_IRQHandler	8	static
../Core/Src/stm32f4xx_it.c:385:6:I2C1_ER_IRQHandler	8	static
../Core/Src/stm32f4xx_it.c:399:6:USART2_IRQHandler	8	static
../Core/Src/stm32f4xx_it.c:413:6:RTC_Alarm_IRQHandler	8	static
../Core/Src/stm32f4xx_it.c:427:6:TIM8_UP_TIM13_IRQHandler	8	static
../Core/Src/stm32f4xx_it.c:441:6:TIM6_DAC_IRQHandler	8	static
../Core/Src/stm32f4xx_it.c:455:6:DMA2_Stream0_IRQHandler	8	static
../Core/Src/stm32f4xx_it.c:469:6:DMA2_Stream1_IRQHandler	8	static
../Core/Src/stm32f4xx_it.c:483:6:DMA2_Stream4_IRQHandler	8	static
../Core/Src/stm32f4xx_it.c:497:6:CAN2_TX_IRQHandler	8	static
../Core/Src/stm32f4xx_it.c:511:6:CAN2_RX0_IRQHandler	8	static
../Core/Src/stm32f4xx_it.c:524:6:CAN2_RX1_IRQHandler	8	static
../Core/Src/stm32f4xx_it.c:538:6:CAN2_SCE_IRQHandler	8	static
../Core/Src/stm32f4xx_it.c:552:6:OTG_FS_IRQHandler	8	static
