Archive member included to satisfy reference by file (symbol)

C:/ST/STM32CubeIDE_1.16.1/STM32CubeIDE/plugins/com.st.stm32cube.ide.mcu.externaltools.gnu-tools-for-stm32.12.3.rel1.win32_1.0.200.202406191623/tools/bin/../lib/gcc/arm-none-eabi/12.3.1/../../../../arm-none-eabi/lib/thumb/v7e-m+fp/hard\libc_nano.a(libc_a-exit.o)
                              C:/ST/STM32CubeIDE_1.16.1/STM32CubeIDE/plugins/com.st.stm32cube.ide.mcu.externaltools.gnu-tools-for-stm32.12.3.rel1.win32_1.0.200.202406191623/tools/bin/../lib/gcc/arm-none-eabi/12.3.1/../../../../arm-none-eabi/lib/thumb/v7e-m+fp/hard/crt0.o (exit)
C:/ST/STM32CubeIDE_1.16.1/STM32CubeIDE/plugins/com.st.stm32cube.ide.mcu.externaltools.gnu-tools-for-stm32.12.3.rel1.win32_1.0.200.202406191623/tools/bin/../lib/gcc/arm-none-eabi/12.3.1/../../../../arm-none-eabi/lib/thumb/v7e-m+fp/hard\libc_nano.a(libc_a-nano-vfprintf_float.o)
                              (_printf_float)
C:/ST/STM32CubeIDE_1.16.1/STM32CubeIDE/plugins/com.st.stm32cube.ide.mcu.externaltools.gnu-tools-for-stm32.12.3.rel1.win32_1.0.200.202406191623/tools/bin/../lib/gcc/arm-none-eabi/12.3.1/../../../../arm-none-eabi/lib/thumb/v7e-m+fp/hard\libc_nano.a(libc_a-nano-vfprintf_i.o)
                              C:/ST/STM32CubeIDE_1.16.1/STM32CubeIDE/plugins/com.st.stm32cube.ide.mcu.externaltools.gnu-tools-for-stm32.12.3.rel1.win32_1.0.200.202406191623/tools/bin/../lib/gcc/arm-none-eabi/12.3.1/../../../../arm-none-eabi/lib/thumb/v7e-m+fp/hard\libc_nano.a(libc_a-nano-vfprintf_float.o) (_printf_common)
C:/ST/STM32CubeIDE_1.16.1/STM32CubeIDE/plugins/com.st.stm32cube.ide.mcu.externaltools.gnu-tools-for-stm32.12.3.rel1.win32_1.0.200.202406191623/tools/bin/../lib/gcc/arm-none-eabi/12.3.1/../../../../arm-none-eabi/lib/thumb/v7e-m+fp/hard\libc_nano.a(libc_a-findfp.o)
                              C:/ST/STM32CubeIDE_1.16.1/STM32CubeIDE/plugins/com.st.stm32cube.ide.mcu.externaltools.gnu-tools-for-stm32.12.3.rel1.win32_1.0.200.202406191623/tools/bin/../lib/gcc/arm-none-eabi/12.3.1/../../../../arm-none-eabi/lib/thumb/v7e-m+fp/hard\libc_nano.a(libc_a-exit.o) (__stdio_exit_handler)
C:/ST/STM32CubeIDE_1.16.1/STM32CubeIDE/plugins/com.st.stm32cube.ide.mcu.externaltools.gnu-tools-for-stm32.12.3.rel1.win32_1.0.200.202406191623/tools/bin/../lib/gcc/arm-none-eabi/12.3.1/../../../../arm-none-eabi/lib/thumb/v7e-m+fp/hard\libc_nano.a(libc_a-fwalk.o)
                              C:/ST/STM32CubeIDE_1.16.1/STM32CubeIDE/plugins/com.st.stm32cube.ide.mcu.externaltools.gnu-tools-for-stm32.12.3.rel1.win32_1.0.200.202406191623/tools/bin/../lib/gcc/arm-none-eabi/12.3.1/../../../../arm-none-eabi/lib/thumb/v7e-m+fp/hard\libc_nano.a(libc_a-findfp.o) (_fwalk_sglue)
C:/ST/STM32CubeIDE_1.16.1/STM32CubeIDE/plugins/com.st.stm32cube.ide.mcu.externaltools.gnu-tools-for-stm32.12.3.rel1.win32_1.0.200.202406191623/tools/bin/../lib/gcc/arm-none-eabi/12.3.1/../../../../arm-none-eabi/lib/thumb/v7e-m+fp/hard\libc_nano.a(libc_a-snprintf.o)
                              ./Core/Src/main.o (snprintf)
C:/ST/STM32CubeIDE_1.16.1/STM32CubeIDE/plugins/com.st.stm32cube.ide.mcu.externaltools.gnu-tools-for-stm32.12.3.rel1.win32_1.0.200.202406191623/tools/bin/../lib/gcc/arm-none-eabi/12.3.1/../../../../arm-none-eabi/lib/thumb/v7e-m+fp/hard\libc_nano.a(libc_a-sprintf.o)
                              ./Core/Src/main.o (sprintf)
C:/ST/STM32CubeIDE_1.16.1/STM32CubeIDE/plugins/com.st.stm32cube.ide.mcu.externaltools.gnu-tools-for-stm32.12.3.rel1.win32_1.0.200.202406191623/tools/bin/../lib/gcc/arm-none-eabi/12.3.1/../../../../arm-none-eabi/lib/thumb/v7e-m+fp/hard\libc_nano.a(libc_a-stdio.o)
                              C:/ST/STM32CubeIDE_1.16.1/STM32CubeIDE/plugins/com.st.stm32cube.ide.mcu.externaltools.gnu-tools-for-stm32.12.3.rel1.win32_1.0.200.202406191623/tools/bin/../lib/gcc/arm-none-eabi/12.3.1/../../../../arm-none-eabi/lib/thumb/v7e-m+fp/hard\libc_nano.a(libc_a-findfp.o) (__sread)
C:/ST/STM32CubeIDE_1.16.1/STM32CubeIDE/plugins/com.st.stm32cube.ide.mcu.externaltools.gnu-tools-for-stm32.12.3.rel1.win32_1.0.200.202406191623/tools/bin/../lib/gcc/arm-none-eabi/12.3.1/../../../../arm-none-eabi/lib/thumb/v7e-m+fp/hard\libc_nano.a(libc_a-memset.o)
                              C:/ST/STM32CubeIDE_1.16.1/STM32CubeIDE/plugins/com.st.stm32cube.ide.mcu.externaltools.gnu-tools-for-stm32.12.3.rel1.win32_1.0.200.202406191623/tools/bin/../lib/gcc/arm-none-eabi/12.3.1/../../../../arm-none-eabi/lib/thumb/v7e-m+fp/hard/crt0.o (memset)
C:/ST/STM32CubeIDE_1.16.1/STM32CubeIDE/plugins/com.st.stm32cube.ide.mcu.externaltools.gnu-tools-for-stm32.12.3.rel1.win32_1.0.200.202406191623/tools/bin/../lib/gcc/arm-none-eabi/12.3.1/../../../../arm-none-eabi/lib/thumb/v7e-m+fp/hard\libc_nano.a(libc_a-localeconv.o)
[...]
Memory Configuration

Name             Origin             Length             Attributes
CCMRAM           0x10000000         0x00010000         xrw
RAM              0x20000000         0x00020000         xrw
FLASH            0x08000000         0x00100000         xr
*default*        0x00000000         0xffffffff

Linker script and memory map

LOAD C:/ST/STM32CubeIDE_1.16.1/STM32CubeIDE/plugins/com.st.stm32cube.ide.mcu.externaltools.gnu-tools-for-stm32.12.3.rel1.win32_1.0.200.202406191623/tools/bin/../lib/gcc/arm-none-eabi/12.3.1/thumb/v7e-m+fp/hard/crti.o
LOAD C:/ST/STM32CubeIDE_1.16.1/STM32CubeIDE/plugins/com.st.stm32cube.ide.mcu.externaltools.gnu-tools-for-stm32.12.3.rel1.win32_1.0.200.202406191623/tools/bin/../lib/gcc/arm-none-eabi/12.3.1/thumb/v7e-m+fp/hard/crtbegin.o
LOAD C:/ST/STM32CubeIDE_1.16.1/STM32CubeIDE/plugins/com.st.stm32cube.ide.mcu.externaltools.gnu-tools-for-stm32.12.3.rel1.win32_1.0.200.202406191623/tools/bin/../lib/gcc/arm-none-eabi/12.3.1/../../../../arm-none-eabi/lib/thumb/v7e-m+fp/hard/crt0.o
LOAD ./Core/Src/adc.o
LOAD ./Core/Src/can.o
LOAD ./Core/Src/dma.o
LOAD ./Core/Src/gpio.o
LOAD ./Core/Src/i2c.o
LOAD ./Core/Src/main.o
LOAD ./Core/Src/rtc.o
LOAD ./Core/Src/stm32f4xx_hal_msp.o
LOAD ./Core/Src/stm32f4xx_it.o
LOAD ./Core/Src/syscalls.o
LOAD ./Core/Src/sysmem.o
LOAD ./Core/Src/system_stm32f4xx.o
LOAD ./Core/Src/tim.o
LOAD ./Core/Src/usart.o
LOAD ./Core/Startup/startup_stm32f407vgtx.o
LOAD ./Drivers/STM32F4xx_HAL_Driver/Src/stm32f4xx_hal.o
LOAD ./Drivers/STM32F4xx_HAL_Driver/Src/stm32f4xx_hal_adc.o
LOAD ./Drivers/STM32F4xx_HAL_Driver/Src/stm32f4xx_hal_adc_ex.o
LOAD ./Drivers/STM32F4xx_HAL_Driver/Src/stm32f4xx_hal_can.o
LOAD ./Drivers/STM32F4xx_HAL_Driver/Src/stm32f4xx_hal_cortex.o
LOAD ./Drivers/STM32F4xx_HAL_Driver/Src/stm32f4xx_hal_dma.o
LOAD ./Drivers/STM32F4xx_HAL_Driver/Src/stm32f4xx_hal_dma_ex.o
LOAD ./Drivers/STM32F4xx_HAL_Driver/Src/stm32f4xx_hal_exti.o
LOAD ./Drivers/STM32F4xx_HAL_Driver/Src/stm32f4xx_hal_flash.o
LOAD ./Drivers/STM32F4xx_HAL_Driver/Src/stm32f4xx_hal_flash_ex.o
LOAD ./Drivers/STM32F4xx_HAL_Driver/Src/stm32f4xx_hal_flash_ramfunc.o
LOAD ./Drivers/STM32F4xx_HAL_Driver/Src/stm32f4xx_hal_gpio.o
LOAD ./Drivers/STM32F4xx_HAL_Driver/Src/stm32f4xx_hal_i2c.o
LOAD ./Drivers/STM32F4xx_HAL_Driver/Src/stm32f4xx_hal_i2c_ex.o
LOAD ./Drivers/STM32F4xx_HAL_Driver/Src/stm32f4xx_hal_pcd.o
LOAD ./Drivers/STM32F4xx_HAL_Driver/Src/stm32f4xx_hal_pcd_ex.o
LOAD ./Drivers/STM32F4xx_HAL_Driver/Src/stm32f4xx_hal_pwr.o
LOAD ./Drivers/STM32F4xx_HAL_Driver/Src/stm32f4xx_hal_pwr_ex.o
LOAD ./Drivers/STM32F4xx_HAL_Driver/Src/stm32f4xx_hal_rcc.o
LOAD ./Drivers/STM32F4xx_HAL_Driver/Src/stm32f4xx_hal_rcc_ex.o
LOAD ./Drivers/STM32F4xx_HAL_Driver/Src/stm32f4xx_hal_rtc.o
LOAD ./Drivers/STM32F4xx_HAL_Driver/Src/stm32f4xx_hal_rtc_ex.o
LOAD ./Drivers/STM32F4xx_HAL_Driver/Src/stm32f4xx_hal_tim.o
LOAD ./Drivers/STM32F4xx_HAL_Driver/Src/stm32f4xx_hal_tim_ex.o
LOAD ./Drivers/STM32F4xx_HAL_Driver/Src/stm32f4xx_hal_uart.o
LOAD ./Drivers/STM32F4xx_HAL_Driver/Src/stm32f4xx_ll_adc.o
LOAD ./Drivers/STM32F4xx_HAL_Driver/Src/stm32f4xx_ll_usb.o
LOAD ./Middlewares/ST/STM32_USB_Device_Library/Class/CDC/Src/usbd_cdc.o
LOAD ./Middlewares/ST/STM32_USB_Device_Library/Core/Src/usbd_core.o
LOAD ./Middlewares/ST/STM32_USB_Device_Library/Core/Src/usbd_ctlreq.o
LOAD ./Middlewares/ST/STM32_USB_Device_Library/Core/Src/usbd_ioreq.o
LOAD ./USB_DEVICE/App/usb_device.o
LOAD ./USB_DEVICE/App/usbd_cdc_if.o
LOAD ./USB_DEVICE/App/usbd_desc.o
LOAD ./USB_DEVICE/Target/usbd_conf.o
LOAD ./User_functions/Encoder.o
LOAD ./User_functions/format_out.o
LOAD ./User_functions/lcd.o
START GROUP
LOAD C:/ST/STM32CubeIDE_1.16.1/STM32CubeIDE/plugins/com.st.stm32cube.ide.mcu.externaltools.gnu-tools-for-stm32.12.3.rel1.win32_1.0.200.202406191623/tools/bin/../lib/gcc/arm-none-eabi/12.3.1/../../../../arm-none-eabi/lib/thumb/v7e-m+fp/hard\libc_nano.a
LOAD C:/ST/STM32CubeIDE_1.16.1/STM32CubeIDE/plugins/com.st.stm32cube.ide.mcu.externaltools.gnu-tools-for-stm32.12.3.rel1.win32_1.0.200.202406191623/tools/bin/../lib/gcc/arm-none-eabi/12.3.1/../../../../arm-none-eabi/lib/thumb/v7e-m+fp/hard\libm.a
END GROUP
START GROUP
LOAD C:/ST/STM32CubeIDE_1.16.1/STM32CubeIDE/plugins/com.st.stm32cube.ide.mcu.externaltools.gnu-tools-for-stm32.12.3.rel1.win32_1.0.200.202406191623/tools/bin/../lib/gcc/arm-none-eabi/12.3.1/thumb/v7e-m+fp/hard\libgcc.a
LOAD C:/ST/STM32CubeIDE_1.16.1/STM32CubeIDE/plugins/com.st.stm32cube.ide.mcu.externaltools.gnu-tools-for-stm32.12.3.rel1.win32_1.0.200.202406191623/tools/bin/../lib/gcc/arm-none-eabi/12.3.1/../../../../arm-none-eabi/lib/thumb/v7e-m+fp/hard\libc_nano.a
END GROUP
START GROUP
LOAD C:/ST/STM32CubeIDE_1.16.1/STM32CubeIDE/plugins/com.st.stm32cube.ide.mcu.externaltools.gnu-tools-for-stm32.12.3.rel1.win32_1.0.200.202406191623/tools/bin/../lib/gcc/arm-none-eabi/12.3.1/thumb/v7e-m+fp/hard\libgcc.a
LOAD C:/ST/STM32CubeIDE_1.16.1/STM32CubeIDE/plugins/com.st.stm32cube.ide.mcu.externaltools.gnu-tools-for-stm32.12.3.rel1.win32_1.0.200.202406191623/tools/bin/../lib/gcc/arm-none-eabi/12.3.1/../../../../arm-none-eabi/lib/thumb/v7e-m+fp/hard\libc_nano.a
LOAD C:/ST/STM32CubeIDE_1.16.1/STM32CubeIDE/plugins/com.st.stm32cube.ide.mcu.externaltools.gnu-tools-for-stm32.12.3.rel1.win32_1.0.200.202406191623/tools/bin/../lib/gcc/arm-none-eabi/12.3.1/../../../../arm-none-eabi/lib/thumb/v7e-m+fp/hard\libnosys.a
END GROUP
START GROUP
LOAD C:/ST/STM32CubeIDE_1.16.1/STM32CubeIDE/plugins/com.st.stm32cube.ide.mcu.externaltools.gnu-tools-for-stm32.12.3.rel1.win32_1.0.200.202406191623/tools/bin/../lib/gcc/arm-none-eabi/12.3.1/thumb/v7e-m+fp/hard\libgcc.a
LOAD C:/ST/STM32CubeIDE_1.16.1/STM32CubeIDE/plugins/com.st.stm32cube.ide.mcu.externaltools.gnu-tools-for-stm32.12.3.rel1.win32_1.0.200.202406191623/tools/bin/../lib/gcc/arm-none-eabi/12.3.1/../../../../arm-none-eabi/lib/thumb/v7e-m+fp/hard\libc_nano.a
LOAD C:/ST/STM32CubeIDE_1.16.1/STM32CubeIDE/plugins/com.st.stm32cube.ide.mcu.externaltools.gnu-tools-for-stm32.12.3.rel1.win32_1.0.200.202406191623/tools/bin/../lib/gcc/arm-none-eabi/12.3.1/../../../../arm-none-eabi/lib/thumb/v7e-m+fp/hard\libnosys.a
END GROUP
LOAD C:/ST/STM32CubeIDE_1.16.1/STM32CubeIDE/plugins/com.st.stm32cube.ide.mcu.externaltools.gnu-tools-for-stm32.12.3.rel1.win32_1.0.200.202406191623/tools/bin/../lib/gcc/arm-none-eabi/12.3.1/thumb/v7e-m+fp/hard/crtend.o
LOAD C:/ST/STM32CubeIDE_1.16.1/STM32CubeIDE/plugins/com.st.stm32cube.ide.mcu.externaltools.gnu-tools-for-stm32.12.3.rel1.win32_1.0.200.202406191623/tools/bin/../lib/gcc/arm-none-eabi/12.3.1/thumb/v7e-m+fp/hard/crtn.o
                0x20020000                        _estack = (ORIGIN (RAM) + LENGTH (RAM))
                0x00000800                        _Min_Heap_Size = 0x800
                0x00000800                        _Min_Stack_Size = 0x800

.isr_vector     0x08000000      0x188
                0x08000000                        . = ALIGN (0x4)
 *(.isr_vector)
 .isr_vector    0x08000000      0x188 ./Core/Startup/startup_stm32f407vgtx.o
                0x08000000                g_pfnVectors
                0x08000188                        . = ALIGN (0x4)

.text           0x08000190    0x12c70
                0x08000190                        . = ALIGN (0x4)
 *(.text)
 .text          0x08000190       0x40 C:/ST/STM32CubeIDE_1.16.1/STM32CubeIDE/plugins/com.st.stm32cube.ide.mcu.externaltools.gnu-tools-for-stm32.12.3.rel1.win32_1.0.200.202406191623/tools/bin/../lib/gcc/arm-none-eabi/12.3.1/thumb/v7e-m+fp/hard/crtbegin.o
 .text          0x080001d0       0xa0 C:/ST/STM32CubeIDE_1.16.1/STM32CubeIDE/plugins/com.st.stm32cube.ide.mcu.externaltools.gnu-tools-for-stm32.12.3.rel1.win32_1.0.200.202406191623/tools/bin/../lib/gcc/arm-none-eabi/12.3.1/../../../../arm-none-eabi/lib/thumb/v7e-m+fp/hard\libc_nano.a(libc_a-memchr.o)
                0x080001d0                memchr
 .text          0x08000270       0x10 C:/ST/STM32CubeIDE_1.16.1/STM32CubeIDE/plugins/com.st.stm32cube.ide.mcu.externaltools.gnu-tools-for-stm32.12.3.rel1.win32_1.0.200.202406191623/tools/bin/../lib/gcc/arm-none-eabi/12.3.1/../../../../arm-none-eabi/lib/thumb/v7e-m+fp/hard\libc_nano.a(libc_a-strlen.o)
                0x08000270                strlen
 .text          0x08000280      0x378 C:/ST/STM32CubeIDE_1.16.1/STM32CubeIDE/plugins/com.st.stm32cube.ide.mcu.externaltools.gnu-tools-for-stm32.12.3.rel1.win32_1.0.200.202406191623/tools/bin/../lib/gcc/arm-none-eabi/12.3.1/thumb/v7e-m+fp/hard\libgcc.a(_arm_addsubdf3.o)
                0x08000280                __aeabi_drsub
                0x08000288                __aeabi_dsub
                0x08000288                __subdf3
                0x0800028c                __aeabi_dadd
                0x0800028c                __adddf3
                0x08000504                __floatunsidf
                0x08000504                __aeabi_ui2d
                0x08000524                __floatsidf
                0x08000524                __aeabi_i2d
                0x08000548                __aeabi_f2d
                0x08000548                __extendsfdf2
                0x0800058c                __floatundidf
                0x0800058c                __aeabi_ul2d
                0x0800059c                __floatdidf
                0x0800059c                __aeabi_l2d
 .text          0x080005f8      0x424 C:/ST/STM32CubeIDE_1.16.1/STM32CubeIDE/plugins/com.st.stm32cube.ide.mcu.externaltools.gnu-tools-for-stm32.12.3.rel1.win32_1.0.200.202406191623/tools/bin/../lib/gcc/arm-none-eabi/12.3.1/thumb/v7e-m+fp/hard\libgcc.a(_arm_muldivdf3.o)
                0x080005f8                __aeabi_dmul
                0x080005f8                __muldf3
                0x0800084c                __divdf3
                0x0800084c                __aeabi_ddiv
 .text          0x08000a1c      0x110 C:/ST/STM32CubeIDE_1.16.1/STM32CubeIDE/plugins/com.st.stm32cube.ide.mcu.externaltools.gnu-tools-for-stm32.12.3.rel1.win32_1.0.200.202406191623/tools/bin/../lib/gcc/arm-none-eabi/12.3.1/thumb/v7e-m+fp/hard\libgcc.a(_arm_cmpdf2.o)
                0x08000a1c                __gtdf2
                0x08000a1c                __gedf2
                0x08000a24                __ltdf2
                0x08000a24                __ledf2
                0x08000a2c                __nedf2
                0x08000a2c                __eqdf2
                0x08000a2c                __cmpdf2
                0x08000aa8                __aeabi_cdrcmple
                0x08000ab8                __aeabi_cdcmpeq
                0x08000ab8                __aeabi_cdcmple
                0x08000ac8                __aeabi_dcmpeq
                0x08000adc                __aeabi_dcmplt
                0x08000af0                __aeabi_dcmple
                0x08000b04                __aeabi_dcmpge
                0x08000b18                __aeabi_dcmpgt
 .text          0x08000b2c       0x2c C:/ST/STM32CubeIDE_1.16.1/STM32CubeIDE/plugins/com.st.stm32cube.ide.mcu.externaltools.gnu-tools-for-stm32.12.3.rel1.win32_1.0.200.202406191623/tools/bin/../lib/gcc/arm-none-eabi/12.3.1/thumb/v7e-m+fp/hard\libgcc.a(_arm_unorddf2.o)
                0x08000b2c                __unorddf2
                0x08000b2c                __aeabi_dcmpun
 .text          0x08000b58       0x50 C:/ST/STM32CubeIDE_1.16.1/STM32CubeIDE/plugins/com.st.stm32cube.ide.mcu.externaltools.gnu-tools-for-stm32.12.3.rel1.win32_1.0.200.202406191623/tools/bin/../lib/gcc/arm-none-eabi/12.3.1/thumb/v7e-m+fp/hard\libgcc.a(_arm_fixdfsi.o)
                0x08000b58                __aeabi_d2iz
                0x08000b58                __fixdfsi
 .text          0x08000ba8       0x30 C:/ST/STM32CubeIDE_1.16.1/STM32CubeIDE/plugins/com.st.stm32cube.ide.mcu.externaltools.gnu-tools-for-stm32.12.3.rel1.win32_1.0.200.202406191623/tools/bin/../lib/gcc/arm-none-eabi/12.3.1/thumb/v7e-m+fp/hard\libgcc.a(_aeabi_uldivmod.o)
                0x08000ba8                __aeabi_uldivmod
 .text          0x08000bd8      0x2bc C:/ST/STM32CubeIDE_1.16.1/STM32CubeIDE/plugins/com.st.stm32cube.ide.mcu.externaltools.gnu-tools-for-stm32.12.3.rel1.win32_1.0.200.202406191623/tools/bin/../lib/gcc/arm-none-eabi/12.3.1/thumb/v7e-m+fp/hard\libgcc.a(_udivmoddi4.o)
                0x08000bd8                __udivmoddi4
 .text          0x08000e94        0x4 C:/ST/STM32CubeIDE_1.16.1/STM32CubeIDE/plugins/com.st.stm32cube.ide.mcu.externaltools.gnu-tools-for-stm32.12.3.rel1.win32_1.0.200.202406191623/tools/bin/../lib/gcc/arm-none-eabi/12.3.1/thumb/v7e-m+fp/hard\libgcc.a(_dvmd_tls.o)
                0x08000e94                __aeabi_idiv0
                0x08000e94                __aeabi_ldiv0
 *(.text*)
 .text.MX_ADC1_Init
                0x08000e98       0xa4 ./Core/Src/adc.o
                0x08000e98                MX_ADC1_Init
 .text.HAL_ADC_MspInit
                0x08000f3c       0xb4 ./Core/Src/adc.o
                0x08000f3c                HAL_ADC_MspInit
 .text.MX_CAN1_Init
                0x08000ff0       0x6c ./Core/Src/can.o
                0x08000ff0                MX_CAN1_Init
 .text.HAL_CAN_MspInit
                0x0800105c      0x1c0 ./Core/Src/can.o
                0x0800105c                HAL_CAN_MspInit
 .text.MX_DMA_Init
                0x0800121c      0x1f8 ./Core/Src/dma.o
                0x0800121c                MX_DMA_Init
 .text.MX_GPIO_Init
                0x08001414      0x1a0 ./Core/Src/gpio.o
                0x08001414                MX_GPIO_Init
 .text.MX_I2C1_Init
                0x080015b4       0x5c ./Core/Src/i2c.o
                0x080015b4                MX_I2C1_Init
 .text.HAL_I2C_MspInit
                0x08001610       0xb0 ./Core/Src/i2c.o
                0x08001610                HAL_I2C_MspInit
 .text.HAL_TIM_PeriodElapsedCallback
                0x080016c0       0x4c ./Core/Src/main.o
                0x080016c0                HAL_TIM_PeriodElapsedCallback
 .text.main     0x0800170c      0x1a0 ./Core/Src/main.o
                0x0800170c                main
 .text.SystemClock_Config
                0x080018ac       0xd8 ./Core/Src/main.o
                0x080018ac                SystemClock_Config
 .text.CAN_interface_Test
                0x08001984       0x38 ./Core/Src/main.o
                0x08001984                CAN_interface_Test
 .text.Board_Name_to_Terminal
                0x080019bc      0x258 ./Core/Src/main.o
                0x080019bc                Board_Name_to_Terminal
 .text.Encoder_to_LCD
                0x08001c14      0x17c ./Core/Src/main.o
                0x08001c14                Encoder_to_LCD
 .text.Error_Handler
                0x08001d90        0xc ./Core/Src/main.o
                0x08001d90                Error_Handler
 .text.MX_RTC_Init
                0x08001d9c       0x4c ./Core/Src/rtc.o
                0x08001d9c                MX_RTC_Init
 .text.HAL_RTC_MspInit
                0x08001de8       0x64 ./Core/Src/rtc.o
                0x08001de8                HAL_RTC_MspInit
 .text.HAL_MspInit
                0x08001e4c       0x50 ./Core/Src/stm32f4xx_hal_msp.o
                0x08001e4c                HAL_MspInit
 .text.NMI_Handler
                0x08001e9c        0x8 ./Core/Src/stm32f4xx_it.o
                0x08001e9c                NMI_Handler
 .text.HardFault_Handler
                0x08001ea4        0x8 ./Core/Src/stm32f4xx_it.o
                0x08001ea4                HardFault_Handler
 .text.MemManage_Handler
                0x08001eac        0x8 ./Core/Src/stm32f4xx_it.o
                0x08001eac                MemManage_Handler
 .text.BusFault_Handler
                0x08001eb4        0x8 ./Core/Src/stm32f4xx_it.o
                0x08001eb4                BusFault_Handler
 .text.UsageFault_Handler
                0x08001ebc        0x8 ./Core/Src/stm32f4xx_it.o
                0x08001ebc                UsageFault_Handler
 .text.SVC_Handler
                0x08001ec4        0xe ./Core/Src/stm32f4xx_it.o
                0x08001ec4                SVC_Handler
 .text.DebugMon_Handler
                0x08001ed2        0xe ./Core/Src/stm32f4xx_it.o
                0x08001ed2                DebugMon_Handler
 .text.PendSV_Handler
                0x08001ee0        0xe ./Core/Src/stm32f4xx_it.o
                0x08001ee0                PendSV_Handler
 .text.SysTick_Handler
                0x08001eee        0xc ./Core/Src/stm32f4xx_it.o
                0x08001eee                SysTick_Handler
 *fill*         0x08001efa        0x2 
 .text.DMA1_Stream2_IRQHandler
                0x08001efc       0x14 ./Core/Src/stm32f4xx_it.o
                0x08001efc                DMA1_Stream2_IRQHandler
 .text.DMA1_Stream5_IRQHandler
                0x08001f10       0x14 ./Core/Src/stm32f4xx_it.o
                0x08001f10                DMA1_Stream5_IRQHandler
 .text.DMA1_Stream6_IRQHandler
                0x08001f24       0x14 ./Core/Src/stm32f4xx_it.o
                0x08001f24                DMA1_Stream6_IRQHandler
 .text.ADC_IRQHandler
                0x08001f38       0x14 ./Core/Src/stm32f4xx_it.o
                0x08001f38                ADC_IRQHandler
 .text.CAN1_TX_IRQHandler
                0x08001f4c       0x14 ./Core/Src/stm32f4xx_it.o
                0x08001f4c                CAN1_TX_IRQHandler
 .text.CAN1_RX0_IRQHandler
                0x08001f60       0x14 ./Core/Src/stm32f4xx_it.o
                0x08001f60                CAN1_RX0_IRQHandler
 .text.CAN1_RX1_IRQHandler
                0x08001f74       0x14 ./Core/Src/stm32f4xx_it.o
                0x08001f74                CAN1_RX1_IRQHandler
 .text.CAN1_SCE_IRQHandler
                0x08001f88       0x14 ./Core/Src/stm32f4xx_it.o
                0x08001f88                CAN1_SCE_IRQHandler
 .text.TIM3_IRQHandler
                0x08001f9c       0x14 ./Core/Src/stm32f4xx_it.o
                0x08001f9c                TIM3_IRQHandler
 .text.TIM4_IRQHandler
                0x08001fb0       0x14 ./Core/Src/stm32f4xx_it.o
                0x08001fb0                TIM4_IRQHandler
 .text.I2C1_EV_IRQHandler
                0x08001fc4       0x14 ./Core/Src/stm32f4xx_it.o
                0x08001fc4                I2C1_EV_IRQHandler
 .text.I2C1_ER_IRQHandler
                0x08001fd8       0x14 ./Core/Src/stm32f4xx_it.o
                0x08001fd8                I2C1_ER_IRQHandler
 .text.USART2_IRQHandler
                0x08001fec       0x14 ./Core/Src/stm32f4xx_it.o
                0x08001fec                USART2_IRQHandler
 .text.RTC_Alarm_IRQHandler
                0x08002000       0x14 ./Core/Src/stm32f4xx_it.o
                0x08002000                RTC_Alarm_IRQHandler
 .text.TIM8_UP_TIM13_IRQHandler
                0x08002014       0x14 ./Core/Src/stm32f4xx_it.o
                0x08002014                TIM8_UP_TIM13_IRQHandler
 .text.TIM6_DAC_IRQHandler
                0x08002028       0x14 ./Core/Src/stm32f4xx_it.o
                0x08002028                TIM6_DAC_IRQHandler
 .text.DMA2_Stream0_IRQHandler
                0x0800203c       0x14 ./Core/Src/stm32f4xx_it.o
                0x0800203c                DMA2_Stream0_IRQHandler
 .text.DMA2_Stream1_IRQHandler
                0x08002050       0x14 ./Core/Src/stm32f4xx_it.o
                0x08002050                DMA2_Stream1_IRQHandler
 .text.DMA2_Stream4_IRQHandler
                0x08002064       0x14 ./Core/Src/stm32f4xx_it.o
                0x08002064                DMA2_Stream4_IRQHandler
 .text.CAN2_TX_IRQHandler
                0x08002078       0x14 ./Core/Src/stm32f4xx_it.o
                0x08002078                CAN2_TX_IRQHandler
 .text.CAN2_RX0_IRQHandler
                0x0800208c       0x14 ./Core/Src/stm32f4xx_it.o
                0x0800208c                CAN2_RX0_IRQHandler
 .text.CAN2_RX1_IRQHandler
                0x080020a0       0x14 ./Core/Src/stm32f4xx_it.o
                0x080020a0                CAN2_RX1_IRQHandler
 .text.CAN2_SCE_IRQHandler
                0x080020b4       0x14 ./Core/Src/stm32f4xx_it.o
                0x080020b4                CAN2_SCE_IRQHandler
 .text.OTG_FS_IRQHandler
                0x080020c8       0x14 ./Core/Src/stm32f4xx_it.o
                0x080020c8                OTG_FS_IRQHandler
 .text._getpid  0x080020dc       0x10 ./Core/Src/syscalls.o
                0x080020dc                _getpid
 .text._kill    0x080020ec       0x20 ./Core/Src/syscalls.o
                0x080020ec                _kill
 .text._exit    0x0800210c       0x16 ./Core/Src/syscalls.o
                0x0800210c                _exit
 .text._read    0x08002122       0x3a ./Core/Src/syscalls.o
                0x08002122                _read
 .text._write   0x0800215c       0x38 ./Core/Src/syscalls.o
                0x0800215c                _write
 .text._close   0x08002194       0x18 ./Core/Src/syscalls.o
                0x08002194                _close
 .text._fstat   0x080021ac       0x20 ./Core/Src/syscalls.o
                0x080021ac                _fstat
 .text._isatty  0x080021cc       0x16 ./Core/Src/syscalls.o
                0x080021cc                _isatty
 .text._lseek   0x080021e2       0x1a ./Core/Src/syscalls.o
                0x080021e2                _lseek
 .text._sbrk    0x080021fc       0x6c ./Core/Src/sysmem.o
                0x080021fc                _sbrk
 .text.SystemInit
                0x08002268       0x24 ./Core/Src/system_stm32f4xx.o
                0x08002268                SystemInit
 .text.MX_TIM1_Init
                0x0800228c       0xb0 ./Core/Src/tim.o
                0x0800228c                MX_TIM1_Init
 .text.MX_TIM2_Init
                0x0800233c       0x98 ./Core/Src/tim.o
                0x0800233c                MX_TIM2_Init
 .text.MX_TIM3_Init
                0x080023d4       0xa8 ./Core/Src/tim.o
                0x080023d4                MX_TIM3_Init
 .text.MX_TIM4_Init
                0x0800247c       0x9c ./Core/Src/tim.o
                0x0800247c                MX_TIM4_Init
 .text.MX_TIM5_Init
                0x08002518       0x9c ./Core/Src/tim.o
                0x08002518                MX_TIM5_Init
 .text.MX_TIM6_Init
                0x080025b4       0x6c ./Core/Src/tim.o
                0x080025b4                MX_TIM6_Init
 .text.MX_TIM8_Init
                0x08002620       0xa0 ./Core/Src/tim.o
                0x08002620                MX_TIM8_Init
 .text.MX_TIM14_Init
                0x080026c0       0x48 ./Core/Src/tim.o
                0x080026c0                MX_TIM14_Init
 .text.HAL_TIM_Encoder_MspInit
                0x08002708      0x180 ./Core/Src/tim.o
                0x08002708                HAL_TIM_Encoder_MspInit
 .text.HAL_TIM_Base_MspInit
                0x08002888      0x1b0 ./Core/Src/tim.o
                0x08002888                HAL_TIM_Base_MspInit
 .text.HAL_TIM_Base_MspDeInit
                0x08002a38       0xd4 ./Core/Src/tim.o
                0x08002a38                HAL_TIM_Base_MspDeInit
 .text.MX_USART1_UART_Init
                0x08002b0c       0x54 ./Core/Src/usart.o
                0x08002b0c                MX_USART1_UART_Init
 .text.MX_USART2_UART_Init
                0x08002b60       0x54 ./Core/Src/usart.o
                0x08002b60                MX_USART2_UART_Init
 .text.HAL_UART_MspInit
                0x08002bb4      0x1d4 ./Core/Src/usart.o
                0x08002bb4                HAL_UART_MspInit
 .text.Reset_Handler
                0x08002d88       0x50 ./Core/Startup/startup_stm32f407vgtx.o
                0x08002d88                Reset_Handler
 .text.Default_Handler
                0x08002dd8        0x2 ./Core/Startup/startup_stm32f407vgtx.o
                0x08002dd8                HASH_RNG_IRQHandler
                0x08002dd8                EXTI2_IRQHandler
                0x08002dd8                TIM8_CC_IRQHandler
                0x08002dd8                TIM1_CC_IRQHandler
                0x08002dd8                DMA2_Stream5_IRQHandler
                0x08002dd8                PVD_IRQHandler
                0x08002dd8                SDIO_IRQHandler
                0x08002dd8                TAMP_STAMP_IRQHandler
                0x08002dd8                EXTI3_IRQHandler
                0x08002dd8                TIM8_TRG_COM_TIM14_IRQHandler
                0x08002dd8                TIM1_UP_TIM10_IRQHandler
                0x08002dd8                I2C3_ER_IRQHandler
                0x08002dd8                EXTI0_IRQHandler
                0x08002dd8                I2C2_EV_IRQHandler
                0x08002dd8                FPU_IRQHandler
                0x08002dd8                OTG_HS_WKUP_IRQHandler
                0x08002dd8                DMA2_Stream2_IRQHandler
                0x08002dd8                SPI1_IRQHandler
                0x08002dd8                TIM1_BRK_TIM9_IRQHandler
                0x08002dd8                DCMI_IRQHandler
                0x08002dd8                DMA2_Stream3_IRQHandler
                0x08002dd8                USART6_IRQHandler
                0x08002dd8                USART3_IRQHandler
                0x08002dd8                UART5_IRQHandler
                0x08002dd8                DMA1_Stream1_IRQHandler
                0x08002dd8                UART4_IRQHandler
                0x08002dd8                RCC_IRQHandler
                0x08002dd8                TIM8_BRK_TIM12_IRQHandler
                0x08002dd8                Default_Handler
                0x08002dd8                EXTI15_10_IRQHandler
                0x08002dd8                DMA1_Stream7_IRQHandler
                0x08002dd8                TIM7_IRQHandler
                0x08002dd8                TIM5_IRQHandler
                0x08002dd8                DMA2_Stream7_IRQHandler
                0x08002dd8                I2C3_EV_IRQHandler
                0x08002dd8                EXTI9_5_IRQHandler
                0x08002dd8                RTC_WKUP_IRQHandler
                0x08002dd8                ETH_WKUP_IRQHandler
                0x08002dd8                SPI2_IRQHandler
                0x08002dd8                OTG_HS_EP1_IN_IRQHandler
                0x08002dd8                DMA1_Stream0_IRQHandler
                0x08002dd8                EXTI4_IRQHandler
                0x08002dd8                FSMC_IRQHandler
                0x08002dd8                ETH_IRQHandler
                0x08002dd8                OTG_HS_EP1_OUT_IRQHandler
                0x08002dd8                WWDG_IRQHandler
                0x08002dd8                TIM2_IRQHandler
                0x08002dd8                OTG_FS_WKUP_IRQHandler
                0x08002dd8                TIM1_TRG_COM_TIM11_IRQHandler
                0x08002dd8                OTG_HS_IRQHandler
                0x08002dd8                EXTI1_IRQHandler
                0x08002dd8                I2C2_ER_IRQHandler
                0x08002dd8                FLASH_IRQHandler
                0x08002dd8                USART1_IRQHandler
                0x08002dd8                SPI3_IRQHandler
                0x08002dd8                DMA1_Stream4_IRQHandler
                0x08002dd8                DMA2_Stream6_IRQHandler
                0x08002dd8                DMA1_Stream3_IRQHandler
 *fill*         0x08002dda        0x2 
 .text.HAL_Init
                0x08002ddc       0x44 ./Drivers/STM32F4xx_HAL_Driver/Src/stm32f4xx_hal.o
                0x08002ddc                HAL_Init
 .text.HAL_InitTick
                0x08002e20       0x60 ./Drivers/STM32F4xx_HAL_Driver/Src/stm32f4xx_hal.o
                0x08002e20                HAL_InitTick
 .text.HAL_IncTick
                0x08002e80       0x28 ./Drivers/STM32F4xx_HAL_Driver/Src/stm32f4xx_hal.o
                0x08002e80                HAL_IncTick
 .text.HAL_GetTick
                0x08002ea8       0x18 ./Drivers/STM32F4xx_HAL_Driver/Src/stm32f4xx_hal.o
                0x08002ea8                HAL_GetTick
 .text.HAL_Delay
                0x08002ec0       0x48 ./Drivers/STM32F4xx_HAL_Driver/Src/stm32f4xx_hal.o
                0x08002ec0                HAL_Delay
 .text.HAL_GetREVID
                0x08002f08       0x18 ./Drivers/STM32F4xx_HAL_Driver/Src/stm32f4xx_hal.o
                0x08002f08                HAL_GetREVID
 .text.HAL_GetDEVID
                0x08002f20       0x1c ./Drivers/STM32F4xx_HAL_Driver/Src/stm32f4xx_hal.o
                0x08002f20                HAL_GetDEVID
 .text.HAL_GetUIDw0
                0x08002f3c       0x18 ./Drivers/STM32F4xx_HAL_Driver/Src/stm32f4xx_hal.o
                0x08002f3c                HAL_GetUIDw0
 .text.HAL_GetUIDw1
                0x08002f54       0x18 ./Drivers/STM32F4xx_HAL_Driver/Src/stm32f4xx_hal.o
                0x08002f54                HAL_GetUIDw1
 .text.HAL_GetUIDw2
                0x08002f6c       0x18 ./Drivers/STM32F4xx_HAL_Driver/Src/stm32f4xx_hal.o
                0x08002f6c                HAL_GetUIDw2
 .text.HAL_ADC_Init
                0x08002f84       0x86 ./Drivers/STM32F4xx_HAL_Driver/Src/stm32f4xx_hal_adc.o
                0x08002f84                HAL_ADC_Init
 .text.HAL_ADC_IRQHandler
                0x0800300a      0x220 ./Drivers/STM32F4xx_HAL_Driver/Src/stm32f4xx_hal_adc.o
                0x0800300a                HAL_ADC_IRQHandler
 .text.HAL_ADC_ConvCpltCallback
                0x0800322a       0x14 ./Drivers/STM32F4xx_HAL_Driver/Src/stm32f4xx_hal_adc.o
                0x0800322a                HAL_ADC_ConvCpltCallback
 .text.HAL_ADC_LevelOutOfWindowCallback
                0x0800323e       0x14 ./Drivers/STM32F4xx_HAL_Driver/Src/stm32f4xx_hal_adc.o
                0x0800323e                HAL_ADC_LevelOutOfWindowCallback
 .text.HAL_ADC_ErrorCallback
                0x08003252       0x14 ./Drivers/STM32F4xx_HAL_Driver/Src/stm32f4xx_hal_adc.o
                0x08003252                HAL_ADC_ErrorCallback
 *fill*         0x08003266        0x2 
 .text.HAL_ADC_ConfigChannel
                0x08003268      0x244 ./Drivers/STM32F4xx_HAL_Driver/Src/stm32f4xx_hal_adc.o
                0x08003268                HAL_ADC_ConfigChannel
 .text.ADC_Init
                0x080034ac      0x1f8 ./Drivers/STM32F4xx_HAL_Driver/Src/stm32f4xx_hal_adc.o
 .text.HAL_ADCEx_InjectedConvCpltCallback
                0x080036a4       0x14 ./Drivers/STM32F4xx_HAL_Driver/Src/stm32f4xx_hal_adc_ex.o
                0x080036a4                HAL_ADCEx_InjectedConvCpltCallback
 .text.HAL_CAN_Init
                0x080036b8      0x28c ./Drivers/STM32F4xx_HAL_Driver/Src/stm32f4xx_hal_can.o
                0x080036b8                HAL_CAN_Init
 .text.HAL_CAN_Start
                0x08003944       0x88 ./Drivers/STM32F4xx_HAL_Driver/Src/stm32f4xx_hal_can.o
                0x08003944                HAL_CAN_Start
 .text.HAL_CAN_AddTxMessage
                0x080039cc      0x1b6 ./Drivers/STM32F4xx_HAL_Driver/Src/stm32f4xx_hal_can.o
                0x080039cc                HAL_CAN_AddTxMessage
 .text.HAL_CAN_IRQHandler
                0x08003b82      0x38a ./Drivers/STM32F4xx_HAL_Driver/Src/stm32f4xx_hal_can.o
                0x08003b82                HAL_CAN_IRQHandler
 .text.HAL_CAN_TxMailbox0CompleteCallback
                0x08003f0c       0x14 ./Drivers/STM32F4xx_HAL_Driver/Src/stm32f4xx_hal_can.o
                0x08003f0c                HAL_CAN_TxMailbox0CompleteCallback
 .text.HAL_CAN_TxMailbox1CompleteCallback
                0x08003f20       0x14 ./Drivers/STM32F4xx_HAL_Driver/Src/stm32f4xx_hal_can.o
                0x08003f20                HAL_CAN_TxMailbox1CompleteCallback
 .text.HAL_CAN_TxMailbox2CompleteCallback
                0x08003f34       0x14 ./Drivers/STM32F4xx_HAL_Driver/Src/stm32f4xx_hal_can.o
                0x08003f34                HAL_CAN_TxMailbox2CompleteCallback
 .text.HAL_CAN_TxMailbox0AbortCallback
                0x08003f48       0x14 ./Drivers/STM32F4xx_HAL_Driver/Src/stm32f4xx_hal_can.o
                0x08003f48                HAL_CAN_TxMailbox0AbortCallback
 .text.HAL_CAN_TxMailbox1AbortCallback
                0x08003f5c       0x14 ./Drivers/STM32F4xx_HAL_Driver/Src/stm32f4xx_hal_can.o
                0x08003f5c                HAL_CAN_TxMailbox1AbortCallback
 .text.HAL_CAN_TxMailbox2AbortCallback
                0x08003f70       0x14 ./Drivers/STM32F4xx_HAL_Driver/Src/stm32f4xx_hal_can.o
                0x08003f70                HAL_CAN_TxMailbox2AbortCallback
 .text.HAL_CAN_RxFifo0MsgPendingCallback
                0x08003f84       0x14 ./Drivers/STM32F4xx_HAL_Driver/Src/stm32f4xx_hal_can.o
                0x08003f84                HAL_CAN_RxFifo0MsgPendingCallback
 .text.HAL_CAN_RxFifo0FullCallback
                0x08003f98       0x14 ./Drivers/STM32F4xx_HAL_Driver/Src/stm32f4xx_hal_can.o
                0x08003f98                HAL_CAN_RxFifo0FullCallback
 .text.HAL_CAN_RxFifo1MsgPendingCallback
                0x08003fac       0x14 ./Drivers/STM32F4xx_HAL_Driver/Src/stm32f4xx_hal_can.o
                0x08003fac                HAL_CAN_RxFifo1MsgPendingCallback
 .text.HAL_CAN_RxFifo1FullCallback
                0x08003fc0       0x14 ./Drivers/STM32F4xx_HAL_Driver/Src/stm32f4xx_hal_can.o
                0x08003fc0                HAL_CAN_RxFifo1FullCallback
 .text.HAL_CAN_SleepCallback
                0x08003fd4       0x14 ./Drivers/STM32F4xx_HAL_Driver/Src/stm32f4xx_hal_can.o
                0x08003fd4                HAL_CAN_SleepCallback
 .text.HAL_CAN_WakeUpFromRxMsgCallback
                0x08003fe8       0x14 ./Drivers/STM32F4xx_HAL_Driver/Src/stm32f4xx_hal_can.o
                0x08003fe8                HAL_CAN_WakeUpFromRxMsgCallback
 .text.HAL_CAN_ErrorCallback
                0x08003ffc       0x14 ./Drivers/STM32F4xx_HAL_Driver/Src/stm32f4xx_hal_can.o
                0x08003ffc                HAL_CAN_ErrorCallback
 .text.__NVIC_SetPriorityGrouping
                0x08004010       0x48 ./Drivers/STM32F4xx_HAL_Driver/Src/stm32f4xx_hal_cortex.o
 .text.__NVIC_GetPriorityGrouping
                0x08004058       0x1c ./Drivers/STM32F4xx_HAL_Driver/Src/stm32f4xx_hal_cortex.o
 .text.__NVIC_EnableIRQ
                0x08004074       0x3c ./Drivers/STM32F4xx_HAL_Driver/Src/stm32f4xx_hal_cortex.o
 .text.__NVIC_DisableIRQ
                0x080040b0       0x48 ./Drivers/STM32F4xx_HAL_Driver/Src/stm32f4xx_hal_cortex.o
 .text.__NVIC_SetPriority
                0x080040f8       0x54 ./Drivers/STM32F4xx_HAL_Driver/Src/stm32f4xx_hal_cortex.o
 .text.NVIC_EncodePriority
                0x0800414c       0x66 ./Drivers/STM32F4xx_HAL_Driver/Src/stm32f4xx_hal_cortex.o
 *fill*         0x080041b2        0x2 
 .text.SysTick_Config
                0x080041b4       0x44 ./Drivers/STM32F4xx_HAL_Driver/Src/stm32f4xx_hal_cortex.o
 .text.HAL_NVIC_SetPriorityGrouping
                0x080041f8       0x16 ./Drivers/STM32F4xx_HAL_Driver/Src/stm32f4xx_hal_cortex.o
                0x080041f8                HAL_NVIC_SetPriorityGrouping
 .text.HAL_NVIC_SetPriority
                0x0800420e       0x38 ./Drivers/STM32F4xx_HAL_Driver/Src/stm32f4xx_hal_cortex.o
                0x0800420e                HAL_NVIC_SetPriority
 .text.HAL_NVIC_EnableIRQ
                0x08004246       0x1c ./Drivers/STM32F4xx_HAL_Driver/Src/stm32f4xx_hal_cortex.o
                0x08004246                HAL_NVIC_EnableIRQ
 .text.HAL_NVIC_DisableIRQ
                0x08004262       0x1c ./Drivers/STM32F4xx_HAL_Driver/Src/stm32f4xx_hal_cortex.o
                0x08004262                HAL_NVIC_DisableIRQ
 .text.HAL_SYSTICK_Config
                0x0800427e       0x18 ./Drivers/STM32F4xx_HAL_Driver/Src/stm32f4xx_hal_cortex.o
                0x0800427e                HAL_SYSTICK_Config
 *fill*         0x08004296        0x2 
 .text.HAL_DMA_Init
                0x08004298      0x15c ./Drivers/STM32F4xx_HAL_Driver/Src/stm32f4xx_hal_dma.o
                0x08004298                HAL_DMA_Init
 .text.HAL_DMA_DeInit
                0x080043f4       0xbc ./Drivers/STM32F4xx_HAL_Driver/Src/stm32f4xx_hal_dma.o
                0x080043f4                HAL_DMA_DeInit
 .text.HAL_DMA_Start_IT
                0x080044b0       0xb0 ./Drivers/STM32F4xx_HAL_Driver/Src/stm32f4xx_hal_dma.o
                0x080044b0                HAL_DMA_Start_IT
 .text.HAL_DMA_Abort
                0x08004560       0xe0 ./Drivers/STM32F4xx_HAL_Driver/Src/stm32f4xx_hal_dma.o
                0x08004560                HAL_DMA_Abort
 .text.HAL_DMA_Abort_IT
                0x08004640       0x44 ./Drivers/STM32F4xx_HAL_Driver/Src/stm32f4xx_hal_dma.o
                0x08004640                HAL_DMA_Abort_IT
 .text.HAL_DMA_IRQHandler
                0x08004684      0x314 ./Drivers/STM32F4xx_HAL_Driver/Src/stm32f4xx_hal_dma.o
                0x08004684                HAL_DMA_IRQHandler
 .text.HAL_DMA_GetState
                0x08004998       0x1c ./Drivers/STM32F4xx_HAL_Driver/Src/stm32f4xx_hal_dma.o
                0x08004998                HAL_DMA_GetState
 .text.DMA_SetConfig
                0x080049b4       0x5c ./Drivers/STM32F4xx_HAL_Driver/Src/stm32f4xx_hal_dma.o
 .text.DMA_CalcBaseAndBitshift
                0x08004a10       0x6c ./Drivers/STM32F4xx_HAL_Driver/Src/stm32f4xx_hal_dma.o
 .text.DMA_CheckFifoParam
                0x08004a7c       0xf8 ./Drivers/STM32F4xx_HAL_Driver/Src/stm32f4xx_hal_dma.o
 .text.HAL_GPIO_Init
                0x08004b74      0x338 ./Drivers/STM32F4xx_HAL_Driver/Src/stm32f4xx_hal_gpio.o
                0x08004b74                HAL_GPIO_Init
 .text.HAL_GPIO_WritePin
                0x08004eac       0x32 ./Drivers/STM32F4xx_HAL_Driver/Src/stm32f4xx_hal_gpio.o
                0x08004eac                HAL_GPIO_WritePin
 .text.HAL_GPIO_TogglePin
                0x08004ede       0x34 ./Drivers/STM32F4xx_HAL_Driver/Src/stm32f4xx_hal_gpio.o
                0x08004ede                HAL_GPIO_TogglePin
 *fill*         0x08004f12        0x2 
 .text.HAL_I2C_Init
                0x08004f14      0x300 ./Drivers/STM32F4xx_HAL_Driver/Src/stm32f4xx_hal_i2c.o
                0x08004f14                HAL_I2C_Init
 .text.HAL_I2C_Master_Transmit
                0x08005214      0x1fc ./Drivers/STM32F4xx_HAL_Driver/Src/stm32f4xx_hal_i2c.o
                0x08005214                HAL_I2C_Master_Transmit
 .text.HAL_I2C_EV_IRQHandler
                0x08005410      0x2a6 ./Drivers/STM32F4xx_HAL_Driver/Src/stm32f4xx_hal_i2c.o
                0x08005410                HAL_I2C_EV_IRQHandler
 .text.HAL_I2C_ER_IRQHandler
                0x080056b6      0x13e ./Drivers/STM32F4xx_HAL_Driver/Src/stm32f4xx_hal_i2c.o
                0x080056b6                HAL_I2C_ER_IRQHandler
 .text.HAL_I2C_MasterTxCpltCallback
                0x080057f4       0x14 ./Drivers/STM32F4xx_HAL_Driver/Src/stm32f4xx_hal_i2c.o
                0x080057f4                HAL_I2C_MasterTxCpltCallback
 .text.HAL_I2C_MasterRxCpltCallback
                0x08005808       0x14 ./Drivers/STM32F4xx_HAL_Driver/Src/stm32f4xx_hal_i2c.o
                0x08005808                HAL_I2C_MasterRxCpltCallback
 .text.HAL_I2C_SlaveTxCpltCallback
                0x0800581c       0x14 ./Drivers/STM32F4xx_HAL_Driver/Src/stm32f4xx_hal_i2c.o
                0x0800581c                HAL_I2C_SlaveTxCpltCallback
 .text.HAL_I2C_SlaveRxCpltCallback
                0x08005830       0x14 ./Drivers/STM32F4xx_HAL_Driver/Src/stm32f4xx_hal_i2c.o
                0x08005830                HAL_I2C_SlaveRxCpltCallback
 .text.HAL_I2C_AddrCallback
                0x08005844       0x1c ./Drivers/STM32F4xx_HAL_Driver/Src/stm32f4xx_hal_i2c.o
                0x08005844                HAL_I2C_AddrCallback
 .text.HAL_I2C_ListenCpltCallback
                0x08005860       0x14 ./Drivers/STM32F4xx_HAL_Driver/Src/stm32f4xx_hal_i2c.o
                0x08005860                HAL_I2C_ListenCpltCallback
 .text.HAL_I2C_MemTxCpltCallback
                0x08005874       0x14 ./Drivers/STM32F4xx_HAL_Driver/Src/stm32f4xx_hal_i2c.o
                0x08005874                HAL_I2C_MemTxCpltCallback
 .text.HAL_I2C_MemRxCpltCallback
                0x08005888       0x14 ./Drivers/STM32F4xx_HAL_Driver/Src/stm32f4xx_hal_i2c.o
                0x08005888                HAL_I2C_MemRxCpltCallback
 .text.HAL_I2C_ErrorCallback
                0x0800589c       0x14 ./Drivers/STM32F4xx_HAL_Driver/Src/stm32f4xx_hal_i2c.o
                0x0800589c                HAL_I2C_ErrorCallback
 .text.HAL_I2C_AbortCpltCallback
                0x080058b0       0x14 ./Drivers/STM32F4xx_HAL_Driver/Src/stm32f4xx_hal_i2c.o
                0x080058b0                HAL_I2C_AbortCpltCallback
 .text.I2C_MasterTransmit_TXE
                0x080058c4      0x13e ./Drivers/STM32F4xx_HAL_Driver/Src/stm32f4xx_hal_i2c.o
 .text.I2C_MasterTransmit_BTF
                0x08005a02       0xf2 ./Drivers/STM32F4xx_HAL_Driver/Src/stm32f4xx_hal_i2c.o
 .text.I2C_MemoryTransmit_TXE_BTF
                0x08005af4      0x12a ./Drivers/STM32F4xx_HAL_Driver/Src/stm32f4xx_hal_i2c.o
 .text.I2C_MasterReceive_RXNE
                0x08005c1e      0x17c ./Drivers/STM32F4xx_HAL_Driver/Src/stm32f4xx_hal_i2c.o
 .text.I2C_MasterReceive_BTF
                0x08005d9a      0x1d8 ./Drivers/STM32F4xx_HAL_Driver/Src/stm32f4xx_hal_i2c.o
 .text.I2C_Master_SB
                0x08005f72      0x10c ./Drivers/STM32F4xx_HAL_Driver/Src/stm32f4xx_hal_i2c.o
 .text.I2C_Master_ADD10
                0x0800607e       0x54 ./Drivers/STM32F4xx_HAL_Driver/Src/stm32f4xx_hal_i2c.o
 .text.I2C_Master_ADDR
                0x080060d2      0x322 ./Drivers/STM32F4xx_HAL_Driver/Src/stm32f4xx_hal_i2c.o
 .text.I2C_SlaveTransmit_TXE
                0x080063f4       0x7c ./Drivers/STM32F4xx_HAL_Driver/Src/stm32f4xx_hal_i2c.o
 .text.I2C_SlaveTransmit_BTF
                0x08006470       0x42 ./Drivers/STM32F4xx_HAL_Driver/Src/stm32f4xx_hal_i2c.o
 .text.I2C_SlaveReceive_RXNE
                0x080064b2       0x7e ./Drivers/STM32F4xx_HAL_Driver/Src/stm32f4xx_hal_i2c.o
 .text.I2C_SlaveReceive_BTF
                0x08006530       0x44 ./Drivers/STM32F4xx_HAL_Driver/Src/stm32f4xx_hal_i2c.o
 .text.I2C_Slave_ADDR
                0x08006574       0x90 ./Drivers/STM32F4xx_HAL_Driver/Src/stm32f4xx_hal_i2c.o
 .text.I2C_Slave_STOPF
                0x08006604      0x268 ./Drivers/STM32F4xx_HAL_Driver/Src/stm32f4xx_hal_i2c.o
 .text.I2C_Slave_AF
                0x0800686c       0xe4 ./Drivers/STM32F4xx_HAL_Driver/Src/stm32f4xx_hal_i2c.o
 .text.I2C_ITError
                0x08006950      0x26c ./Drivers/STM32F4xx_HAL_Driver/Src/stm32f4xx_hal_i2c.o
 .text.I2C_MasterRequestWrite
                0x08006bbc      0x104 ./Drivers/STM32F4xx_HAL_Driver/Src/stm32f4xx_hal_i2c.o
 .text.I2C_DMAAbort
                0x08006cc0      0x154 ./Drivers/STM32F4xx_HAL_Driver/Src/stm32f4xx_hal_i2c.o
 .text.I2C_WaitOnFlagUntilTimeout
                0x08006e14       0xae ./Drivers/STM32F4xx_HAL_Driver/Src/stm32f4xx_hal_i2c.o
 .text.I2C_WaitOnMasterAddressFlagUntilTimeout
                0x08006ec2       0xfe ./Drivers/STM32F4xx_HAL_Driver/Src/stm32f4xx_hal_i2c.o
 .text.I2C_WaitOnTXEFlagUntilTimeout
                0x08006fc0       0x82 ./Drivers/STM32F4xx_HAL_Driver/Src/stm32f4xx_hal_i2c.o
 .text.I2C_WaitOnBTFFlagUntilTimeout
                0x08007042       0x82 ./Drivers/STM32F4xx_HAL_Driver/Src/stm32f4xx_hal_i2c.o
 .text.I2C_WaitOnSTOPRequestThroughIT
                0x080070c4       0x64 ./Drivers/STM32F4xx_HAL_Driver/Src/stm32f4xx_hal_i2c.o
 .text.I2C_IsAcknowledgeFailed
                0x08007128       0x5e ./Drivers/STM32F4xx_HAL_Driver/Src/stm32f4xx_hal_i2c.o
 .text.I2C_ConvertOtherXferOptions
                0x08007186       0x36 ./Drivers/STM32F4xx_HAL_Driver/Src/stm32f4xx_hal_i2c.o
 .text.HAL_PCD_Init
                0x080071bc      0x23a ./Drivers/STM32F4xx_HAL_Driver/Src/stm32f4xx_hal_pcd.o
                0x080071bc                HAL_PCD_Init
 .text.HAL_PCD_Start
                0x080073f6       0x66 ./Drivers/STM32F4xx_HAL_Driver/Src/stm32f4xx_hal_pcd.o
                0x080073f6                HAL_PCD_Start
 .text.HAL_PCD_IRQHandler
                0x0800745c      0x93e ./Drivers/STM32F4xx_HAL_Driver/Src/stm32f4xx_hal_pcd.o
                0x0800745c                HAL_PCD_IRQHandler
 .text.HAL_PCD_SetAddress
                0x08007d9a       0x4a ./Drivers/STM32F4xx_HAL_Driver/Src/stm32f4xx_hal_pcd.o
                0x08007d9a                HAL_PCD_SetAddress
 .text.HAL_PCD_EP_Open
                0x08007de4       0xd0 ./Drivers/STM32F4xx_HAL_Driver/Src/stm32f4xx_hal_pcd.o
                0x08007de4                HAL_PCD_EP_Open
 .text.HAL_PCD_EP_Close
                0x08007eb4       0x94 ./Drivers/STM32F4xx_HAL_Driver/Src/stm32f4xx_hal_pcd.o
                0x08007eb4                HAL_PCD_EP_Close
 .text.HAL_PCD_EP_Receive
                0x08007f48       0x96 ./Drivers/STM32F4xx_HAL_Driver/Src/stm32f4xx_hal_pcd.o
                0x08007f48                HAL_PCD_EP_Receive
 .text.HAL_PCD_EP_GetRxCount
                0x08007fde       0x30 ./Drivers/STM32F4xx_HAL_Driver/Src/stm32f4xx_hal_pcd.o
                0x08007fde                HAL_PCD_EP_GetRxCount
 .text.HAL_PCD_EP_Transmit
                0x0800800e       0x94 ./Drivers/STM32F4xx_HAL_Driver/Src/stm32f4xx_hal_pcd.o
                0x0800800e                HAL_PCD_EP_Transmit
 .text.HAL_PCD_EP_SetStall
                0x080080a2       0xc8 ./Drivers/STM32F4xx_HAL_Driver/Src/stm32f4xx_hal_pcd.o
                0x080080a2                HAL_PCD_EP_SetStall
 .text.HAL_PCD_EP_ClrStall
                0x0800816a       0xac ./Drivers/STM32F4xx_HAL_Driver/Src/stm32f4xx_hal_pcd.o
                0x0800816a                HAL_PCD_EP_ClrStall
 .text.HAL_PCD_EP_Abort
                0x08008216       0x62 ./Drivers/STM32F4xx_HAL_Driver/Src/stm32f4xx_hal_pcd.o
                0x08008216                HAL_PCD_EP_Abort
 .text.PCD_WriteEmptyTxFifo
                0x08008278      0x11a ./Drivers/STM32F4xx_HAL_Driver/Src/stm32f4xx_hal_pcd.o
 *fill*         0x08008392        0x2 
 .text.PCD_EP_OutXfrComplete_int
                0x08008394      0x1d0 ./Drivers/STM32F4xx_HAL_Driver/Src/stm32f4xx_hal_pcd.o
 .text.PCD_EP_OutSetupPacket_int
                0x08008564       0x8c ./Drivers/STM32F4xx_HAL_Driver/Src/stm32f4xx_hal_pcd.o
 .text.HAL_PCDEx_SetTxFiFo
                0x080085f0       0x8e ./Drivers/STM32F4xx_HAL_Driver/Src/stm32f4xx_hal_pcd_ex.o
                0x080085f0                HAL_PCDEx_SetTxFiFo
 .text.HAL_PCDEx_SetRxFiFo
                0x0800867e       0x22 ./Drivers/STM32F4xx_HAL_Driver/Src/stm32f4xx_hal_pcd_ex.o
                0x0800867e                HAL_PCDEx_SetRxFiFo
 .text.HAL_PCDEx_LPM_Callback
                0x080086a0       0x18 ./Drivers/STM32F4xx_HAL_Driver/Src/stm32f4xx_hal_pcd_ex.o
                0x080086a0                HAL_PCDEx_LPM_Callback
 .text.HAL_RCC_OscConfig
                0x080086b8      0x4f0 ./Drivers/STM32F4xx_HAL_Driver/Src/stm32f4xx_hal_rcc.o
                0x080086b8                HAL_RCC_OscConfig
 .text.HAL_RCC_ClockConfig
                0x08008ba8      0x1cc ./Drivers/STM32F4xx_HAL_Driver/Src/stm32f4xx_hal_rcc.o
                0x08008ba8                HAL_RCC_ClockConfig
 .text.HAL_RCC_GetSysClockFreq
                0x08008d74      0x20c ./Drivers/STM32F4xx_HAL_Driver/Src/stm32f4xx_hal_rcc.o
                0x08008d74                HAL_RCC_GetSysClockFreq
 .text.HAL_RCC_GetHCLKFreq
                0x08008f80       0x18 ./Drivers/STM32F4xx_HAL_Driver/Src/stm32f4xx_hal_rcc.o
                0x08008f80                HAL_RCC_GetHCLKFreq
 .text.HAL_RCC_GetPCLK1Freq
                0x08008f98       0x28 ./Drivers/STM32F4xx_HAL_Driver/Src/stm32f4xx_hal_rcc.o
                0x08008f98                HAL_RCC_GetPCLK1Freq
 .text.HAL_RCC_GetPCLK2Freq
                0x08008fc0       0x28 ./Drivers/STM32F4xx_HAL_Driver/Src/stm32f4xx_hal_rcc.o
                0x08008fc0                HAL_RCC_GetPCLK2Freq
 .text.HAL_RCCEx_PeriphCLKConfig
                0x08008fe8      0x1c4 ./Drivers/STM32F4xx_HAL_Driver/Src/stm32f4xx_hal_rcc_ex.o
                0x08008fe8                HAL_RCCEx_PeriphCLKConfig
 .text.HAL_RTC_Init
                0x080091ac       0xec ./Drivers/STM32F4xx_HAL_Driver/Src/stm32f4xx_hal_rtc.o
                0x080091ac                HAL_RTC_Init
 .text.HAL_RTC_GetTime
                0x08009298       0xbc ./Drivers/STM32F4xx_HAL_Driver/Src/stm32f4xx_hal_rtc.o
                0x08009298                HAL_RTC_GetTime
 .text.HAL_RTC_GetDate
                0x08009354       0x9e ./Drivers/STM32F4xx_HAL_Driver/Src/stm32f4xx_hal_rtc.o
                0x08009354                HAL_RTC_GetDate
 *fill*         0x080093f2        0x2 
 .text.HAL_RTC_AlarmIRQHandler
                0x080093f4       0x8c ./Drivers/STM32F4xx_HAL_Driver/Src/stm32f4xx_hal_rtc.o
                0x080093f4                HAL_RTC_AlarmIRQHandler
 .text.HAL_RTC_AlarmAEventCallback
                0x08009480       0x14 ./Drivers/STM32F4xx_HAL_Driver/Src/stm32f4xx_hal_rtc.o
                0x08009480                HAL_RTC_AlarmAEventCallback
 .text.HAL_RTC_WaitForSynchro
                0x08009494       0x50 ./Drivers/STM32F4xx_HAL_Driver/Src/stm32f4xx_hal_rtc.o
                0x08009494                HAL_RTC_WaitForSynchro
 .text.RTC_EnterInitMode
                0x080094e4       0x6e ./Drivers/STM32F4xx_HAL_Driver/Src/stm32f4xx_hal_rtc.o
                0x080094e4                RTC_EnterInitMode
 .text.RTC_ExitInitMode
                0x08009552       0x4a ./Drivers/STM32F4xx_HAL_Driver/Src/stm32f4xx_hal_rtc.o
                0x08009552                RTC_ExitInitMode
 .text.RTC_Bcd2ToByte
                0x0800959c       0x38 ./Drivers/STM32F4xx_HAL_Driver/Src/stm32f4xx_hal_rtc.o
                0x0800959c                RTC_Bcd2ToByte
 .text.HAL_RTCEx_AlarmBEventCallback
                0x080095d4       0x14 ./Drivers/STM32F4xx_HAL_Driver/Src/stm32f4xx_hal_rtc_ex.o
                0x080095d4                HAL_RTCEx_AlarmBEventCallback
 .text.HAL_TIM_Base_Init
                0x080095e8       0xb8 ./Drivers/STM32F4xx_HAL_Driver/Src/stm32f4xx_hal_tim.o
                0x080095e8                HAL_TIM_Base_Init
 .text.HAL_TIM_Base_Start
                0x080096a0       0xd0 ./Drivers/STM32F4xx_HAL_Driver/Src/stm32f4xx_hal_tim.o
                0x080096a0                HAL_TIM_Base_Start
 .text.HAL_TIM_Base_Start_IT
                0x08009770       0xe0 ./Drivers/STM32F4xx_HAL_Driver/Src/stm32f4xx_hal_tim.o
                0x08009770                HAL_TIM_Base_Start_IT
 .text.HAL_TIM_Encoder_Init
                0x08009850      0x168 ./Drivers/STM32F4xx_HAL_Driver/Src/stm32f4xx_hal_tim.o
                0x08009850                HAL_TIM_Encoder_Init
 .text.HAL_TIM_Encoder_Start
                0x080099b8      0x11c ./Drivers/STM32F4xx_HAL_Driver/Src/stm32f4xx_hal_tim.o
                0x080099b8                HAL_TIM_Encoder_Start
 .text.HAL_TIM_IRQHandler
                0x08009ad4      0x250 ./Drivers/STM32F4xx_HAL_Driver/Src/stm32f4xx_hal_tim.o
                0x08009ad4                HAL_TIM_IRQHandler
 .text.HAL_TIM_ConfigClockSource
                0x08009d24      0x18e ./Drivers/STM32F4xx_HAL_Driver/Src/stm32f4xx_hal_tim.o
                0x08009d24                HAL_TIM_ConfigClockSource
 .text.HAL_TIM_PeriodElapsedHalfCpltCallback
                0x08009eb2       0x14 ./Drivers/STM32F4xx_HAL_Driver/Src/stm32f4xx_hal_tim.o
                0x08009eb2                HAL_TIM_PeriodElapsedHalfCpltCallback
 .text.HAL_TIM_OC_DelayElapsedCallback
                0x08009ec6       0x14 ./Drivers/STM32F4xx_HAL_Driver/Src/stm32f4xx_hal_tim.o
                0x08009ec6                HAL_TIM_OC_DelayElapsedCallback
 .text.HAL_TIM_IC_CaptureCallback
                0x08009eda       0x14 ./Drivers/STM32F4xx_HAL_Driver/Src/stm32f4xx_hal_tim.o
                0x08009eda                HAL_TIM_IC_CaptureCallback
 .text.HAL_TIM_IC_CaptureHalfCpltCallback
                0x08009eee       0x14 ./Drivers/STM32F4xx_HAL_Driver/Src/stm32f4xx_hal_tim.o
                0x08009eee                HAL_TIM_IC_CaptureHalfCpltCallback
 .text.HAL_TIM_PWM_PulseFinishedCallback
                0x08009f02       0x14 ./Drivers/STM32F4xx_HAL_Driver/Src/stm32f4xx_hal_tim.o
                0x08009f02                HAL_TIM_PWM_PulseFinishedCallback
 .text.HAL_TIM_PWM_PulseFinishedHalfCpltCallback
                0x08009f16       0x14 ./Drivers/STM32F4xx_HAL_Driver/Src/stm32f4xx_hal_tim.o
                0x08009f16                HAL_TIM_PWM_PulseFinishedHalfCpltCallback
 .text.HAL_TIM_TriggerCallback
                0x08009f2a       0x14 ./Drivers/STM32F4xx_HAL_Driver/Src/stm32f4xx_hal_tim.o
                0x08009f2a                HAL_TIM_TriggerCallback
 .text.HAL_TIM_TriggerHalfCpltCallback
                0x08009f3e       0x14 ./Drivers/STM32F4xx_HAL_Driver/Src/stm32f4xx_hal_tim.o
                0x08009f3e                HAL_TIM_TriggerHalfCpltCallback
 .text.HAL_TIM_ErrorCallback
                0x08009f52       0x14 ./Drivers/STM32F4xx_HAL_Driver/Src/stm32f4xx_hal_tim.o
                0x08009f52                HAL_TIM_ErrorCallback
 *fill*         0x08009f66        0x2 
 .text.TIM_Base_SetConfig
                0x08009f68      0x140 ./Drivers/STM32F4xx_HAL_Driver/Src/stm32f4xx_hal_tim.o
                0x08009f68                TIM_Base_SetConfig
 .text.TIM_TI1_ConfigInputStage
                0x0800a0a8       0x5e ./Drivers/STM32F4xx_HAL_Driver/Src/stm32f4xx_hal_tim.o
 .text.TIM_TI2_ConfigInputStage
                0x0800a106       0x60 ./Drivers/STM32F4xx_HAL_Driver/Src/stm32f4xx_hal_tim.o
 .text.TIM_ITRx_SetConfig
                0x0800a166       0x36 ./Drivers/STM32F4xx_HAL_Driver/Src/stm32f4xx_hal_tim.o
 .text.TIM_ETR_SetConfig
                0x0800a19c       0x40 ./Drivers/STM32F4xx_HAL_Driver/Src/stm32f4xx_hal_tim.o
                0x0800a19c                TIM_ETR_SetConfig
 .text.TIM_CCxChannelCmd
                0x0800a1dc       0x4a ./Drivers/STM32F4xx_HAL_Driver/Src/stm32f4xx_hal_tim.o
                0x0800a1dc                TIM_CCxChannelCmd
 *fill*         0x0800a226        0x2 
 .text.TIM_ResetCallback
                0x0800a228       0xb0 ./Drivers/STM32F4xx_HAL_Driver/Src/stm32f4xx_hal_tim.o
                0x0800a228                TIM_ResetCallback
 .text.HAL_TIMEx_MasterConfigSynchronization
                0x0800a2d8       0xf8 ./Drivers/STM32F4xx_HAL_Driver/Src/stm32f4xx_hal_tim_ex.o
                0x0800a2d8                HAL_TIMEx_MasterConfigSynchronization
 .text.HAL_TIMEx_CommutCallback
                0x0800a3d0       0x14 ./Drivers/STM32F4xx_HAL_Driver/Src/stm32f4xx_hal_tim_ex.o
                0x0800a3d0                HAL_TIMEx_CommutCallback
 .text.HAL_TIMEx_CommutHalfCpltCallback
                0x0800a3e4       0x14 ./Drivers/STM32F4xx_HAL_Driver/Src/stm32f4xx_hal_tim_ex.o
                0x0800a3e4                HAL_TIMEx_CommutHalfCpltCallback
 .text.HAL_TIMEx_BreakCallback
                0x0800a3f8       0x14 ./Drivers/STM32F4xx_HAL_Driver/Src/stm32f4xx_hal_tim_ex.o
                0x0800a3f8                HAL_TIMEx_BreakCallback
 .text.HAL_UART_Init
                0x0800a40c       0xb4 ./Drivers/STM32F4xx_HAL_Driver/Src/stm32f4xx_hal_uart.o
                0x0800a40c                HAL_UART_Init
 .text.HAL_UART_Transmit_IT
                0x0800a4c0       0x8a ./Drivers/STM32F4xx_HAL_Driver/Src/stm32f4xx_hal_uart.o
                0x0800a4c0                HAL_UART_Transmit_IT
 *fill*         0x0800a54a        0x2 
 .text.HAL_UART_Transmit_DMA
                0x0800a54c       0xfc ./Drivers/STM32F4xx_HAL_Driver/Src/stm32f4xx_hal_uart.o
                0x0800a54c                HAL_UART_Transmit_DMA
 .text.HAL_UART_Receive_DMA
                0x0800a648       0x60 ./Drivers/STM32F4xx_HAL_Driver/Src/stm32f4xx_hal_uart.o
                0x0800a648                HAL_UART_Receive_DMA
 .text.HAL_UART_IRQHandler
                0x0800a6a8      0x524 ./Drivers/STM32F4xx_HAL_Driver/Src/stm32f4xx_hal_uart.o
                0x0800a6a8                HAL_UART_IRQHandler
 .text.HAL_UART_TxCpltCallback
                0x0800abcc       0x14 ./Drivers/STM32F4xx_HAL_Driver/Src/stm32f4xx_hal_uart.o
                0x0800abcc                HAL_UART_TxCpltCallback
 .text.HAL_UART_TxHalfCpltCallback
                0x0800abe0       0x14 ./Drivers/STM32F4xx_HAL_Driver/Src/stm32f4xx_hal_uart.o
                0x0800abe0                HAL_UART_TxHalfCpltCallback
 .text.HAL_UART_RxCpltCallback
                0x0800abf4       0x14 ./Drivers/STM32F4xx_HAL_Driver/Src/stm32f4xx_hal_uart.o
                0x0800abf4                HAL_UART_RxCpltCallback
 .text.HAL_UART_RxHalfCpltCallback
                0x0800ac08       0x14 ./Drivers/STM32F4xx_HAL_Driver/Src/stm32f4xx_hal_uart.o
                0x0800ac08                HAL_UART_RxHalfCpltCallback
 .text.HAL_UART_ErrorCallback
                0x0800ac1c       0x14 ./Drivers/STM32F4xx_HAL_Driver/Src/stm32f4xx_hal_uart.o
                0x0800ac1c                HAL_UART_ErrorCallback
 .text.HAL_UART_AbortCpltCallback
                0x0800ac30       0x14 ./Drivers/STM32F4xx_HAL_Driver/Src/stm32f4xx_hal_uart.o
                0x0800ac30                HAL_UART_AbortCpltCallback
 .text.HAL_UART_AbortTransmitCpltCallback
                0x0800ac44       0x14 ./Drivers/STM32F4xx_HAL_Driver/Src/stm32f4xx_hal_uart.o
                0x0800ac44                HAL_UART_AbortTransmitCpltCallback
 .text.HAL_UART_AbortReceiveCpltCallback
                0x0800ac58       0x14 ./Drivers/STM32F4xx_HAL_Driver/Src/stm32f4xx_hal_uart.o
                0x0800ac58                HAL_UART_AbortReceiveCpltCallback
 .text.HAL_UARTEx_RxEventCallback
                0x0800ac6c       0x18 ./Drivers/STM32F4xx_HAL_Driver/Src/stm32f4xx_hal_uart.o
                0x0800ac6c                HAL_UARTEx_RxEventCallback
 .text.UART_InitCallbacksToDefault
                0x0800ac84       0x70 ./Drivers/STM32F4xx_HAL_Driver/Src/stm32f4xx_hal_uart.o
                0x0800ac84                UART_InitCallbacksToDefault
 .text.UART_DMATransmitCplt
                0x0800acf4       0x9c ./Drivers/STM32F4xx_HAL_Driver/Src/stm32f4xx_hal_uart.o
 .text.UART_DMATxHalfCplt
                0x0800ad90       0x1e ./Drivers/STM32F4xx_HAL_Driver/Src/stm32f4xx_hal_uart.o
 .text.UART_DMAReceiveCplt
                0x0800adae      0x12a ./Drivers/STM32F4xx_HAL_Driver/Src/stm32f4xx_hal_uart.o
 .text.UART_DMARxHalfCplt
                0x0800aed8       0x3a ./Drivers/STM32F4xx_HAL_Driver/Src/stm32f4xx_hal_uart.o
 .text.UART_DMAError
                0x0800af12       0x96 ./Drivers/STM32F4xx_HAL_Driver/Src/stm32f4xx_hal_uart.o
 .text.UART_Start_Receive_DMA
                0x0800afa8      0x13c ./Drivers/STM32F4xx_HAL_Driver/Src/stm32f4xx_hal_uart.o
                0x0800afa8                UART_Start_Receive_DMA
 .text.UART_EndTxTransfer
                0x0800b0e4       0x50 ./Drivers/STM32F4xx_HAL_Driver/Src/stm32f4xx_hal_uart.o
 .text.UART_EndRxTransfer
                0x0800b134       0xc6 ./Drivers/STM32F4xx_HAL_Driver/Src/stm32f4xx_hal_uart.o
 .text.UART_DMAAbortOnError
                0x0800b1fa       0x2a ./Drivers/STM32F4xx_HAL_Driver/Src/stm32f4xx_hal_uart.o
 .text.UART_Transmit_IT
                0x0800b224       0xa0 ./Drivers/STM32F4xx_HAL_Driver/Src/stm32f4xx_hal_uart.o
 .text.UART_EndTransmit_IT
                0x0800b2c4       0x32 ./Drivers/STM32F4xx_HAL_Driver/Src/stm32f4xx_hal_uart.o
 .text.UART_Receive_IT
                0x0800b2f6      0x17a ./Drivers/STM32F4xx_HAL_Driver/Src/stm32f4xx_hal_uart.o
 .text.UART_SetConfig
                0x0800b470      0x4e8 ./Drivers/STM32F4xx_HAL_Driver/Src/stm32f4xx_hal_uart.o
 .text.USB_CoreInit
                0x0800b958       0xc2 ./Drivers/STM32F4xx_HAL_Driver/Src/stm32f4xx_ll_usb.o
                0x0800b958                USB_CoreInit
 *fill*         0x0800ba1a        0x2 
 .text.USB_SetTurnaroundTime
                0x0800ba1c      0x144 ./Drivers/STM32F4xx_HAL_Driver/Src/stm32f4xx_ll_usb.o
                0x0800ba1c                USB_SetTurnaroundTime
 .text.USB_EnableGlobalInt
                0x0800bb60       0x22 ./Drivers/STM32F4xx_HAL_Driver/Src/stm32f4xx_ll_usb.o
                0x0800bb60                USB_EnableGlobalInt
 .text.USB_DisableGlobalInt
                0x0800bb82       0x22 ./Drivers/STM32F4xx_HAL_Driver/Src/stm32f4xx_ll_usb.o
                0x0800bb82                USB_DisableGlobalInt
 .text.USB_SetCurrentMode
                0x0800bba4       0x98 ./Drivers/STM32F4xx_HAL_Driver/Src/stm32f4xx_ll_usb.o
                0x0800bba4                USB_SetCurrentMode
 .text.USB_DevInit
                0x0800bc3c      0x2c8 ./Drivers/STM32F4xx_HAL_Driver/Src/stm32f4xx_ll_usb.o
                0x0800bc3c                USB_DevInit
 .text.USB_FlushTxFifo
                0x0800bf04       0x68 ./Drivers/STM32F4xx_HAL_Driver/Src/stm32f4xx_ll_usb.o
                0x0800bf04                USB_FlushTxFifo
 .text.USB_FlushRxFifo
                0x0800bf6c       0x60 ./Drivers/STM32F4xx_HAL_Driver/Src/stm32f4xx_ll_usb.o
                0x0800bf6c                USB_FlushRxFifo
 .text.USB_SetDevSpeed
                0x0800bfcc       0x32 ./Drivers/STM32F4xx_HAL_Driver/Src/stm32f4xx_ll_usb.o
                0x0800bfcc                USB_SetDevSpeed
 .text.USB_GetDevSpeed
                0x0800bffe       0x4a ./Drivers/STM32F4xx_HAL_Driver/Src/stm32f4xx_ll_usb.o
                0x0800bffe                USB_GetDevSpeed
 .text.USB_ActivateEndpoint
                0x0800c048      0x10e ./Drivers/STM32F4xx_HAL_Driver/Src/stm32f4xx_ll_usb.o
                0x0800c048                USB_ActivateEndpoint
 *fill*         0x0800c156        0x2 
 .text.USB_DeactivateEndpoint
                0x0800c158      0x1b8 ./Drivers/STM32F4xx_HAL_Driver/Src/stm32f4xx_ll_usb.o
                0x0800c158                USB_DeactivateEndpoint
 .text.USB_EPStartXfer
                0x0800c310      0x490 ./Drivers/STM32F4xx_HAL_Driver/Src/stm32f4xx_ll_usb.o
                0x0800c310                USB_EPStartXfer
 .text.USB_EP0StartXfer
                0x0800c7a0      0x2b0 ./Drivers/STM32F4xx_HAL_Driver/Src/stm32f4xx_ll_usb.o
                0x0800c7a0                USB_EP0StartXfer
 .text.USB_EPStopXfer
                0x0800ca50      0x154 ./Drivers/STM32F4xx_HAL_Driver/Src/stm32f4xx_ll_usb.o
                0x0800ca50                USB_EPStopXfer
 .text.USB_WritePacket
                0x0800cba4       0x7c ./Drivers/STM32F4xx_HAL_Driver/Src/stm32f4xx_ll_usb.o
                0x0800cba4                USB_WritePacket
 .text.USB_ReadPacket
                0x0800cc20       0xb0 ./Drivers/STM32F4xx_HAL_Driver/Src/stm32f4xx_ll_usb.o
                0x0800cc20                USB_ReadPacket
 .text.USB_EPSetStall
                0x0800ccd0       0xdc ./Drivers/STM32F4xx_HAL_Driver/Src/stm32f4xx_ll_usb.o
                0x0800ccd0                USB_EPSetStall
 .text.USB_EPClearStall
                0x0800cdac       0xcc ./Drivers/STM32F4xx_HAL_Driver/Src/stm32f4xx_ll_usb.o
                0x0800cdac                USB_EPClearStall
 .text.USB_SetDevAddress
                0x0800ce78       0x4c ./Drivers/STM32F4xx_HAL_Driver/Src/stm32f4xx_ll_usb.o
                0x0800ce78                USB_SetDevAddress
 .text.USB_DevConnect
                0x0800cec4       0x42 ./Drivers/STM32F4xx_HAL_Driver/Src/stm32f4xx_ll_usb.o
                0x0800cec4                USB_DevConnect
 .text.USB_DevDisconnect
                0x0800cf06       0x42 ./Drivers/STM32F4xx_HAL_Driver/Src/stm32f4xx_ll_usb.o
                0x0800cf06                USB_DevDisconnect
 .text.USB_ReadInterrupts
                0x0800cf48       0x26 ./Drivers/STM32F4xx_HAL_Driver/Src/stm32f4xx_ll_usb.o
                0x0800cf48                USB_ReadInterrupts
 .text.USB_ReadDevAllOutEpInterrupt
                0x0800cf6e       0x34 ./Drivers/STM32F4xx_HAL_Driver/Src/stm32f4xx_ll_usb.o
                0x0800cf6e                USB_ReadDevAllOutEpInterrupt
 .text.USB_ReadDevAllInEpInterrupt
                0x0800cfa2       0x34 ./Drivers/STM32F4xx_HAL_Driver/Src/stm32f4xx_ll_usb.o
                0x0800cfa2                USB_ReadDevAllInEpInterrupt
 .text.USB_ReadDevOutEPInterrupt
                0x0800cfd6       0x3c ./Drivers/STM32F4xx_HAL_Driver/Src/stm32f4xx_ll_usb.o
                0x0800cfd6                USB_ReadDevOutEPInterrupt
 .text.USB_ReadDevInEPInterrupt
                0x0800d012       0x5c ./Drivers/STM32F4xx_HAL_Driver/Src/stm32f4xx_ll_usb.o
                0x0800d012                USB_ReadDevInEPInterrupt
 .text.USB_GetMode
                0x0800d06e       0x1c ./Drivers/STM32F4xx_HAL_Driver/Src/stm32f4xx_ll_usb.o
                0x0800d06e                USB_GetMode
 .text.USB_ActivateSetup
                0x0800d08a       0x46 ./Drivers/STM32F4xx_HAL_Driver/Src/stm32f4xx_ll_usb.o
                0x0800d08a                USB_ActivateSetup
 .text.USB_EP0_OutStart
                0x0800d0d0       0xbc ./Drivers/STM32F4xx_HAL_Driver/Src/stm32f4xx_ll_usb.o
                0x0800d0d0                USB_EP0_OutStart
 .text.USB_CoreReset
                0x0800d18c       0x68 ./Drivers/STM32F4xx_HAL_Driver/Src/stm32f4xx_ll_usb.o
 .text.USBD_CDC_Init
                0x0800d1f4      0x1f0 ./Middlewares/ST/STM32_USB_Device_Library/Class/CDC/Src/usbd_cdc.o
 .text.USBD_CDC_DeInit
                0x0800d3e4      0x104 ./Middlewares/ST/STM32_USB_Device_Library/Class/CDC/Src/usbd_cdc.o
 .text.USBD_CDC_Setup
                0x0800d4e8      0x1b8 ./Middlewares/ST/STM32_USB_Device_Library/Class/CDC/Src/usbd_cdc.o
 .text.USBD_CDC_DataIn
                0x0800d6a0       0xfe ./Middlewares/ST/STM32_USB_Device_Library/Class/CDC/Src/usbd_cdc.o
 .text.USBD_CDC_DataOut
                0x0800d79e       0x70 ./Middlewares/ST/STM32_USB_Device_Library/Class/CDC/Src/usbd_cdc.o
 .text.USBD_CDC_EP0_RxReady
                0x0800d80e       0x74 ./Middlewares/ST/STM32_USB_Device_Library/Class/CDC/Src/usbd_cdc.o
 *fill*         0x0800d882        0x2 
 .text.USBD_CDC_GetFSCfgDesc
                0x0800d884       0x70 ./Middlewares/ST/STM32_USB_Device_Library/Class/CDC/Src/usbd_cdc.o
 .text.USBD_CDC_GetHSCfgDesc
                0x0800d8f4       0x70 ./Middlewares/ST/STM32_USB_Device_Library/Class/CDC/Src/usbd_cdc.o
 .text.USBD_CDC_GetOtherSpeedCfgDesc
                0x0800d964       0x70 ./Middlewares/ST/STM32_USB_Device_Library/Class/CDC/Src/usbd_cdc.o
 .text.USBD_CDC_GetDeviceQualifierDescriptor
                0x0800d9d4       0x20 ./Middlewares/ST/STM32_USB_Device_Library/Class/CDC/Src/usbd_cdc.o
                0x0800d9d4                USBD_CDC_GetDeviceQualifierDescriptor
 .text.USBD_CDC_RegisterInterface
                0x0800d9f4       0x34 ./Middlewares/ST/STM32_USB_Device_Library/Class/CDC/Src/usbd_cdc.o
                0x0800d9f4                USBD_CDC_RegisterInterface
 .text.USBD_CDC_SetTxBuffer
                0x0800da28       0x44 ./Middlewares/ST/STM32_USB_Device_Library/Class/CDC/Src/usbd_cdc.o
                0x0800da28                USBD_CDC_SetTxBuffer
 .text.USBD_CDC_SetRxBuffer
                0x0800da6c       0x3a ./Middlewares/ST/STM32_USB_Device_Library/Class/CDC/Src/usbd_cdc.o
                0x0800da6c                USBD_CDC_SetRxBuffer
 *fill*         0x0800daa6        0x2 
 .text.USBD_CDC_ReceivePacket
                0x0800daa8       0x6c ./Middlewares/ST/STM32_USB_Device_Library/Class/CDC/Src/usbd_cdc.o
                0x0800daa8                USBD_CDC_ReceivePacket
 .text.USBD_Init
                0x0800db14       0x60 ./Middlewares/ST/STM32_USB_Device_Library/Core/Src/usbd_core.o
                0x0800db14                USBD_Init
 .text.USBD_RegisterClass
                0x0800db74       0x6c ./Middlewares/ST/STM32_USB_Device_Library/Core/Src/usbd_core.o
                0x0800db74                USBD_RegisterClass
 .text.USBD_Start
                0x0800dbe0       0x18 ./Middlewares/ST/STM32_USB_Device_Library/Core/Src/usbd_core.o
                0x0800dbe0                USBD_Start
 .text.USBD_RunTestMode
                0x0800dbf8       0x16 ./Middlewares/ST/STM32_USB_Device_Library/Core/Src/usbd_core.o
                0x0800dbf8                USBD_RunTestMode
 .text.USBD_SetClassConfig
                0x0800dc0e       0x38 ./Middlewares/ST/STM32_USB_Device_Library/Core/Src/usbd_core.o
                0x0800dc0e                USBD_SetClassConfig
 .text.USBD_ClrClassConfig
                0x0800dc46       0x34 ./Middlewares/ST/STM32_USB_Device_Library/Core/Src/usbd_core.o
                0x0800dc46                USBD_ClrClassConfig
 .text.USBD_LL_SetupStage
                0x0800dc7a       0xaa ./Middlewares/ST/STM32_USB_Device_Library/Core/Src/usbd_core.o
                0x0800dc7a                USBD_LL_SetupStage
 .text.USBD_LL_DataOutStage
                0x0800dd24      0x166 ./Middlewares/ST/STM32_USB_Device_Library/Core/Src/usbd_core.o
                0x0800dd24                USBD_LL_DataOutStage
 .text.USBD_LL_DataInStage
                0x0800de8a      0x164 ./Middlewares/ST/STM32_USB_Device_Library/Core/Src/usbd_core.o
                0x0800de8a                USBD_LL_DataInStage
 .text.USBD_LL_Reset
                0x0800dfee       0xa4 ./Middlewares/ST/STM32_USB_Device_Library/Core/Src/usbd_core.o
                0x0800dfee                USBD_LL_Reset
 .text.USBD_LL_SetSpeed
                0x0800e092       0x20 ./Middlewares/ST/STM32_USB_Device_Library/Core/Src/usbd_core.o
                0x0800e092                USBD_LL_SetSpeed
 .text.USBD_LL_Suspend
                0x0800e0b2       0x2c ./Middlewares/ST/STM32_USB_Device_Library/Core/Src/usbd_core.o
                0x0800e0b2                USBD_LL_Suspend
 .text.USBD_LL_Resume
                0x0800e0de       0x30 ./Middlewares/ST/STM32_USB_Device_Library/Core/Src/usbd_core.o
                0x0800e0de                USBD_LL_Resume
 .text.USBD_LL_SOF
                0x0800e10e       0x40 ./Middlewares/ST/STM32_USB_Device_Library/Core/Src/usbd_core.o
                0x0800e10e                USBD_LL_SOF
 .text.USBD_LL_IsoINIncomplete
                0x0800e14e       0x64 ./Middlewares/ST/STM32_USB_Device_Library/Core/Src/usbd_core.o
                0x0800e14e                USBD_LL_IsoINIncomplete
 .text.USBD_LL_IsoOUTIncomplete
                0x0800e1b2       0x64 ./Middlewares/ST/STM32_USB_Device_Library/Core/Src/usbd_core.o
                0x0800e1b2                USBD_LL_IsoOUTIncomplete
 .text.USBD_LL_DevConnected
                0x0800e216       0x16 ./Middlewares/ST/STM32_USB_Device_Library/Core/Src/usbd_core.o
                0x0800e216                USBD_LL_DevConnected
 .text.USBD_LL_DevDisconnected
                0x0800e22c       0x46 ./Middlewares/ST/STM32_USB_Device_Library/Core/Src/usbd_core.o
                0x0800e22c                USBD_LL_DevDisconnected
 .text.USBD_CoreFindIF
                0x0800e272       0x1a ./Middlewares/ST/STM32_USB_Device_Library/Core/Src/usbd_core.o
                0x0800e272                USBD_CoreFindIF
 .text.USBD_CoreFindEP
                0x0800e28c       0x1a ./Middlewares/ST/STM32_USB_Device_Library/Core/Src/usbd_core.o
                0x0800e28c                USBD_CoreFindEP
 .text.USBD_GetEpDesc
                0x0800e2a6       0x70 ./Middlewares/ST/STM32_USB_Device_Library/Core/Src/usbd_core.o
                0x0800e2a6                USBD_GetEpDesc
 .text.USBD_GetNextDesc
                0x0800e316       0x38 ./Middlewares/ST/STM32_USB_Device_Library/Core/Src/usbd_core.o
                0x0800e316                USBD_GetNextDesc
 .text.SWAPBYTE
                0x0800e34e       0x3c ./Middlewares/ST/STM32_USB_Device_Library/Core/Src/usbd_ctlreq.o
 *fill*         0x0800e38a        0x2 
 .text.USBD_StdDevReq
                0x0800e38c       0xe4 ./Middlewares/ST/STM32_USB_Device_Library/Core/Src/usbd_ctlreq.o
                0x0800e38c                USBD_StdDevReq
 .text.USBD_StdItfReq
                0x0800e470       0xd8 ./Middlewares/ST/STM32_USB_Device_Library/Core/Src/usbd_ctlreq.o
                0x0800e470                USBD_StdItfReq
 .text.USBD_StdEPReq
                0x0800e548      0x33a ./Middlewares/ST/STM32_USB_Device_Library/Core/Src/usbd_ctlreq.o
                0x0800e548                USBD_StdEPReq
 *fill*         0x0800e882        0x2 
 .text.USBD_GetDescriptor
                0x0800e884      0x2d4 ./Middlewares/ST/STM32_USB_Device_Library/Core/Src/usbd_ctlreq.o
 .text.USBD_SetAddress
                0x0800eb58       0x88 ./Middlewares/ST/STM32_USB_Device_Library/Core/Src/usbd_ctlreq.o
 .text.USBD_SetConfig
                0x0800ebe0      0x154 ./Middlewares/ST/STM32_USB_Device_Library/Core/Src/usbd_ctlreq.o
 .text.USBD_GetConfig
                0x0800ed34       0x6c ./Middlewares/ST/STM32_USB_Device_Library/Core/Src/usbd_ctlreq.o
 .text.USBD_GetStatus
                0x0800eda0       0x68 ./Middlewares/ST/STM32_USB_Device_Library/Core/Src/usbd_ctlreq.o
 .text.USBD_SetFeature
                0x0800ee08       0x52 ./Middlewares/ST/STM32_USB_Device_Library/Core/Src/usbd_ctlreq.o
 .text.USBD_ClrFeature
                0x0800ee5a       0x44 ./Middlewares/ST/STM32_USB_Device_Library/Core/Src/usbd_ctlreq.o
 .text.USBD_ParseSetupRequest
                0x0800ee9e       0x74 ./Middlewares/ST/STM32_USB_Device_Library/Core/Src/usbd_ctlreq.o
                0x0800ee9e                USBD_ParseSetupRequest
 .text.USBD_CtlError
                0x0800ef12       0x22 ./Middlewares/ST/STM32_USB_Device_Library/Core/Src/usbd_ctlreq.o
                0x0800ef12                USBD_CtlError
 .text.USBD_GetString
                0x0800ef34       0x8c ./Middlewares/ST/STM32_USB_Device_Library/Core/Src/usbd_ctlreq.o
                0x0800ef34                USBD_GetString
 .text.USBD_GetLen
                0x0800efc0       0x34 ./Middlewares/ST/STM32_USB_Device_Library/Core/Src/usbd_ctlreq.o
 .text.USBD_CtlSendData
                0x0800eff4       0x36 ./Middlewares/ST/STM32_USB_Device_Library/Core/Src/usbd_ioreq.o
                0x0800eff4                USBD_CtlSendData
 .text.USBD_CtlContinueSendData
                0x0800f02a       0x22 ./Middlewares/ST/STM32_USB_Device_Library/Core/Src/usbd_ioreq.o
                0x0800f02a                USBD_CtlContinueSendData
 .text.USBD_CtlPrepareRx
                0x0800f04c       0x3a ./Middlewares/ST/STM32_USB_Device_Library/Core/Src/usbd_ioreq.o
                0x0800f04c                USBD_CtlPrepareRx
 .text.USBD_CtlContinueRx
                0x0800f086       0x22 ./Middlewares/ST/STM32_USB_Device_Library/Core/Src/usbd_ioreq.o
                0x0800f086                USBD_CtlContinueRx
 .text.USBD_CtlSendStatus
                0x0800f0a8       0x26 ./Middlewares/ST/STM32_USB_Device_Library/Core/Src/usbd_ioreq.o
                0x0800f0a8                USBD_CtlSendStatus
 .text.USBD_CtlReceiveStatus
                0x0800f0ce       0x26 ./Middlewares/ST/STM32_USB_Device_Library/Core/Src/usbd_ioreq.o
                0x0800f0ce                USBD_CtlReceiveStatus
 .text.MX_USB_DEVICE_Init
                0x0800f0f4       0x60 ./USB_DEVICE/App/usb_device.o
                0x0800f0f4                MX_USB_DEVICE_Init
 .text.CDC_Init_FS
                0x0800f154       0x28 ./USB_DEVICE/App/usbd_cdc_if.o
 .text.CDC_DeInit_FS
                0x0800f17c       0x10 ./USB_DEVICE/App/usbd_cdc_if.o
 .text.CDC_Control_FS
                0x0800f18c       0xbc ./USB_DEVICE/App/usbd_cdc_if.o
 .text.CDC_Receive_FS
                0x0800f248       0x28 ./USB_DEVICE/App/usbd_cdc_if.o
 .text.CDC_TransmitCplt_FS
                0x0800f270       0x22 ./USB_DEVICE/App/usbd_cdc_if.o
 *fill*         0x0800f292        0x2 
 .text.USBD_FS_DeviceDescriptor
                0x0800f294       0x24 ./USB_DEVICE/App/usbd_desc.o
                0x0800f294                USBD_FS_DeviceDescriptor
 .text.USBD_FS_LangIDStrDescriptor
                0x0800f2b8       0x24 ./USB_DEVICE/App/usbd_desc.o
                0x0800f2b8                USBD_FS_LangIDStrDescriptor
 .text.USBD_FS_ProductStrDescriptor
                0x0800f2dc       0x3c ./USB_DEVICE/App/usbd_desc.o
                0x0800f2dc                USBD_FS_ProductStrDescriptor
 .text.USBD_FS_ManufacturerStrDescriptor
                0x0800f318       0x28 ./USB_DEVICE/App/usbd_desc.o
                0x0800f318                USBD_FS_ManufacturerStrDescriptor
 .text.USBD_FS_SerialStrDescriptor
                0x0800f340       0x24 ./USB_DEVICE/App/usbd_desc.o
                0x0800f340                USBD_FS_SerialStrDescriptor
 .text.USBD_FS_ConfigStrDescriptor
                0x0800f364       0x3c ./USB_DEVICE/App/usbd_desc.o
                0x0800f364                USBD_FS_ConfigStrDescriptor
 .text.USBD_FS_InterfaceStrDescriptor
                0x0800f3a0       0x3c ./USB_DEVICE/App/usbd_desc.o
                0x0800f3a0                USBD_FS_InterfaceStrDescriptor
 .text.Get_SerialNum
                0x0800f3dc       0x4c ./USB_DEVICE/App/usbd_desc.o
 .text.IntToUnicode
                0x0800f428       0x7e ./USB_DEVICE/App/usbd_desc.o
 *fill*         0x0800f4a6        0x2 
 .text.HAL_PCD_MspInit
                0x0800f4a8       0xa8 ./USB_DEVICE/Target/usbd_conf.o
                0x0800f4a8                HAL_PCD_MspInit
 .text.HAL_PCD_SetupStageCallback
                0x0800f550       0x24 ./USB_DEVICE/Target/usbd_conf.o
                0x0800f550                HAL_PCD_SetupStageCallback
 .text.HAL_PCD_DataOutStageCallback
                0x0800f574       0x36 ./USB_DEVICE/Target/usbd_conf.o
                0x0800f574                HAL_PCD_DataOutStageCallback
 .text.HAL_PCD_DataInStageCallback
                0x0800f5aa       0x34 ./USB_DEVICE/Target/usbd_conf.o
                0x0800f5aa                HAL_PCD_DataInStageCallback
 .text.HAL_PCD_SOFCallback
                0x0800f5de       0x1c ./USB_DEVICE/Target/usbd_conf.o
                0x0800f5de                HAL_PCD_SOFCallback
 .text.HAL_PCD_ResetCallback
                0x0800f5fa       0x50 ./USB_DEVICE/Target/usbd_conf.o
                0x0800f5fa                HAL_PCD_ResetCallback
 *fill*         0x0800f64a        0x2 
 .text.HAL_PCD_SuspendCallback
                0x0800f64c       0x4c ./USB_DEVICE/Target/usbd_conf.o
                0x0800f64c                HAL_PCD_SuspendCallback
 .text.HAL_PCD_ResumeCallback
                0x0800f698       0x1c ./USB_DEVICE/Target/usbd_conf.o
                0x0800f698                HAL_PCD_ResumeCallback
 .text.HAL_PCD_ISOOUTIncompleteCallback
                0x0800f6b4       0x24 ./USB_DEVICE/Target/usbd_conf.o
                0x0800f6b4                HAL_PCD_ISOOUTIncompleteCallback
 .text.HAL_PCD_ISOINIncompleteCallback
                0x0800f6d8       0x24 ./USB_DEVICE/Target/usbd_conf.o
                0x0800f6d8                HAL_PCD_ISOINIncompleteCallback
 .text.HAL_PCD_ConnectCallback
                0x0800f6fc       0x1c ./USB_DEVICE/Target/usbd_conf.o
                0x0800f6fc                HAL_PCD_ConnectCallback
 .text.HAL_PCD_DisconnectCallback
                0x0800f718       0x1c ./USB_DEVICE/Target/usbd_conf.o
                0x0800f718                HAL_PCD_DisconnectCallback
 .text.USBD_LL_Init
                0x0800f734       0x98 ./USB_DEVICE/Target/usbd_conf.o
                0x0800f734                USBD_LL_Init
 .text.USBD_LL_Start
                0x0800f7cc       0x36 ./USB_DEVICE/Target/usbd_conf.o
                0x0800f7cc                USBD_LL_Start
 .text.USBD_LL_OpenEP
                0x0800f802       0x4c ./USB_DEVICE/Target/usbd_conf.o
                0x0800f802                USBD_LL_OpenEP
 .text.USBD_LL_CloseEP
                0x0800f84e       0x3e ./USB_DEVICE/Target/usbd_conf.o
                0x0800f84e                USBD_LL_CloseEP
 .text.USBD_LL_StallEP
                0x0800f88c       0x3e ./USB_DEVICE/Target/usbd_conf.o
                0x0800f88c                USBD_LL_StallEP
 .text.USBD_LL_ClearStallEP
                0x0800f8ca       0x3e ./USB_DEVICE/Target/usbd_conf.o
                0x0800f8ca                USBD_LL_ClearStallEP
 .text.USBD_LL_IsStallEP
                0x0800f908       0x58 ./USB_DEVICE/Target/usbd_conf.o
                0x0800f908                USBD_LL_IsStallEP
 .text.USBD_LL_SetUSBAddress
                0x0800f960       0x3e ./USB_DEVICE/Target/usbd_conf.o
                0x0800f960                USBD_LL_SetUSBAddress
 .text.USBD_LL_Transmit
                0x0800f99e       0x42 ./USB_DEVICE/Target/usbd_conf.o
                0x0800f99e                USBD_LL_Transmit
 .text.USBD_LL_PrepareReceive
                0x0800f9e0       0x42 ./USB_DEVICE/Target/usbd_conf.o
                0x0800f9e0                USBD_LL_PrepareReceive
 .text.USBD_LL_GetRxDataSize
                0x0800fa22       0x26 ./USB_DEVICE/Target/usbd_conf.o
                0x0800fa22                USBD_LL_GetRxDataSize
 .text.USBD_static_malloc
                0x0800fa48       0x1c ./USB_DEVICE/Target/usbd_conf.o
                0x0800fa48                USBD_static_malloc
 .text.USBD_static_free
                0x0800fa64       0x14 ./USB_DEVICE/Target/usbd_conf.o
                0x0800fa64                USBD_static_free
 .text.USBD_Get_USB_Status
                0x0800fa78       0x58 ./USB_DEVICE/Target/usbd_conf.o
                0x0800fa78                USBD_Get_USB_Status
 .text.Encoder_Init
                0x0800fad0       0x4c ./User_functions/Encoder.o
                0x0800fad0                Encoder_Init
 .text.Encoder_Read
                0x0800fb1c       0x24 ./User_functions/Encoder.o
                0x0800fb1c                Encoder_Read
 .text.Encoder_Get_Status
                0x0800fb40       0x50 ./User_functions/Encoder.o
                0x0800fb40                Encoder_Get_Status
 .text.Encoder_Config
                0x0800fb90       0xa4 ./User_functions/Encoder.o
                0x0800fb90                Encoder_Config
 .text.RTC_update_and_Terminal
                0x0800fc34       0x90 ./User_functions/format_out.o
                0x0800fc34                RTC_update_and_Terminal
 .text.GPIO_Blink_Test
                0x0800fcc4       0x54 ./User_functions/format_out.o
                0x0800fcc4                GPIO_Blink_Test
 .text.Get_Time_output
                0x0800fd18       0xa4 ./User_functions/format_out.o
                0x0800fd18                Get_Time_output
 .text.DelayMicro
                0x0800fdbc       0x40 ./User_functions/lcd.o
 .text.LCD_WriteByteI2CLCD
                0x0800fdfc       0x34 ./User_functions/lcd.o
                0x0800fdfc                LCD_WriteByteI2CLCD
 .text.sendhalfbyte
                0x0800fe30       0x68 ./User_functions/lcd.o
                0x0800fe30                sendhalfbyte
 .text.sendbyte
                0x0800fe98       0x70 ./User_functions/lcd.o
                0x0800fe98                sendbyte
 .text.LCD_String
                0x0800ff08       0x3a ./User_functions/lcd.o
                0x0800ff08                LCD_String
 *fill*         0x0800ff42        0x2 
 .text.LCD_SetPos
                0x0800ff44       0xac ./User_functions/lcd.o
                0x0800ff44                LCD_SetPos
 .text.LCD_ini  0x0800fff0       0xac ./User_functions/lcd.o
                0x0800fff0                LCD_ini
 .text.Datum_to_1602LCD
                0x0801009c       0x58 ./User_functions/lcd.o
                0x0801009c                Datum_to_1602LCD
 .text.__cvt    0x080100f4       0xca C:/ST/STM32CubeIDE_1.16.1/STM32CubeIDE/plugins/com.st.stm32cube.ide.mcu.externaltools.gnu-tools-for-stm32.12.3.rel1.win32_1.0.200.202406191623/tools/bin/../lib/gcc/arm-none-eabi/12.3.1/../../../../arm-none-eabi/lib/thumb/v7e-m+fp/hard\libc_nano.a(libc_a-nano-vfprintf_float.o)
                0x080100f4                __cvt
 .text.__exponent
                0x080101be       0x74 C:/ST/STM32CubeIDE_1.16.1/STM32CubeIDE/plugins/com.st.stm32cube.ide.mcu.externaltools.gnu-tools-for-stm32.12.3.rel1.win32_1.0.200.202406191623/tools/bin/../lib/gcc/arm-none-eabi/12.3.1/../../../../arm-none-eabi/lib/thumb/v7e-m+fp/hard\libc_nano.a(libc_a-nano-vfprintf_float.o)
                0x080101be                __exponent
 *fill*         0x08010232        0x2 
 .text._printf_float
                0x08010234      0x454 C:/ST/STM32CubeIDE_1.16.1/STM32CubeIDE/plugins/com.st.stm32cube.ide.mcu.externaltools.gnu-tools-for-stm32.12.3.rel1.win32_1.0.200.202406191623/tools/bin/../lib/gcc/arm-none-eabi/12.3.1/../../../../arm-none-eabi/lib/thumb/v7e-m+fp/hard\libc_nano.a(libc_a-nano-vfprintf_float.o)
                0x08010234                _printf_float
 .text._printf_common
                0x08010688       0xda C:/ST/STM32CubeIDE_1.16.1/STM32CubeIDE/plugins/com.st.stm32cube.ide.mcu.externaltools.gnu-tools-for-stm32.12.3.rel1.win32_1.0.200.202406191623/tools/bin/../lib/gcc/arm-none-eabi/12.3.1/../../../../arm-none-eabi/lib/thumb/v7e-m+fp/hard\libc_nano.a(libc_a-nano-vfprintf_i.o)
                0x08010688                _printf_common
 *fill*         0x08010762        0x2 
 .text._printf_i
                0x08010764      0x240 C:/ST/STM32CubeIDE_1.16.1/STM32CubeIDE/plugins/com.st.stm32cube.ide.mcu.externaltools.gnu-tools-for-stm32.12.3.rel1.win32_1.0.200.202406191623/tools/bin/../lib/gcc/arm-none-eabi/12.3.1/../../../../arm-none-eabi/lib/thumb/v7e-m+fp/hard\libc_nano.a(libc_a-nano-vfprintf_i.o)
                0x08010764                _printf_i
 .text.std      0x080109a4       0x6c C:/ST/STM32CubeIDE_1.16.1/STM32CubeIDE/plugins/com.st.stm32cube.ide.mcu.externaltools.gnu-tools-for-stm32.12.3.rel1.win32_1.0.200.202406191623/tools/bin/../lib/gcc/arm-none-eabi/12.3.1/../../../../arm-none-eabi/lib/thumb/v7e-m+fp/hard\libc_nano.a(libc_a-findfp.o)
 .text.stdio_exit_handler
                0x08010a10       0x18 C:/ST/STM32CubeIDE_1.16.1/STM32CubeIDE/plugins/com.st.stm32cube.ide.mcu.externaltools.gnu-tools-for-stm32.12.3.rel1.win32_1.0.200.202406191623/tools/bin/../lib/gcc/arm-none-eabi/12.3.1/../../../../arm-none-eabi/lib/thumb/v7e-m+fp/hard\libc_nano.a(libc_a-findfp.o)
 .text.cleanup_stdio
                0x08010a28       0x40 C:/ST/STM32CubeIDE_1.16.1/STM32CubeIDE/plugins/com.st.stm32cube.ide.mcu.externaltools.gnu-tools-for-stm32.12.3.rel1.win32_1.0.200.202406191623/tools/bin/../lib/gcc/arm-none-eabi/12.3.1/../../../../arm-none-eabi/lib/thumb/v7e-m+fp/hard\libc_nano.a(libc_a-findfp.o)
 .text.global_stdio_init.part.0
                0x08010a68       0x3c C:/ST/STM32CubeIDE_1.16.1/STM32CubeIDE/plugins/com.st.stm32cube.ide.mcu.externaltools.gnu-tools-for-stm32.12.3.rel1.win32_1.0.200.202406191623/tools/bin/../lib/gcc/arm-none-eabi/12.3.1/../../../../arm-none-eabi/lib/thumb/v7e-m+fp/hard\libc_nano.a(libc_a-findfp.o)
 .text.__sfp_lock_acquire
                0x08010aa4        0xc C:/ST/STM32CubeIDE_1.16.1/STM32CubeIDE/plugins/com.st.stm32cube.ide.mcu.externaltools.gnu-tools-for-stm32.12.3.rel1.win32_1.0.200.202406191623/tools/bin/../lib/gcc/arm-none-eabi/12.3.1/../../../../arm-none-eabi/lib/thumb/v7e-m+fp/hard\libc_nano.a(libc_a-findfp.o)
                0x08010aa4                __sfp_lock_acquire
 .text.__sfp_lock_release
                0x08010ab0        0xc C:/ST/STM32CubeIDE_1.16.1/STM32CubeIDE/plugins/com.st.stm32cube.ide.mcu.externaltools.gnu-tools-for-stm32.12.3.rel1.win32_1.0.200.202406191623/tools/bin/../lib/gcc/arm-none-eabi/12.3.1/../../../../arm-none-eabi/lib/thumb/v7e-m+fp/hard\libc_nano.a(libc_a-findfp.o)
                0x08010ab0                __sfp_lock_release
 .text.__sinit  0x08010abc       0x30 C:/ST/STM32CubeIDE_1.16.1/STM32CubeIDE/plugins/com.st.stm32cube.ide.mcu.externaltools.gnu-tools-for-stm32.12.3.rel1.win32_1.0.200.202406191623/tools/bin/../lib/gcc/arm-none-eabi/12.3.1/../../../../arm-none-eabi/lib/thumb/v7e-m+fp/hard\libc_nano.a(libc_a-findfp.o)
                0x08010abc                __sinit
 .text._fwalk_sglue
                0x08010aec       0x3c C:/ST/STM32CubeIDE_1.16.1/STM32CubeIDE/plugins/com.st.stm32cube.ide.mcu.externaltools.gnu-tools-for-stm32.12.3.rel1.win32_1.0.200.202406191623/tools/bin/../lib/gcc/arm-none-eabi/12.3.1/../../../../arm-none-eabi/lib/thumb/v7e-m+fp/hard\libc_nano.a(libc_a-fwalk.o)
                0x08010aec                _fwalk_sglue
 .text.snprintf
                0x08010b28       0x68 C:/ST/STM32CubeIDE_1.16.1/STM32CubeIDE/plugins/com.st.stm32cube.ide.mcu.externaltools.gnu-tools-for-stm32.12.3.rel1.win32_1.0.200.202406191623/tools/bin/../lib/gcc/arm-none-eabi/12.3.1/../../../../arm-none-eabi/lib/thumb/v7e-m+fp/hard\libc_nano.a(libc_a-snprintf.o)
                0x08010b28                sniprintf
                0x08010b28                snprintf
 .text.sprintf  0x08010b90       0x40 C:/ST/STM32CubeIDE_1.16.1/STM32CubeIDE/plugins/com.st.stm32cube.ide.mcu.externaltools.gnu-tools-for-stm32.12.3.rel1.win32_1.0.200.202406191623/tools/bin/../lib/gcc/arm-none-eabi/12.3.1/../../../../arm-none-eabi/lib/thumb/v7e-m+fp/hard\libc_nano.a(libc_a-sprintf.o)
                0x08010b90                siprintf
                0x08010b90                sprintf
 .text.__sread  0x08010bd0       0x22 C:/ST/STM32CubeIDE_1.16.1/STM32CubeIDE/plugins/com.st.stm32cube.ide.mcu.externaltools.gnu-tools-for-stm32.12.3.rel1.win32_1.0.200.202406191623/tools/bin/../lib/gcc/arm-none-eabi/12.3.1/../../../../arm-none-eabi/lib/thumb/v7e-m+fp/hard\libc_nano.a(libc_a-stdio.o)
                0x08010bd0                __sread
 .text.__swrite
                0x08010bf2       0x38 C:/ST/STM32CubeIDE_1.16.1/STM32CubeIDE/plugins/com.st.stm32cube.ide.mcu.externaltools.gnu-tools-for-stm32.12.3.rel1.win32_1.0.200.202406191623/tools/bin/../lib/gcc/arm-none-eabi/12.3.1/../../../../arm-none-eabi/lib/thumb/v7e-m+fp/hard\libc_nano.a(libc_a-stdio.o)
                0x08010bf2                __swrite
 .text.__sseek  0x08010c2a       0x24 C:/ST/STM32CubeIDE_1.16.1/STM32CubeIDE/plugins/com.st.stm32cube.ide.mcu.externaltools.gnu-tools-for-stm32.12.3.rel1.win32_1.0.200.202406191623/tools/bin/../lib/gcc/arm-none-eabi/12.3.1/../../../../arm-none-eabi/lib/thumb/v7e-m+fp/hard\libc_nano.a(libc_a-stdio.o)
                0x08010c2a                __sseek
 .text.__sclose
                0x08010c4e        0x8 C:/ST/STM32CubeIDE_1.16.1/STM32CubeIDE/plugins/com.st.stm32cube.ide.mcu.externaltools.gnu-tools-for-stm32.12.3.rel1.win32_1.0.200.202406191623/tools/bin/../lib/gcc/arm-none-eabi/12.3.1/../../../../arm-none-eabi/lib/thumb/v7e-m+fp/hard\libc_nano.a(libc_a-stdio.o)
                0x08010c4e                __sclose
 .text.memset   0x08010c56       0x10 C:/ST/STM32CubeIDE_1.16.1/STM32CubeIDE/plugins/com.st.stm32cube.ide.mcu.externaltools.gnu-tools-for-stm32.12.3.rel1.win32_1.0.200.202406191623/tools/bin/../lib/gcc/arm-none-eabi/12.3.1/../../../../arm-none-eabi/lib/thumb/v7e-m+fp/hard\libc_nano.a(libc_a-memset.o)
                0x08010c56                memset
 *fill*         0x08010c66        0x2 
 .text._localeconv_r
                0x08010c68        0x8 C:/ST/STM32CubeIDE_1.16.1/STM32CubeIDE/plugins/com.st.stm32cube.ide.mcu.externaltools.gnu-tools-for-stm32.12.3.rel1.win32_1.0.200.202406191623/tools/bin/../lib/gcc/arm-none-eabi/12.3.1/../../../../arm-none-eabi/lib/thumb/v7e-m+fp/hard\libc_nano.a(libc_a-localeconv.o)
                0x08010c68                _localeconv_r
 .text._close_r
                0x08010c70       0x20 C:/ST/STM32CubeIDE_1.16.1/STM32CubeIDE/plugins/com.st.stm32cube.ide.mcu.externaltools.gnu-tools-for-stm32.12.3.rel1.win32_1.0.200.202406191623/tools/bin/../lib/gcc/arm-none-eabi/12.3.1/../../../../arm-none-eabi/lib/thumb/v7e-m+fp/hard\libc_nano.a(libc_a-closer.o)
                0x08010c70                _close_r
 .text._lseek_r
                0x08010c90       0x24 C:/ST/STM32CubeIDE_1.16.1/STM32CubeIDE/plugins/com.st.stm32cube.ide.mcu.externaltools.gnu-tools-for-stm32.12.3.rel1.win32_1.0.200.202406191623/tools/bin/../lib/gcc/arm-none-eabi/12.3.1/../../../../arm-none-eabi/lib/thumb/v7e-m+fp/hard\libc_nano.a(libc_a-lseekr.o)
                0x08010c90                _lseek_r
 .text._read_r  0x08010cb4       0x24 C:/ST/STM32CubeIDE_1.16.1/STM32CubeIDE/plugins/com.st.stm32cube.ide.mcu.externaltools.gnu-tools-for-stm32.12.3.rel1.win32_1.0.200.202406191623/tools/bin/../lib/gcc/arm-none-eabi/12.3.1/../../../../arm-none-eabi/lib/thumb/v7e-m+fp/hard\libc_nano.a(libc_a-readr.o)
                0x08010cb4                _read_r
 .text._write_r
                0x08010cd8       0x24 C:/ST/STM32CubeIDE_1.16.1/STM32CubeIDE/plugins/com.st.stm32cube.ide.mcu.externaltools.gnu-tools-for-stm32.12.3.rel1.win32_1.0.200.202406191623/tools/bin/../lib/gcc/arm-none-eabi/12.3.1/../../../../arm-none-eabi/lib/thumb/v7e-m+fp/hard\libc_nano.a(libc_a-writer.o)
                0x08010cd8                _write_r
 .text.__errno  0x08010cfc        0xc C:/ST/STM32CubeIDE_1.16.1/STM32CubeIDE/plugins/com.st.stm32cube.ide.mcu.externaltools.gnu-tools-for-stm32.12.3.rel1.win32_1.0.200.202406191623/tools/bin/../lib/gcc/arm-none-eabi/12.3.1/../../../../arm-none-eabi/lib/thumb/v7e-m+fp/hard\libc_nano.a(libc_a-errno.o)
                0x08010cfc                __errno
 .text.__libc_init_array
                0x08010d08       0x48 C:/ST/STM32CubeIDE_1.16.1/STM32CubeIDE/plugins/com.st.stm32cube.ide.mcu.externaltools.gnu-tools-for-stm32.12.3.rel1.win32_1.0.200.202406191623/tools/bin/../lib/gcc/arm-none-eabi/12.3.1/../../../../arm-none-eabi/lib/thumb/v7e-m+fp/hard\libc_nano.a(libc_a-init.o)
                0x08010d08                __libc_init_array
 .text.__retarget_lock_init_recursive
                0x08010d50        0x2 C:/ST/STM32CubeIDE_1.16.1/STM32CubeIDE/plugins/com.st.stm32cube.ide.mcu.externaltools.gnu-tools-for-stm32.12.3.rel1.win32_1.0.200.202406191623/tools/bin/../lib/gcc/arm-none-eabi/12.3.1/../../../../arm-none-eabi/lib/thumb/v7e-m+fp/hard\libc_nano.a(libc_a-lock.o)
                0x08010d50                __retarget_lock_init_recursive
 .text.__retarget_lock_acquire_recursive